$# Creating journal file C:\Users\diego\Dropbox\Academic\MEng Space 
$# Systems\2. EUE - Estructuras de Uso Espacial\Patran 
$# files\1.Nastran.Placa.v2\1.EjemploPlaca.v2.db.jou at 29-Mar-21 23:11:02
uil_file_rebuild.start("C:\Program Files\MSC.Software\NaPa_SE\2020\Patran/" // @
"template.db","C:\Users\diego\Dropbox\Academic\MEng Space Systems\2. EUE -" // @
" Estructuras de Uso Espacial\Patran files\1.Nastran.Placa.v2\1.EjemploPla" // @
"ca.v2.db")
$# Synchronizing the User Data Manager
set_current_dir( "C:\Users\diego\Dropbox\Academic\MEng Space Systems\2. EU" // @
"E - Estructuras de Uso Espacial\Patran files\1.Nastran.Placa.v2" )
$# The current working directory has been changed to the database location 
$# shown.                                                                     
$#                                                                            
$#                                   
db_set_pref( 303, 3, 0, FALSE, 0.00030000001, "" )
STRING asm_create_grid_xyz_created_ids[VIRTUAL]
asm_const_grid_xyz( "1", "[-0.25 -0.125 0]", "Coord 0",  @
asm_create_grid_xyz_created_ids )
$# 1 Point created: Point 1
node_size( 9 )
graphics_marker_data( 2, 5, 5, 20 )
uil_toolbar.shaded_smooth(  )
uil_toolbar.hidden_line(  )
uil_toolbar.wireframe(  )
mpc_marker( FALSE )
uil_toolbar.labels_on(  )
mpc_marker( TRUE )
STRING asm_create_grid_xyz_created_ids[VIRTUAL]
asm_const_grid_xyz( "2", "[0.25 -0.125 0]", "Coord 0",  @
asm_create_grid_xyz_created_ids )
$# 1 Point created: Point 2
asm_const_grid_xyz( "3", "[0.25 0.125 0]", "Coord 0",  @
asm_create_grid_xyz_created_ids )
$# 1 Point created: Point 3
asm_const_grid_xyz( "4", "[-0.25 0.125 0]", "Coord 0",  @
asm_create_grid_xyz_created_ids )
$# 1 Point created: Point 4
uil_toolbar.labels_off(  )
uil_viewport_tiling.tile(  )
ga_viewport_size_set( "default_viewport", 10.080770, 3.643270, 1 )
STRING asm_line_2point_created_ids[VIRTUAL]
asm_const_line_2point( "1", "Point 2", "Point 3", 0, "", 50., 1,  @
asm_line_2point_created_ids )
$# 1 Line created: Line 1
uil_toolbar.labels_on(  )
asm_const_line_2point( "2", "Point 3", "Point 4", 0, "", 50., 1,  @
asm_line_2point_created_ids )
$# 1 Line created: Line 2
asm_const_line_2point( "3", "Point 4", "Point 1", 0, "", 50., 1,  @
asm_line_2point_created_ids )
$# 1 Line created: Line 3
asm_const_line_2point( "4", "Point 1", "Point 2", 0, "", 50., 1,  @
asm_line_2point_created_ids )
$# 1 Line created: Line 4
uil_primary_file.db_save(  )
$# UNDO: Create Point XYZ command
STRING asm_create_grid_xyz_created_ids[VIRTUAL]
asm_const_grid_xyz( "5", "[-0.2 -0.075 0]", "Coord 0",  @
asm_create_grid_xyz_created_ids )
$# 1 Point created: Point 5
asm_const_grid_xyz( "6", "[0.2 -0.075 0]", "Coord 0",  @
asm_create_grid_xyz_created_ids )
$# 1 Point created: Point 6
STRING sgm_transform_point_created_ids[VIRTUAL]
asm_transform_grid_translate_1( "7", "<0 0.15 0>", 0.15000001, FALSE,  @
"Coord 0", 1, FALSE, FALSE, "Point 5 6", sgm_transform_point_created_ids )
$# 2 Points created: Grid 7,8
uil_primary_file.db_save(  )
STRING sgm_create_curve_2d_created_ids[VIRTUAL]
sgm_const_curve_2d_circle_v2( "5", 1, 0.02, "Coord 0.3", "", "Point 6", FALSE, @
 sgm_create_curve_2d_created_ids )
$# 1 Curve Created: Curve 5
sgm_const_curve_2d_circle_v2( "6", 1, 0.02, "Coord 0.3", "", "Point 8", FALSE, @
 sgm_create_curve_2d_created_ids )
$# 1 Curve Created: Curve 6
sgm_const_curve_2d_circle_v2( "7", 1, 0.02, "Coord 0.3", "", "Point 7", FALSE, @
 sgm_create_curve_2d_created_ids )
$# 1 Curve Created: Curve 7
sgm_const_curve_2d_circle_v2( "8", 1, 0.02, "Coord 0.3", "", "Point 5", FALSE, @
 sgm_create_curve_2d_created_ids )
$# 1 Curve Created: Curve 8
sgm_const_curve_2d_circle_v2( "9", 1, 0.029999999, "Coord 0.3", "", "Point 6", @
 FALSE, sgm_create_curve_2d_created_ids )
$# 1 Curve Created: Curve 9
sgm_const_curve_2d_circle_v2( "10", 1, 0.029999999, "Coord 0.3", "", "Point 8" @
, FALSE, sgm_create_curve_2d_created_ids )
$# 1 Curve Created: Curve 10
sgm_const_curve_2d_circle_v2( "11", 1, 0.029999999, "Coord 0.3", "", "Point 7" @
, FALSE, sgm_create_curve_2d_created_ids )
$# 1 Curve Created: Curve 11
sgm_const_curve_2d_circle_v2( "12", 1, 0.029999999, "Coord 0.3", "", "Point 5" @
, FALSE, sgm_create_curve_2d_created_ids )
$# 1 Curve Created: Curve 12
uil_primary_file.db_save(  )
pointelem_marker( FALSE )
pointelem_marker( TRUE )
STRING sgm_surface_trimmed__created_id[VIRTUAL]
sgm_create_surface_trimmed_v1( "1", "Curve 1:4", "Curve 5:8", "", FALSE,  @
FALSE, TRUE, TRUE, sgm_surface_trimmed__created_id )
$# 1 Surface Created: Surface 1
uil_toolbar.shaded_smooth(  )
uil_primary_file.db_save(  )
uil_primary_file.db_save(  )
STRING sgm_surface_break_c_created_ids[VIRTUAL]
sgm_edit_surface_break_v1( "2", "Surface 1", TRUE, 3, 0, 0., "", "",  @
"Curve 11", sgm_surface_break_c_created_ids )
$# Question from application SGM
$#     Do you wish to delete the original surfaces?
$? YES 38000219 
$# 1 Surface Created: Surface 2
sgm_edit_surface_break_v1( "4", "Surface 2", TRUE, 3, 0, 0., "", "",  @
"Curve 10 9 12", sgm_surface_break_c_created_ids )
$# Question from application SGM
$#     Do you wish to delete the original surfaces?
$? YES 38000219 
$# 1 Surface Created: Surface 8
uil_primary_file.db_save(  )
gm_visibility_widget( "Surface 8", FALSE )
gm_plot_erase_all( 1 )
gm_visibility_widget( "Surface 8", FALSE )
ga_view_center_set( -0.006965, -0.004140 )
ga_view_zoom_set( 0.185625 )
ga_view_center_set( 0.000155, -0.000464 )
ga_view_zoom_set( 0.165000 )
ga_view_center_set( 0.006484, 0.002803 )
ga_view_zoom_set( 0.146667 )
gm_plot_erase_all( 1 )
uil_primary_file.db_save(  )
ga_view_aa_set( -63.527527, -16.690296, 44.548027 )
ga_view_aa_set( -124.011665, -1.152037, -3.643144 )
ga_view_aa_set( -76.448387, -6.706575, 5.019169 )
ga_view_aa_set( -58.615822, -7.835011, -3.255812 )
ga_view_aa_set( 0., 0., 0. )
sgm_verify_surface_boundary( "Surface 3:7:2 8 9", 0.00030000001, 1 )
$# Warning reported from application SGM
$#     Free edges and/or non-manifold edges exist. Free edges may be due to 
$# edges not matching directly or a missing face.  Non-manifold edges are due 
$# to more than two surfaces connecting at the same edges. Edges are 
$# highlighted and marked with primary markers for free edges and secondary 
$# markers for non-manifold edges.
sgm_incongruent_geom_display(  )
gm_visibility_all( FALSE )
sgm_incongruent_geom_display(  )
ga_view_aa_set( -38.526554, -20.834120, -5.946566 )
ga_view_center_set( -0.002201, -0.005607 )
ga_view_zoom_set( 0.146667 )
ga_view_center_set( -0.004158, -0.010590 )
ga_view_zoom_set( 0.130370 )
ga_view_center_set( -0.002201, -0.005607 )
ga_view_zoom_set( 0.146667 )
ga_view_center_set( -0.000000, -0.000000 )
ga_view_zoom_set( 0.165000 )
gm_visibility_widget( " Point 1:16 Curve 1:12 Surface 3 5 7:9", TRUE )
ga_view_aa_set( 9.899661, 1.772630, -2.312819 )
sgm_incongruent_geom_seg_exit(  )
ga_view_aa_set( -51.715473, 15.515093, 8.698006 )
gm_visibility_all( FALSE )
sgm_incongruent_geom_display(  )
gm_visibility_all( FALSE )
sgm_incongruent_geom_display(  )
gm_visibility_widget( " Point 1:16 Curve 1:12 Surface 3 5 7:9", TRUE )
ga_view_aa_set( -2.261906, -1.606123, -14.190659 )
gm_visibility_all( FALSE )
sgm_incongruent_geom_display(  )
ga_view_aa_set( -10.341729, 2.019902, -11.995320 )
display_cleanup(  )
ga_view_aa_set( 0., 0., 0. )
uil_toolbar.shaded_smooth(  )
ga_view_center_set( 0.007780, -0.013812 )
ga_view_zoom_set( 0.270429 )
ga_view_center_set( 0.015898, -0.029223 )
ga_view_zoom_set( 0.304233 )
ga_view_center_set( 0.025030, -0.046561 )
ga_view_zoom_set( 0.342262 )
ga_view_center_set( 0.015898, -0.029223 )
ga_view_zoom_set( 0.304233 )
ga_view_center_set( 0.007780, -0.013812 )
ga_view_zoom_set( 0.270429 )
ga_view_center_set( 0.000564, -0.000113 )
ga_view_zoom_set( 0.240382 )
ga_view_center_set( -0.005850, 0.012064 )
ga_view_zoom_set( 0.213673 )
ga_view_center_set( -0.011552, 0.022888 )
ga_view_zoom_set( 0.189931 )
uil_toolbar.shaded_smooth(  )
uil_toolbar.shaded_smooth(  )
uil_toolbar.hidden_line(  )
uil_toolbar.wireframe(  )
ga_viewport_location_set( "default_viewport", 4.498647, 1.913509, 1 )
ga_viewport_location_set( "default_viewport", 1.736097, 1.317913, 1 )
ga_viewport_location_set( "default_viewport", -0.652621, 1.197527, 1 )
ga_viewport_location_set( "default_viewport", 0.000000, 0.000000, 1 )
STRING sgm_edit_point_equiva_point_ids[VIRTUAL]
sgm_edit_point_equivalence( "Point 1:4 9:16 Surface 3.1.2 3.2.1 3.2.2 3.1." // @
"1 5.1.1 5.1.2 5.2.1 5.2.2 7.1.2 7.2.1 7.2.2 7.1.1 8.1.1 8.1.2 8.2.1 8.2.2" // @
" 8.3.1 8.3.2 8.4.1 8.4.2 8.5.1 8.5.2 9.2.2 9.2.1",  @
sgm_edit_point_equiva_point_ids )
$# No Points Edited.
$# No Points Deleted.
ga_view_center_set( -0.037196, 0.017428 )
ga_view_zoom_set( 0.213673 )
ga_view_center_set( -0.066045, 0.011286 )
ga_view_zoom_set( 0.240382 )
ga_view_center_set( -0.098501, 0.004376 )
ga_view_zoom_set( 0.270429 )
ga_view_center_set( -0.135132, -0.003397 )
ga_view_zoom_set( 0.304233 )
ga_view_center_set( -0.098030, 0.005672 )
ga_view_zoom_set( 0.270429 )
ga_view_center_set( -0.065051, 0.013734 )
ga_view_zoom_set( 0.240382 )
ga_view_center_set( -0.012284, 0.026632 )
ga_view_zoom_set( 0.192305 )
ga_view_center_set( 0.011168, 0.032365 )
ga_view_zoom_set( 0.170938 )
ga_view_center_set( 0.032014, 0.037460 )
ga_view_zoom_set( 0.151945 )
ga_view_center_set( 0.050544, 0.041990 )
ga_view_zoom_set( 0.135062 )
ga_view_center_set( 0.067015, 0.046016 )
ga_view_zoom_set( 0.120055 )
ga_view_center_set( 0.081656, 0.049595 )
ga_view_zoom_set( 0.106716 )
ga_view_center_set( 0.094670, 0.052776 )
ga_view_zoom_set( 0.094859 )
ga_view_center_set( 0.115492, 0.057866 )
ga_view_zoom_set( 0.075887 )
ga_view_center_set( 0.124747, 0.060129 )
ga_view_zoom_set( 0.067455 )
ga_view_center_set( 0.132973, 0.062139 )
ga_view_zoom_set( 0.059960 )
ga_view_center_set( 0.140309, 0.063811 )
ga_view_zoom_set( 0.053298 )
ga_view_center_set( 0.146829, 0.065276 )
ga_view_zoom_set( 0.047376 )
ga_view_center_set( 0.157262, 0.067620 )
ga_view_zoom_set( 0.037901 )
ga_view_center_set( 0.161898, 0.068662 )
ga_view_zoom_set( 0.033689 )
ga_view_center_set( 0.157232, 0.068632 )
ga_view_zoom_set( 0.037901 )
ga_view_center_set( 0.152032, 0.068665 )
ga_view_zoom_set( 0.042638 )
ga_view_center_set( 0.146238, 0.068758 )
ga_view_zoom_set( 0.047968 )
ga_view_center_set( 0.133327, 0.069134 )
ga_view_zoom_set( 0.059960 )
ga_view_center_set( 0.125258, 0.069369 )
ga_view_zoom_set( 0.067455 )
ga_view_center_set( 0.118647, 0.070427 )
ga_view_zoom_set( 0.075887 )
ga_view_center_set( 0.111508, 0.071617 )
ga_view_zoom_set( 0.085373 )
ga_view_center_set( 0.103700, 0.072955 )
ga_view_zoom_set( 0.096044 )
ga_view_center_set( 0.095124, 0.074419 )
ga_view_zoom_set( 0.108050 )
ga_view_center_set( 0.089948, 0.077290 )
ga_view_zoom_set( 0.121556 )
ga_view_center_set( 0.084177, 0.080520 )
ga_view_zoom_set( 0.136751 )
ga_view_center_set( 0.077685, 0.084153 )
ga_view_zoom_set( 0.153844 )
ga_view_center_set( 0.019224, -0.008154 )
uil_primary_file.db_save(  )
material.create( "Analysis code ID", 1, "Analysis type ID", 1, "Al7075", 0,  @
"Date: 29-Mar-21           Time: 23:31:37", "Isotropic", 1, "Directionality",  @
1, "Linearity", 1, "Homogeneous", 0, "Linear Elastic", 1,  @
"Model Options & IDs", ["", "", "", "", ""], [0, 0, 0, 0, 0], "Active Flag",  @
1, "Create", 10, "External Flag", FALSE, "Property IDs", ["Elastic Modulus",  @
"Poisson Ratio", "Density"], [2, 5, 16, 0], "Property Values", ["71E9", "0.33" @
, "2800", ""] )
beam_section_create( "Seccion_rect_2x15mm", "BAR", ["0.002", "0.015"] )
$# Beam Section "Seccion_rect_2x15mm" created.
$# UNDO: Beam Section Create
$# UNDO: Beam Section Create
$# Acknowledgement requested from application ELEM_PROPS
$#     Property "Area" is required.  Please enter data for it.
$? NO 20039 
elementprops_create( "1D_Al7075_beam", 11, 2, 42, 1, 1, 20, [39, 13, 6, 4042,  @
4043, 2047, 2048, 1, 10, 11, 4026, 1026, 4044, 4045, 4037, 4047, 4048, 4050,  @
4051, 4053, 4054, 4056, 4057, 8112, 4061, 4303, 8111, 4403, 4404, 4410, 4411,  @
8200, 8201, 8202], [11, 5, 2, 2, 2, 4, 4, 1, 1, 1, 1, 1, 1, 1, 1, 1, 1, 1, 1,  @
1, 1, 1, 1, 1, 6, 4, 4, 1, 1, 1, 6, 4, 4, 4], ["Seccion_rect_2x15mm",  @
"m:Al7075", "<0 0 1>", "< 0 0 -0.008 >", "< 0 0 -0.008 >", "", "", "", "", "", @
 "", "", "", "", "", "", "", "", "", "", "", "", "", "", "", "", "", "", "",  @
"", "", "Analysis", "Analysis", "Analysis"], "" )
$# Property Set "1D_Al7075_beam" created.
elementprops_create( "2D_Al7075_plate_1mm", 51, 25, 35, 1, 1, 20, [13, 20, 36, @
 4037, 4111, 4118, 4119, 8111, 4401, 4402, 4403, 4404, 4405, 4406, 4407, 4408, @
 4409], [5, 9, 1, 1, 1, 1, 1, 4, 4, 1, 1, 1, 1, 1, 1, 4, 4], ["m:Al7075", "",  @
"0.001", "", "", "", "", "", "", "", "", "", "", "", "", "", ""], "" )
$# Property Set "2D_Al7075_plate_1mm" created.
uil_primary_file.db_save(  )
