$# Creating journal file C:\Users\diego\Dropbox\Academic\MEng Space 
$# Systems\2. EUE\FEA\5.Sat Design\Satellite.db.jou at 06-Apr-21 12:08:48
uil_file_rebuild.start("C:\Program Files\MSC.Software\NaPa_SE\2020\Patran/" // @
"template.db","C:\Users\diego\Dropbox\Academic\MEng Space Systems\2. EUE\F" // @
"EA\5.Sat Design\Satellite.db")
$# Synchronizing the User Data Manager
set_current_dir( "C:\Users\diego\Dropbox\Academic\MEng Space Systems\2. EU" // @
"E\FEA\5.Sat Design" )
$# The current working directory has been changed to the database location 
$# shown.                                                                     
$#                                                                            
$#                                   
db_set_pref( 303, 3, 0, FALSE, 4.9999999E-06, "" )
uil_primary_file.db_save(  )
sys_poll_option( 2 )
ga_group_create( "Bandeja_A" )
ga_group_current_set( "Bandeja_A" )
$# Group "Bandeja_A" created.
sys_poll_option( 0 )
point_size( 9 )
node_size( 9 )
$# UNDO: Create Point XYZ command
STRING asm_create_grid_xyz_created_ids[VIRTUAL]
asm_const_grid_xyz( "1", "[-0.223 -0.223  0]", "Coord 0",  @
asm_create_grid_xyz_created_ids )
$# 1 Point created: Point 1
STRING sgm_transform_point_created_ids[VIRTUAL]
asm_transform_grid_translate_1( "2", "<0.079 0 0>", 0.079000004, FALSE,  @
"Coord 0", 1, FALSE, FALSE, "Point 1", sgm_transform_point_created_ids )
$# 1 Point created: Grid 2
asm_transform_grid_translate_1( "3", "<0.072 0 0>", 0.071999997, FALSE,  @
"Coord 0", 1, FALSE, FALSE, "Point 2", sgm_transform_point_created_ids )
$# 1 Point created: Grid 3
asm_transform_grid_translate_1( "4", "<0 0.079 0>", 0.079000004, FALSE,  @
"Coord 0", 1, FALSE, FALSE, "Point 1:3", sgm_transform_point_created_ids )
$# 3 Points created: Grid 4:6
uil_primary_file.db_save(  )
ga_view_center_set( -0.006203, 0.001975 )
ga_view_zoom_set( 0.053325 )
ga_view_center_set( -0.013181, 0.004197 )
ga_view_zoom_set( 0.059991 )
ga_view_center_set( -0.021032, 0.006696 )
ga_view_zoom_set( 0.067489 )
ga_view_center_set( -0.029946, 0.009672 )
ga_view_zoom_set( 0.075926 )
ga_view_center_set( -0.039974, 0.013020 )
ga_view_zoom_set( 0.085416 )
ga_view_center_set( -0.051256, 0.016787 )
ga_view_zoom_set( 0.096093 )
ga_view_center_set( -0.063948, 0.021024 )
ga_view_zoom_set( 0.108105 )
ga_view_center_set( -0.092505, 0.030557 )
ga_view_zoom_set( 0.135131 )
ga_view_center_set( -0.076640, 0.025261 )
ga_view_zoom_set( 0.120117 )
ga_view_center_set( -0.062538, 0.020553 )
ga_view_zoom_set( 0.106770 )
ga_view_center_set( -0.039974, 0.013020 )
ga_view_zoom_set( 0.085416 )
ga_view_center_set( -0.029670, 0.009488 )
ga_view_zoom_set( 0.075926 )
ga_view_center_set( -0.020510, 0.006348 )
ga_view_zoom_set( 0.067489 )
ga_view_center_set( -0.005855, 0.001325 )
ga_view_zoom_set( 0.053992 )
asm_transform_grid_translate_1( "7", "<0 0.072 0>", 0.071999997, FALSE,  @
"Coord 0", 1, FALSE, FALSE, "Point 4:6", sgm_transform_point_created_ids )
$# 3 Points created: Grid 7:9
STRING asm_line_2point_created_ids[VIRTUAL]
asm_const_line_2point( "1", "Point 1", "Point 2", 0, "", 50., 1,  @
asm_line_2point_created_ids )
$# 1 Line created: Line 1
asm_const_line_2point( "2", "Point 2", "Point 3", 0, "", 50., 1,  @
asm_line_2point_created_ids )
$# 1 Line created: Line 2
asm_const_line_2point( "3", "Point 4", "Point 5", 0, "", 50., 1,  @
asm_line_2point_created_ids )
$# 1 Line created: Line 3
asm_const_line_2point( "4", "Point 5", "Point 6", 0, "", 50., 1,  @
asm_line_2point_created_ids )
$# 1 Line created: Line 4
asm_const_line_2point( "5", "Point 7", "Point 8", 0, "", 50., 1,  @
asm_line_2point_created_ids )
$# 1 Line created: Line 5
asm_const_line_2point( "6", "Point 8", "Point 9", 0, "", 50., 1,  @
asm_line_2point_created_ids )
$# 1 Line created: Line 6
asm_const_line_2point( "7", "Point 1", "Point 4", 0, "", 50., 1,  @
asm_line_2point_created_ids )
$# 1 Line created: Line 7
asm_const_line_2point( "8", "Point 4", "Point 7", 0, "", 50., 1,  @
asm_line_2point_created_ids )
$# 1 Line created: Line 8
asm_const_line_2point( "9", "Point 2", "Point 5", 0, "", 50., 1,  @
asm_line_2point_created_ids )
$# 1 Line created: Line 9
asm_const_line_2point( "10", "Point 5", "Point 8", 0, "", 50., 1,  @
asm_line_2point_created_ids )
$# 1 Line created: Line 10
asm_const_line_2point( "11", "Point 3", "Point 6", 0, "", 50., 1,  @
asm_line_2point_created_ids )
$# 1 Line created: Line 11
asm_const_line_2point( "12", "Point 6", "Point 9", 0, "", 50., 1,  @
asm_line_2point_created_ids )
$# 1 Line created: Line 12
uil_primary_file.db_save(  )
STRING sgm_surface_4edge_created_ids[VIRTUAL]
sgm_const_surface_4edge( "1", "Curve 1", "Curve 9", "Curve 3", "Curve 7",  @
sgm_surface_4edge_created_ids )
$# 1 Surface Created: Surface 1
uil_toolbar.shaded_smooth(  )
uil_primary_file.db_save(  )
sgm_const_surface_4edge( "2", "Curve 2", "Curve 11", "Curve 4", "Curve 9",  @
sgm_surface_4edge_created_ids )
$# 1 Surface Created: Surface 2
sgm_const_surface_4edge( "3", "Curve 4", "Curve 12", "Curve 6", "Curve 10",  @
sgm_surface_4edge_created_ids )
$# 1 Surface Created: Surface 3
$# UNDO: Create Surface 4Edge for Curve 3Curve 10Curve 5Curve 8
$# UNDO:
ga_view_aa_set( -3.954738, -0.805891, 6.171277 )
ga_view_aa_set( -60.646244, -33.096786, -17.399717 )
ga_view_aa_set( -77.235901, -13.162465, 1.548834 )
ga_view_aa_set( -87.459358, -9.242654, -6.541239 )
STRING sgm_edit_surface_r_reversed_ids[VIRTUAL]
sgm_edit_surface_reverse( TRUE, "Surface 1:4", sgm_edit_surface_r_reversed_ids )
$# 4 Surfaces Reversed: Surfaces 1:4
ga_view_center_set( -0.005264, 0.001551 )
ga_view_zoom_set( 0.057524 )
ga_view_center_set( 0.000290, -0.000166 )
ga_view_zoom_set( 0.051132 )
uil_primary_file.db_save(  )
ga_view_aa_set( -70.377159, -7.341221, -0.854628 )
ga_view_center_set( -0.000647, -0.002095 )
ga_view_zoom_set( 0.045520 )
db_set_pref( 402, 4, 0, TRUE, -999999., "SHADED" )
uil_primary_file.db_save(  )
ga_view_aa_set( -36.242664, -11.513732, -6.398554 )
ga_view_center_set( -0.003289, -0.000198 )
ga_view_zoom_set( 0.051210 )
ga_view_center_set( -0.006262, 0.001935 )
ga_view_zoom_set( 0.057612 )
ga_view_center_set( -0.009676, 0.004359 )
ga_view_zoom_set( 0.064813 )
ga_view_center_set( -0.013333, 0.007689 )
ga_view_zoom_set( 0.072915 )
ga_view_center_set( -0.017448, 0.011435 )
ga_view_zoom_set( 0.082029 )
ga_view_center_set( -0.022077, 0.015649 )
ga_view_zoom_set( 0.092283 )
ga_view_aa_set( -14.679080, 5.827468, 1.141466 )
ga_view_center_set( -0.026762, 0.022966 )
ga_view_zoom_set( 0.103818 )
ga_view_center_set( -0.031949, 0.031156 )
ga_view_zoom_set( 0.116795 )
ga_view_center_set( -0.036178, 0.039755 )
ga_view_zoom_set( 0.131395 )
ga_view_center_set( -0.040935, 0.049216 )
ga_view_zoom_set( 0.147819 )
ga_view_center_set( -0.006936, 0.006348 )
ga_view_center_set( -0.025922, 0.007604 )
ga_view_zoom_set( 0.166296 )
ga_view_center_set( -0.047146, 0.009286 )
ga_view_zoom_set( 0.187083 )
ga_view_center_set( -0.026729, 0.006931 )
ga_view_zoom_set( 0.166296 )
ga_view_center_set( -0.008701, 0.004599 )
ga_view_zoom_set( 0.147819 )
ga_view_center_set( 0.007325, 0.002526 )
ga_view_zoom_set( 0.131395 )
ga_view_center_set( 0.021570, 0.000637 )
ga_view_zoom_set( 0.116795 )
ga_view_aa_set( 0., 0., 0. )
ga_view_center_set( 0.024145, 0.001865 )
ga_view_zoom_set( 0.131395 )
ga_view_center_set( 0.021145, 0.000259 )
ga_view_zoom_set( 0.116795 )
ga_view_center_set( 0.018478, -0.001169 )
ga_view_zoom_set( 0.103818 )
ga_view_center_set( 0.016070, -0.002476 )
ga_view_zoom_set( 0.092283 )
ga_view_center_set( 0.013897, -0.003803 )
ga_view_zoom_set( 0.082029 )
sgm_incongruent_geom_seg_exit(  )
ga_view_center_set( 0.023901, -0.009046 )
ga_view_zoom_set( 0.092283 )
ga_view_center_set( 0.033253, -0.013937 )
ga_view_zoom_set( 0.103818 )
STRING sgm_edit_point_equiva_point_ids[VIRTUAL]
sgm_edit_point_equivalence( "Point 1:9 Curve 1.2 1.1 2.2 2.1 3.2 3.1 4.1 4" // @
".2 5.2 5.1 6.2 6.1 7.2 7.1 8.2 8.1 9.1 9.2 10.2 10.1 11.2 11.1 12.2 12.1",  @
sgm_edit_point_equiva_point_ids )
$# No Points Edited.
$# No Points Deleted.
uil_primary_file.db_save(  )
STRING sgm_transform_surf__created_ids[VIRTUAL]
sgm_transform_translate_v1( "5", "surface", "<0.072 0 0>", 0.071999997, FALSE, @
 "Coord 0", 3, FALSE, "Surface 2 3", sgm_transform_surf__created_ids )
$# 6 Surfaces Created: Surfaces 5:10
ga_view_center_set( -0.001097, 0.002963 )
ga_view_zoom_set( 0.107021 )
ga_view_center_set( -0.002331, 0.006297 )
ga_view_zoom_set( 0.120399 )
ga_viewport_location_set( "default_viewport", 1.622047, 2.014887, 1 )
ga_viewport_location_set( "default_viewport", 0.000000, 0.000000, 1 )
ga_view_center_set( -0.022274, 0.010221 )
ga_view_zoom_set( 0.135449 )
sgm_transform_translate_v1( "11", "surface", "<0 0.072 0>", 0.071999997,  @
FALSE, "Coord 0", 3, FALSE, "Surface 3 4:10:2",  @
sgm_transform_surf__created_ids )
$# 15 Surfaces Created: Surfaces 11:25
sgm_transform_translate_v1( "26", "surface",  @
"Construct 2PointVector(Evaluate Geometry(Point 1))(Evaluate Geometry(Poin" // @
"t 33))", 0.36700001, FALSE, "Coord 0", 1, FALSE, "Surface 1 2 5:9:2",  @
sgm_transform_surf__created_ids )
$# 5 Surfaces Created: Surfaces 26:30
$# UNDO: Transform Surface Translate for Surface 1 4
$# UNDO: Transform Surface Translate for Surface 1 4 12:22:5 26
sgm_transform_translate_v1( "31", "surface",  @
"Construct 2PointVector(Evaluate Geometry(Point 1))(Evaluate Geometry(Poin" // @
"t 17))", 0.36700001, FALSE, "Coord 0", 1, FALSE, "Surface 1 4 12:22:5 26",  @
sgm_transform_surf__created_ids )
$# 6 Surfaces Created: Surfaces 31:36
ga_view_center_set( -0.029657, -0.005117 )
ga_view_zoom_set( 0.306383 )
ga_view_center_set( -0.000209, -0.000522 )
ga_view_zoom_set( 0.272340 )
uil_primary_file.db_save(  )
$# Appending to existing journal file C:\Users\diego\Dropbox\Academic\MEng 
$# Space Systems\2. EUE\FEA\5.Sat Design\Satellite.db.jou at 06-Apr-21 13:42:58
$# Synchronizing the User Data Manager
set_current_dir( "C:\Users\diego\Dropbox\Academic\MEng Space Systems\2. EU" // @
"E\FEA\5.Sat Design" )
$# The current working directory has been changed to the database location 
$# shown.                                                                     
$#                                                                            
$#                                   
ui_exec_function( "mesh_seed_display_mgr", "init" )
mesh_seed_create( "Curve 49:60", 2, 0, 0., 0.039999999, 0. )
ga_view_aa_set( -85.387749, 43.937168, -96.418533 )
ga_view_aa_set( -9.417836, -21.864660, -119.017151 )
ga_view_aa_set( -118.911758, -2.419366, 140.965652 )
ga_view_aa_set( -84.264481, 7.835110, -127.403511 )
ga_view_aa_set( -111.555473, 35.617207, 7.203227 )
ga_view_aa_set( -55.089977, 17.117918, -48.912445 )
ga_view_aa_set( -149.090256, -4.723956, 28.799366 )
ga_view_aa_set( -64.074944, 4.572421, -20.079649 )
ga_view_aa_set( -70.693382, 2.853383, -10.090848 )
ga_view_aa_set( -23.601065, -0.029309, -20.535929 )
mesh_seed_display_mgr.erase(  )
beam_section_create( "Section_L", "L", ["0.03", "0.03", "0.0052", "0.0052"] )
$# Beam Section "Section_L" created.
beam_section_create( "Section_L", "L", ["0.029999999", "0.029999999", "0.0052" @
, "0.0052"] )
$# Critical Decision requested from application ELEM_PROPS
$#     Beam Section "Section_L" already exists. Do you wish to overwrite?
$? YES 29002040 
$# Beam Section "Section_L" created.
$# UNDO: Beam Section Create
$# Warning reported from application ELEM_PROPS
$#     The section selected is not a good candidate for CBARs because the 
$# shear center and centroid are not coincident.
$#  There is no Nastran equivalent section in its beam section library. 
$# Therefore the properties are written as PBAR and not PBARL entries.
$#  Consider using the General Section (CBEAM) property instead, which uses 
$# CBEAM/PBEAML instead.
elementprops_create( "1D_Al7075_Lbar_xn_yn", 11, 2, 42, 1, 1, 20, [39, 13, 6,  @
4042, 4043, 2047, 2048, 1, 10, 11, 4026, 1026, 4044, 4045, 4037, 4047, 4048,  @
4050, 4051, 4053, 4054, 4056, 4057, 8112, 4061, 4303, 8111, 4403, 4404, 4410,  @
4411, 8200, 8201, 8202], [11, 5, 2, 2, 2, 4, 4, 1, 1, 1, 1, 1, 1, 1, 1, 1, 1,  @
1, 1, 1, 1, 1, 1, 1, 6, 4, 4, 1, 1, 1, 6, 4, 4, 4], ["Section_L", "m:Al7075",  @
"<1 0 0>", "", "", "", "", "", "", "", "", "", "", "", "", "", "", "", "", "", @
 "", "", "", "", "", "", "", "", "", "", "", "Analysis", "Analysis",  @
"Analysis"], "" )
$# Property Set "1D_Al7075_Lbar_xn_yn" created.
elementprops_create( "1D_Al7075_Lbar_xn_yp", 11, 2, 42, 1, 1, 20, [39, 13, 6,  @
4042, 4043, 2047, 2048, 1, 10, 11, 4026, 1026, 4044, 4045, 4037, 4047, 4048,  @
4050, 4051, 4053, 4054, 4056, 4057, 8112, 4061, 4303, 8111, 4403, 4404, 4410,  @
4411, 8200, 8201, 8202], [11, 5, 2, 2, 2, 4, 4, 1, 1, 1, 1, 1, 1, 1, 1, 1, 1,  @
1, 1, 1, 1, 1, 1, 1, 6, 4, 4, 1, 1, 1, 6, 4, 4, 4], ["Section_L", "m:Al7075",  @
"<0 -1 0>", "", "", "", "", "", "", "", "", "", "", "", "", "", "", "", "", "" @
, "", "", "", "", "", "", "", "", "", "", "", "Analysis", "Analysis",  @
"Analysis"], "" )
$# Property Set "1D_Al7075_Lbar_xn_yp" created.
elementprops_create( "1D_Al7075_Lbar_xp_yn", 11, 2, 42, 1, 1, 20, [39, 13, 6,  @
4042, 4043, 2047, 2048, 1, 10, 11, 4026, 1026, 4044, 4045, 4037, 4047, 4048,  @
4050, 4051, 4053, 4054, 4056, 4057, 8112, 4061, 4303, 8111, 4403, 4404, 4410,  @
4411, 8200, 8201, 8202], [12, 5, 2, 2, 2, 4, 4, 1, 1, 1, 1, 1, 1, 1, 1, 1, 1,  @
1, 1, 1, 1, 1, 1, 1, 6, 4, 4, 1, 1, 1, 6, 4, 4, 4], ["Section_L", "m:Al7075",  @
"<0 1 0>", "", "", "", "", "", "", "", "", "", "", "", "", "", "", "", "", "", @
 "", "", "", "", "", "", "", "", "", "", "", "Analysis", "Analysis",  @
"Analysis"], "" )
$# Property Set "1D_Al7075_Lbar_xp_yn" created.
elementprops_create( "1D_Al7075_Lbar_xp_yp", 11, 2, 42, 1, 1, 20, [39, 13, 6,  @
4042, 4043, 2047, 2048, 1, 10, 11, 4026, 1026, 4044, 4045, 4037, 4047, 4048,  @
4050, 4051, 4053, 4054, 4056, 4057, 8112, 4061, 4303, 8111, 4403, 4404, 4410,  @
4411, 8200, 8201, 8202], [12, 5, 2, 2, 2, 4, 4, 1, 1, 1, 1, 1, 1, 1, 1, 1, 1,  @
1, 1, 1, 1, 1, 1, 1, 6, 4, 4, 1, 1, 1, 6, 4, 4, 4], ["Section_L", "m:Al7075",  @
"<-1 0 0>", "", "", "", "", "", "", "", "", "", "", "", "", "", "", "", "", "" @
, "", "", "", "", "", "", "", "", "", "", "", "Analysis", "Analysis",  @
"Analysis"], "" )
$# Property Set "1D_Al7075_Lbar_xp_yp" created.
mesh_seed_display_mgr.erase(  )
uil_primary_file.db_save(  )
ga_view_aa_set( -44.510189, 0.765710, -21.590765 )
ga_view_center_set( -0.029187, -0.025500 )
ga_view_zoom_set( 0.484889 )
ga_view_center_set( -0.050827, 0.001249 )
ga_view_zoom_set( 0.545500 )
gm_visibility_widget( " Point 1:200 Curve 1:60 Surface 1:144", FALSE )
gm_visibility_widget( " Node 1000:1624 2000:3877 Element 1000:1911 2000:47" // @
"38 MPC 2001:2003", FALSE )
gm_visibility_widget( " Point 1:200 Curve 1:60 Surface 1:144", TRUE )
node_size( 9 )
mesh_seed_create( "Curve 49:60", 2, 0, 0., 0.039999999, 0. )
ga_view_aa_set( -61.494419, 2.135336, -16.445204 )
$# UNDO: FEM Create Mesh Seed for Curve 49:60
mesh_seed_display_mgr.refresh(  )
mesh_seed_display_mgr.erase(  )
REAL fem_equiv_all_x_equivtol_ab
INTEGER fem_equiv_all_x_segment
fem_equiv_all_group4( [" "], 0, "", 1, 1, 4.9999999E-06, FALSE,  @
fem_equiv_all_x_equivtol_ab, fem_equiv_all_x_segment )
$# Geometric equivalencing completed. 0 nodes deleted.
mesh_seed_display_mgr.plot(  )
ga_view_aa_set( -18.845194, 1.037436, -14.275901 )
INTEGER fem_create_mesh_curve_num_nodes
INTEGER fem_create_mesh_curve_num_elems
STRING fem_create_mesh_c_nodes_created[VIRTUAL]
STRING fem_create_mesh_c_elems_created[VIRTUAL]
fem_create_mesh_curv_1( "Curve 52:54", 16384, 0.02, "Bar2", "10000", "10000",  @
"Coord 0", "Coord 0", fem_create_mesh_curve_num_nodes,  @
fem_create_mesh_curve_num_elems, fem_create_mesh_c_nodes_created,  @
fem_create_mesh_c_elems_created )
$# 6 nodes and 5 elements created for Curve 52.
$# 6 nodes and 5 elements created for Curve 53.
$# 6 nodes and 5 elements created for Curve 54.
$# === 18 nodes created.  IDs  = 10000:10017.
$# === 15 elements created.  IDs  = 10000:10014.
fem_associate_elems_to_ep( "1D_Al7075_Lbar_xn_yn",  @
fem_create_mesh_c_elems_created, fem_create_mesh_curve_num_elems )
$# 15 Element(s) associated to the Element Property 1D_Al7075_Lbar_xn_yn.
sys_poll_option( 2 )
pref_fa_set( [FALSE, FALSE, FALSE, FALSE, FALSE, FALSE, FALSE, FALSE, FALSE,  @
FALSE, FALSE, FALSE, FALSE, FALSE, FALSE, FALSE, FALSE, FALSE, FALSE, FALSE,  @
FALSE, FALSE, FALSE, FALSE, FALSE, FALSE, FALSE, FALSE, FALSE, FALSE, FALSE,  @
FALSE, FALSE, FALSE, FALSE, FALSE, FALSE, FALSE, FALSE, FALSE, FALSE, FALSE,  @
FALSE, FALSE, FALSE, FALSE, FALSE, FALSE, FALSE, FALSE, FALSE, FALSE, FALSE,  @
FALSE, FALSE, FALSE, FALSE, FALSE, FALSE, FALSE, FALSE, FALSE, FALSE, FALSE,  @
FALSE, FALSE, FALSE, FALSE, FALSE, FALSE, FALSE, FALSE, FALSE, FALSE, FALSE,  @
FALSE, FALSE, FALSE, FALSE, FALSE, FALSE, FALSE, FALSE, FALSE, FALSE, FALSE,  @
FALSE, FALSE, FALSE, FALSE, FALSE, FALSE, FALSE, FALSE, FALSE, FALSE, FALSE,  @
FALSE, FALSE, FALSE, FALSE], [6, 3, 1, 1, 5, 7, 2, 2, 8, 1, 2, 3, 3, 5, 2, 1,  @
3, 6, 5, 5, 3, 2, 2, 2, 2, 2, 6, 6, 6, 9, 9, 3, 5, 5, 5, 1, 3, 3, 15, 13], [ @
TRUE, TRUE, TRUE, TRUE, TRUE, TRUE, TRUE, TRUE, TRUE, TRUE, TRUE, TRUE, TRUE,  @
TRUE, TRUE, TRUE, TRUE, TRUE, TRUE, TRUE, TRUE, TRUE, TRUE, TRUE, TRUE, TRUE,  @
TRUE, TRUE, TRUE, TRUE, TRUE, TRUE, TRUE, TRUE, TRUE, TRUE, TRUE, TRUE, TRUE,  @
TRUE], [3, 4, 5, 6, 1, 1, 7, 8, 9, 10], [TRUE, TRUE, TRUE, TRUE, TRUE, TRUE,  @
TRUE, TRUE, TRUE, TRUE], FALSE )
display_fa_vectors( TRUE )
result_label_format_set( 1, 4 )
gm_elem_prop_init_list(  )
ga_display_offsets_set( "general", 1 )
ga_display_beam_set( "general", 2 )
sys_poll_option( 0 )
ga_view_aa_set( -8.442445, 44.289669, -5.722428 )
ga_view_aa_set( -27.153294, -2.056720, -17.849403 )
sys_poll_option( 2 )
pref_fa_set( [FALSE, FALSE, FALSE, FALSE, FALSE, FALSE, FALSE, FALSE, FALSE,  @
FALSE, FALSE, FALSE, FALSE, FALSE, FALSE, FALSE, FALSE, FALSE, FALSE, FALSE,  @
FALSE, FALSE, FALSE, FALSE, FALSE, FALSE, FALSE, FALSE, FALSE, FALSE, FALSE,  @
FALSE, FALSE, FALSE, FALSE, FALSE, FALSE, FALSE, FALSE, FALSE, FALSE, FALSE,  @
FALSE, FALSE, FALSE, FALSE, FALSE, FALSE, FALSE, FALSE, FALSE, FALSE, FALSE,  @
FALSE, FALSE, FALSE, FALSE, FALSE, FALSE, FALSE, FALSE, FALSE, FALSE, FALSE,  @
FALSE, FALSE, FALSE, FALSE, FALSE, FALSE, FALSE, FALSE, FALSE, FALSE, FALSE,  @
FALSE, FALSE, FALSE, FALSE, FALSE, FALSE, FALSE, FALSE, FALSE, FALSE, FALSE,  @
FALSE, FALSE, FALSE, FALSE, FALSE, FALSE, FALSE, FALSE, FALSE, FALSE, FALSE,  @
FALSE, FALSE, FALSE, FALSE], [6, 3, 1, 1, 5, 7, 2, 2, 8, 1, 2, 3, 3, 5, 2, 1,  @
3, 6, 5, 5, 3, 2, 2, 2, 2, 2, 6, 6, 6, 9, 9, 3, 5, 5, 5, 1, 3, 3, 15, 13], [ @
TRUE, TRUE, TRUE, TRUE, TRUE, TRUE, TRUE, TRUE, TRUE, TRUE, TRUE, TRUE, TRUE,  @
TRUE, TRUE, TRUE, TRUE, TRUE, TRUE, TRUE, TRUE, TRUE, TRUE, TRUE, TRUE, TRUE,  @
TRUE, TRUE, TRUE, TRUE, TRUE, TRUE, TRUE, TRUE, TRUE, TRUE, TRUE, TRUE, TRUE,  @
TRUE], [3, 4, 5, 6, 1, 1, 7, 8, 9, 10], [TRUE, TRUE, TRUE, TRUE, TRUE, TRUE,  @
TRUE, TRUE, TRUE, TRUE], FALSE )
display_fa_vectors( TRUE )
gm_elem_prop_init_list(  )
ga_display_offsets_set( "general", 0 )
ga_display_beam_set( "general", 0 )
sys_poll_option( 0 )
INTEGER fem_create_mesh_curve_num_nodes
INTEGER fem_create_mesh_curve_num_elems
STRING fem_create_mesh_c_nodes_created[VIRTUAL]
STRING fem_create_mesh_c_elems_created[VIRTUAL]
fem_create_mesh_curv_1( "Curve 55:57", 16384, 0.02, "Bar2", "#", "#",  @
"Coord 0", "Coord 0", fem_create_mesh_curve_num_nodes,  @
fem_create_mesh_curve_num_elems, fem_create_mesh_c_nodes_created,  @
fem_create_mesh_c_elems_created )
$# 6 nodes and 5 elements created for Curve 55.
$# 6 nodes and 5 elements created for Curve 56.
$# 6 nodes and 5 elements created for Curve 57.
$# === 18 nodes created.  IDs  = 10018:10035.
$# === 15 elements created.  IDs  = 10015:10029.
fem_associate_elems_to_ep( "1D_Al7075_Lbar_xn_yp",  @
fem_create_mesh_c_elems_created, fem_create_mesh_curve_num_elems )
$# 15 Element(s) associated to the Element Property 1D_Al7075_Lbar_xn_yp.
INTEGER fem_create_mesh_curve_num_nodes
INTEGER fem_create_mesh_curve_num_elems
STRING fem_create_mesh_c_nodes_created[VIRTUAL]
STRING fem_create_mesh_c_elems_created[VIRTUAL]
fem_create_mesh_curv_1( "Curve 49:51", 16384, 0.02, "Bar2", "#", "#",  @
"Coord 0", "Coord 0", fem_create_mesh_curve_num_nodes,  @
fem_create_mesh_curve_num_elems, fem_create_mesh_c_nodes_created,  @
fem_create_mesh_c_elems_created )
$# 6 nodes and 5 elements created for Curve 49.
$# 6 nodes and 5 elements created for Curve 50.
$# 6 nodes and 5 elements created for Curve 51.
$# === 18 nodes created.  IDs  = 10036:10053.
$# === 15 elements created.  IDs  = 10030:10044.
fem_associate_elems_to_ep( "1D_Al7075_Lbar_xp_yn",  @
fem_create_mesh_c_elems_created, fem_create_mesh_curve_num_elems )
$# 15 Element(s) associated to the Element Property 1D_Al7075_Lbar_xp_yn.
INTEGER fem_create_mesh_curve_num_nodes
INTEGER fem_create_mesh_curve_num_elems
STRING fem_create_mesh_c_nodes_created[VIRTUAL]
STRING fem_create_mesh_c_elems_created[VIRTUAL]
fem_create_mesh_curv_1( "Curve 58:60", 16384, 0.02, "Bar2", "#", "#",  @
"Coord 0", "Coord 0", fem_create_mesh_curve_num_nodes,  @
fem_create_mesh_curve_num_elems, fem_create_mesh_c_nodes_created,  @
fem_create_mesh_c_elems_created )
$# 6 nodes and 5 elements created for Curve 58.
$# 6 nodes and 5 elements created for Curve 59.
$# 6 nodes and 5 elements created for Curve 60.
$# === 18 nodes created.  IDs  = 10054:10071.
$# === 15 elements created.  IDs  = 10045:10059.
fem_associate_elems_to_ep( "1D_Al7075_Lbar_xp_yp",  @
fem_create_mesh_c_elems_created, fem_create_mesh_curve_num_elems )
$# 15 Element(s) associated to the Element Property 1D_Al7075_Lbar_xp_yp.
sys_poll_option( 2 )
pref_fa_set( [FALSE, FALSE, FALSE, FALSE, FALSE, FALSE, FALSE, FALSE, FALSE,  @
FALSE, FALSE, FALSE, FALSE, FALSE, FALSE, FALSE, FALSE, FALSE, FALSE, FALSE,  @
FALSE, FALSE, FALSE, FALSE, FALSE, FALSE, FALSE, FALSE, FALSE, FALSE, FALSE,  @
FALSE, FALSE, FALSE, FALSE, FALSE, FALSE, FALSE, FALSE, FALSE, FALSE, FALSE,  @
FALSE, FALSE, FALSE, FALSE, FALSE, FALSE, FALSE, FALSE, FALSE, FALSE, FALSE,  @
FALSE, FALSE, FALSE, FALSE, FALSE, FALSE, FALSE, FALSE, FALSE, FALSE, FALSE,  @
FALSE, FALSE, FALSE, FALSE, FALSE, FALSE, FALSE, FALSE, FALSE, FALSE, FALSE,  @
FALSE, FALSE, FALSE, FALSE, FALSE, FALSE, FALSE, FALSE, FALSE, FALSE, FALSE,  @
FALSE, FALSE, FALSE, FALSE, FALSE, FALSE, FALSE, FALSE, FALSE, FALSE, FALSE,  @
FALSE, FALSE, FALSE, FALSE], [6, 3, 1, 1, 5, 7, 2, 2, 8, 1, 2, 3, 3, 5, 2, 1,  @
3, 6, 5, 5, 3, 2, 2, 2, 2, 2, 6, 6, 6, 9, 9, 3, 5, 5, 5, 1, 3, 3, 15, 13], [ @
TRUE, TRUE, TRUE, TRUE, TRUE, TRUE, TRUE, TRUE, TRUE, TRUE, TRUE, TRUE, TRUE,  @
TRUE, TRUE, TRUE, TRUE, TRUE, TRUE, TRUE, TRUE, TRUE, TRUE, TRUE, TRUE, TRUE,  @
TRUE, TRUE, TRUE, TRUE, TRUE, TRUE, TRUE, TRUE, TRUE, TRUE, TRUE, TRUE, TRUE,  @
TRUE], [3, 4, 5, 6, 1, 1, 7, 8, 9, 10], [TRUE, TRUE, TRUE, TRUE, TRUE, TRUE,  @
TRUE, TRUE, TRUE, TRUE], FALSE )
display_fa_vectors( TRUE )
gm_elem_prop_init_list(  )
ga_display_offsets_set( "general", 1 )
ga_display_beam_set( "general", 2 )
sys_poll_option( 0 )
ga_view_aa_set( -1.240113, 0.506579, -15.222304 )
ga_view_aa_set( -90., 0., 0. )
ga_view_aa_set( 0., 0., 0. )
uil_primary_file.db_save(  )
uil_viewport_post_groups.posted_groups( "default_viewport", 5, ["Bandeja_A",  @
"Bandeja_B", "Bandeja_C", "Bandeja_D", "Eles"] )
ga_view_aa_set( -82.249741, -2.439210, 22.560608 )
ga_view_center_set( 0.007273, -0.008041 )
ga_view_zoom_set( 0.247881 )
ga_view_center_set( 0.013737, -0.015188 )
ga_view_zoom_set( 0.220339 )
ga_view_center_set( 0.007455, -0.008041 )
ga_view_zoom_set( 0.247881 )
ga_view_center_set( 0.000387, 0.000000 )
ga_view_zoom_set( 0.278866 )
ga_view_center_set( -0.007564, 0.009046 )
ga_view_zoom_set( 0.313724 )
ga_view_center_set( -0.016509, 0.019223 )
ga_view_zoom_set( 0.352940 )
ga_view_center_set( -0.026572, 0.031838 )
ga_view_zoom_set( 0.397057 )
ga_view_center_set( -0.060536, 0.074415 )
ga_view_zoom_set( 0.545954 )
ga_view_aa_set( -65.397011, 0.627496, 13.473885 )
uil_viewport_post_groups.posted_groups( "default_viewport", 1, ["Eles"] )
mesh_seed_display_mgr.erase(  )
mesh_seed_display_mgr.erase(  )
mesh_seed_display_mgr.erase(  )
mesh_seed_display_mgr.erase(  )
REAL fem_equiv_group_x_equivtol
INTEGER fem_equiv_group_x_segment
fem_equiv_all_group4( ["Bandeja_A", "Bandeja_B", "Bandeja_C", "Bandeja_D",  @
"Eles"], 5, "", 1, 1, 4.9999999E-06, FALSE, fem_equiv_group_x_equivtol,  @
fem_equiv_group_x_segment )
$# Realigning database with new node numbers...
$# Database realignment completed.
$# Geometric equivalencing completed. 24 nodes deleted.
ga_view_aa_set( -64.596382, -13.023807, -15.711812 )
ga_view_aa_set( -43.749641, -3.891113, -3.720174 )
ga_view_center_set( -0.076328, 0.107465 )
ga_view_zoom_set( 0.614198 )
$# UNDO: Renumber for entities Node 1228 1244:1282:19 2229 2245:2283:19 2855...
uil_primary_file.db_save(  )
ga_view_aa_set( -77.667267, -0.141470, -41.948254 )
