$# Creating journal file C:\Users\diego\Dropbox\Academic\MEng Space 
$# Systems\2. EUE - Estructuras de Uso Espacial\Patran 
$# files\3.Nastran.Buckling\Buckling_cylinder.db.jou at 30-Mar-21 14:58:02
uil_file_rebuild.start("C:\Program Files\MSC.Software\NaPa_SE\2020\Patran/" // @
"template.db","C:\Users\diego\Dropbox\Academic\MEng Space Systems\2. EUE -" // @
" Estructuras de Uso Espacial\Patran files\3.Nastran.Buckling\Buckling_cyl" // @
"inder.db")
$# Synchronizing the User Data Manager
set_current_dir( "C:\Users\diego\Dropbox\Academic\MEng Space Systems\2. EU" // @
"E - Estructuras de Uso Espacial\Patran files\3.Nastran.Buckling" )
$# The current working directory has been changed to the database location 
$# shown.                                                                     
$#                                                                            
$#                                   
db_set_pref( 303, 3, 0, FALSE, 4.9999999E-06, "" )
STRING asm_create_grid_xyz_created_ids[VIRTUAL]
asm_const_grid_xyz( "1", "[0 0 0]", "Coord 0", asm_create_grid_xyz_created_ids )
$# 1 Point created: Point 1
$# UNDO:
ga_view_center_set( -0.004309, 0.131405 )
ga_view_zoom_set( 0.854297 )
ga_view_center_set( -0.004511, 0.093526 )
ga_view_zoom_set( 0.961084 )
ga_view_center_set( -0.004738, 0.050458 )
ga_view_zoom_set( 1.081220 )
ga_view_center_set( -0.004511, 0.093526 )
ga_view_zoom_set( 0.961084 )
ga_view_center_set( -0.004309, 0.131808 )
ga_view_zoom_set( 0.854297 )
ga_view_center_set( -0.003414, 0.168344 )
ga_view_zoom_set( 0.759375 )
ga_view_center_set( -0.002618, 0.200820 )
ga_view_zoom_set( 0.675000 )
ga_view_center_set( -0.000881, 0.271678 )
ga_view_zoom_set( 0.490909 )
ga_view_center_set( -0.000367, 0.292673 )
ga_view_zoom_set( 0.436364 )
ga_view_center_set( 0.000091, 0.311335 )
ga_view_zoom_set( 0.387879 )
ga_view_center_set( 0.000823, 0.341194 )
ga_view_zoom_set( 0.310303 )
ga_view_center_set( 0.001148, 0.354465 )
ga_view_zoom_set( 0.275825 )
ga_view_center_set( 0.001437, 0.366261 )
ga_view_zoom_set( 0.245178 )
ga_view_center_set( 0.002068, 0.391999 )
ga_view_zoom_set( 0.178311 )
ga_view_center_set( 0.000260, 0.405877 )
ga_view_zoom_set( 0.200600 )
ga_view_center_set( -0.005844, 0.452715 )
ga_view_zoom_set( 0.275825 )
ga_view_center_set( -0.008771, 0.473402 )
ga_view_zoom_set( 0.310303 )
ga_view_center_set( -0.015650, 0.519947 )
ga_view_zoom_set( 0.387879 )
ga_view_center_set( -0.028549, 0.607220 )
ga_view_zoom_set( 0.533333 )
ga_view_center_set( -0.039744, 0.656025 )
ga_view_zoom_set( 0.600000 )
ga_view_center_set( -0.093744, 0.062025 )
ga_view_center_set( -0.109735, 0.086365 )
ga_view_zoom_set( 0.675000 )
ga_view_center_set( -0.127724, 0.113747 )
ga_view_zoom_set( 0.759375 )
point_size( 1 )
$# Flushing the User Data Manager
$# Journal file stopped recording at 30-Mar-21 16:41:25
$# Appending to existing journal file C:\Users\diego\Dropbox\Academic\MEng 
$# Space Systems\2. EUE - Estructuras de Uso Espacial\Patran 
$# files\3.Nastran.Buckling\Buckling_cylinder.db.jou at 30-Mar-21 16:41:42
$# Synchronizing the User Data Manager
set_current_dir( "C:\Users\diego\Dropbox\Academic\MEng Space Systems\2. EU" // @
"E - Estructuras de Uso Espacial\Patran files\3.Nastran.Buckling" )
$# The current working directory has been changed to the database location 
$# shown.                                                                     
$#                                                                            
$#                                   
point_size( 9 )
ga_view_center_set( -0.109735, 0.155139 )
ga_view_zoom_set( 0.675000 )
ga_view_center_set( -0.093744, 0.191931 )
ga_view_zoom_set( 0.600000 )
ga_view_center_set( -0.109735, 0.155139 )
ga_view_zoom_set( 0.675000 )
ga_view_center_set( -0.127724, 0.113747 )
ga_view_zoom_set( 0.759375 )
ga_view_center_set( -0.147962, 0.067182 )
ga_view_zoom_set( 0.854297 )
ga_view_center_set( -0.170730, 0.014796 )
ga_view_zoom_set( 0.961084 )
ga_view_center_set( -0.196344, -0.044138 )
ga_view_zoom_set( 1.081219 )
ga_view_center_set( -0.225159, -0.110439 )
ga_view_zoom_set( 1.216372 )
ga_view_center_set( -0.289994, -0.259617 )
ga_view_zoom_set( 1.520465 )
ga_view_center_set( -0.330516, -0.352853 )
ga_view_zoom_set( 1.710523 )
ga_view_center_set( -0.376103, -0.457743 )
ga_view_zoom_set( 1.924338 )
ga_view_center_set( -0.330516, -0.353660 )
ga_view_zoom_set( 1.710523 )
ga_view_center_set( -0.289993, -0.261858 )
ga_view_zoom_set( 1.520465 )
ga_view_center_set( -0.253974, -0.181531 )
ga_view_zoom_set( 1.351524 )
ga_view_center_set( -0.221956, -0.110697 )
ga_view_zoom_set( 1.201355 )
ga_view_center_set( -0.192993, -0.048740 )
ga_view_zoom_set( 1.067871 )
ga_view_center_set( -0.167248, 0.006332 )
ga_view_zoom_set( 0.949219 )
ga_view_center_set( -0.144363, 0.055286 )
ga_view_zoom_set( 0.843750 )
ga_view_center_set( -0.124021, 0.098800 )
ga_view_zoom_set( 0.750000 )
ga_view_center_set( -0.105939, 0.137479 )
ga_view_zoom_set( 0.666667 )
ga_view_center_set( -0.089867, 0.171861 )
ga_view_zoom_set( 0.592593 )
ga_view_center_set( -0.075580, 0.202422 )
ga_view_zoom_set( 0.526749 )
ga_view_center_set( -0.062880, 0.229588 )
ga_view_zoom_set( 0.468221 )
ga_view_center_set( -0.051592, 0.253735 )
ga_view_zoom_set( 0.416197 )
ga_view_center_set( -0.041558, 0.275199 )
ga_view_zoom_set( 0.369953 )
ga_view_center_set( -0.035431, 0.298002 )
ga_view_zoom_set( 0.328847 )
ga_view_center_set( -0.030536, 0.318408 )
ga_view_zoom_set( 0.292308 )
ga_view_center_set( -0.026185, 0.336547 )
ga_view_zoom_set( 0.259830 )
ga_view_center_set( -0.022318, 0.352671 )
ga_view_zoom_set( 0.230960 )
ga_view_center_set( -0.018880, 0.367003 )
ga_view_zoom_set( 0.205297 )
ga_view_center_set( -0.016254, 0.380517 )
ga_view_zoom_set( 0.182487 )
ga_view_center_set( -0.013921, 0.392530 )
ga_view_zoom_set( 0.162210 )
ga_view_center_set( -0.011846, 0.403208 )
ga_view_zoom_set( 0.144187 )
ga_view_center_set( -0.010002, 0.412700 )
ga_view_zoom_set( 0.128166 )
ga_view_center_set( -0.008363, 0.421137 )
ga_view_zoom_set( 0.113925 )
ga_view_center_set( -0.006907, 0.428636 )
ga_view_zoom_set( 0.101267 )
ga_view_center_set( -0.004575, 0.440635 )
ga_view_zoom_set( 0.081014 )
ga_view_center_set( -0.003539, 0.445968 )
ga_view_zoom_set( 0.072012 )
ga_view_center_set( -0.002649, 0.450286 )
ga_view_zoom_set( 0.064011 )
ga_view_center_set( -0.001884, 0.454070 )
ga_view_zoom_set( 0.056898 )
ga_view_center_set( -0.000660, 0.459996 )
ga_view_zoom_set( 0.045519 )
ga_view_center_set( -0.000116, 0.462611 )
ga_view_zoom_set( 0.040461 )
ga_view_center_set( 0.000317, 0.464579 )
ga_view_zoom_set( 0.035965 )
ga_view_center_set( 0.000701, 0.466298 )
ga_view_zoom_set( 0.031969 )
ga_view_center_set( 0.001030, 0.467786 )
ga_view_zoom_set( 0.028417 )
ga_view_center_set( 0.001555, 0.470146 )
ga_view_zoom_set( 0.022734 )
ga_view_center_set( 0.001789, 0.471175 )
ga_view_zoom_set( 0.020208 )
ga_view_center_set( 0.001996, 0.472090 )
ga_view_zoom_set( 0.017962 )
ga_view_center_set( 0.002328, 0.473554 )
ga_view_zoom_set( 0.014370 )
ga_view_center_set( 0.002594, 0.474726 )
ga_view_zoom_set( 0.011496 )
ga_view_center_set( 0.002717, 0.475241 )
ga_view_zoom_set( 0.010219 )
ga_view_center_set( 0.002826, 0.475700 )
ga_view_zoom_set( 0.009083 )
ga_view_center_set( 0.002923, 0.476107 )
ga_view_zoom_set( 0.008074 )
ga_view_center_set( 0.003010, 0.476469 )
ga_view_zoom_set( 0.007177 )
ga_view_center_set( 0.002842, 0.476212 )
ga_view_zoom_set( 0.008074 )
ga_view_center_set( 0.002653, 0.475927 )
ga_view_zoom_set( 0.009083 )
ga_view_center_set( 0.002229, 0.475293 )
ga_view_zoom_set( 0.011354 )
ga_view_center_set( 0.001964, 0.474896 )
ga_view_zoom_set( 0.012773 )
ga_view_center_set( 0.001666, 0.474451 )
ga_view_zoom_set( 0.014370 )
ga_view_center_set( 0.001330, 0.473949 )
ga_view_zoom_set( 0.016166 )
ga_view_center_set( 0.000839, 0.473659 )
ga_view_zoom_set( 0.018187 )
ga_view_center_set( -0.000268, 0.473008 )
ga_view_zoom_set( 0.022734 )
ga_view_center_set( -0.000960, 0.472600 )
ga_view_zoom_set( 0.025575 )
ga_view_center_set( -0.001738, 0.472142 )
ga_view_zoom_set( 0.028772 )
ga_view_center_set( -0.003516, 0.471463 )
ga_view_zoom_set( 0.035965 )
ga_view_center_set( -0.005738, 0.470615 )
ga_view_zoom_set( 0.044957 )
ga_view_center_set( -0.007127, 0.470085 )
ga_view_zoom_set( 0.050576 )
ga_view_center_set( -0.008761, 0.469608 )
ga_view_zoom_set( 0.056898 )
ga_view_center_set( -0.010600, 0.469071 )
ga_view_zoom_set( 0.064011 )
ga_view_center_set( -0.014736, 0.467864 )
ga_view_zoom_set( 0.080014 )
ga_view_center_set( -0.017322, 0.467109 )
ga_view_zoom_set( 0.090015 )
ga_view_center_set( -0.024073, 0.466515 )
ga_view_zoom_set( 0.112519 )
ga_view_center_set( -0.028292, 0.466143 )
ga_view_zoom_set( 0.126584 )
ga_view_center_set( -0.033039, 0.465725 )
ga_view_zoom_set( 0.142407 )
ga_view_center_set( -0.038379, 0.465255 )
ga_view_zoom_set( 0.160208 )
ga_view_center_set( -0.044387, 0.464726 )
ga_view_zoom_set( 0.180234 )
ga_view_center_set( -0.054122, 0.466851 )
ga_view_zoom_set( 0.202763 )
ga_view_center_set( -0.065073, 0.469242 )
ga_view_zoom_set( 0.228108 )
ga_view_center_set( -0.089713, 0.474622 )
ga_view_zoom_set( 0.285135 )
ga_view_center_set( -0.105382, 0.477716 )
ga_view_zoom_set( 0.320777 )
ga_view_center_set( -0.149413, 0.490426 )
ga_view_zoom_set( 0.400972 )
ga_view_center_set( -0.176932, 0.498370 )
ga_view_zoom_set( 0.451093 )
ga_view_center_set( -0.207892, 0.507519 )
ga_view_zoom_set( 0.507480 )
ga_view_center_set( -0.277551, 0.528106 )
ga_view_zoom_set( 0.634349 )
ga_view_aa_set( 63.847046, 53.578556, 29.666693 )
uil_toolbar.model_center(  )
ga_view_aa_set( 23., -34., 0. )
ga_view_aa_set( 23., 56., 0. )
ga_view_aa_set( 90., 0., 0. )
ga_view_aa_set( -90., 0., 0. )
gu_fit_view(  )
ga_view_aa_set( -90.000000, 0.000000, 0.000000 )
ga_view_aa_set( -76.997330, 0.291549, -0.048795 )
STRING sgm_create_curve_2d_created_ids[VIRTUAL]
sgm_const_curve_2d_circle_v2( "1", 1, 0.1, "Coord 0.3", "", "Point 1 2",  @
FALSE, sgm_create_curve_2d_created_ids )
$# 2 Curves Created: Curves 1,2
STRING sgm_surface_2curve_created_ids[VIRTUAL]
sgm_const_surface_2curve( "1", "Curve 1", "Curve 2",  @
sgm_surface_2curve_created_ids )
$# 1 Surface Created: Surface 1
uil_toolbar.shaded_smooth(  )
ga_view_aa_set( -54.603840, -2.994191, 75.471016 )
uil_primary_file.db_save(  )
$# Warning reported from application MATERIALS
$#     The selected entity does not have an assigned material.
material.create( "Analysis code ID", 1, "Analysis type ID", 1, "Al7075", 0,  @
"Date: 30-Mar-21           Time: 16:47:38", "Isotropic", 1, "Directionality",  @
1, "Linearity", 1, "Homogeneous", 0, "Linear Elastic", 1,  @
"Model Options & IDs", ["", "", "", "", ""], [0, 0, 0, 0, 0], "Active Flag",  @
1, "Create", 10, "External Flag", FALSE, "Property IDs", ["Elastic Modulus",  @
"Poisson Ratio", "Density"], [2, 5, 16, 0], "Property Values", ["70E9", "0.33" @
, "2700", ""] )
elementprops_create( "2D_shell_1mm", 51, 25, 35, 1, 1, 20, [13, 20, 36, 4037,  @
4111, 4118, 4119, 8111, 4401, 4402, 4403, 4404, 4405, 4406, 4407, 4408, 4409], @
 [5, 9, 1, 1, 1, 1, 1, 4, 4, 1, 1, 1, 1, 1, 1, 4, 4], ["m:Al7075", "", "0.001" @
, "", "", "", "", "", "", "", "", "", "", "", "", "", ""], "" )
$# Property Set "2D_shell_1mm" created.
uil_primary_file.db_save(  )
ui_exec_function( "mesh_seed_display_mgr", "init" )
mesh_seed_create( "Curve 1", 1, 20, 0., 0., 0. )
mesh_seed_create( "Curve 2", 1, 20, 0., 0., 0. )
mesh_seed_create( "Surface 1.1", 1, 80, 0., 0., 0. )
ga_view_aa_set( -119.765923, -70.361221, -120.617188 )
ga_view_aa_set( -78.573273, -9.047308, 27.968981 )
ga_view_aa_set( -55.652004, -4.255874, -20.729410 )
INTEGER fem_create_mesh_surfa_num_nodes
INTEGER fem_create_mesh_surfa_num_elems
STRING fem_create_mesh_s_nodes_created[VIRTUAL]
STRING fem_create_mesh_s_elems_created[VIRTUAL]
fem_create_mesh_surf_4( "IsoMesh", 49152, "Surface 1", 1, ["0.154348"],  @
"Quad4", "100", "100", "Coord 0", "Coord 0", fem_create_mesh_surfa_num_nodes,  @
fem_create_mesh_surfa_num_elems, fem_create_mesh_s_nodes_created,  @
fem_create_mesh_s_elems_created )
$# 1701 nodes and 1600 elements created for Surface 1.
$# === 1701 nodes created.  IDs  = 100:1800.
$# === 1600 elements created.  IDs  = 100:1699.
fem_associate_elems_to_ep( "2D_shell_1mm", fem_create_mesh_s_elems_created,  @
fem_create_mesh_surfa_num_elems )
$# 1600 Element(s) associated to the Element Property 2D_shell_1mm.
ga_view_center_set( 0.026207, 0.016836 )
ga_view_zoom_set( 0.757629 )
ga_view_center_set( 0.055333, 0.035777 )
ga_view_zoom_set( 0.852332 )
ga_view_center_set( 0.088100, 0.057085 )
ga_view_zoom_set( 0.958874 )
ga_view_center_set( 0.055735, 0.036179 )
ga_view_zoom_set( 0.852332 )
ga_view_center_set( 0.026967, 0.017595 )
ga_view_zoom_set( 0.757629 )
ga_view_center_set( 0.001395, 0.001077 )
ga_view_zoom_set( 0.673448 )
ga_view_center_set( -0.039520, -0.025353 )
ga_view_zoom_set( 0.538758 )
ga_view_center_set( -0.057705, -0.037100 )
ga_view_zoom_set( 0.478896 )
ga_view_center_set( -0.073869, -0.047541 )
ga_view_zoom_set( 0.425686 )
ga_view_center_set( -0.088237, -0.056822 )
ga_view_zoom_set( 0.378387 )
ga_view_center_set( -0.101008, -0.065072 )
ga_view_zoom_set( 0.336344 )
ga_view_aa_set( -69.585693, -3.891294, -19.795879 )
gm_visibility_widget( " Point 1:4 Curve 1:2 Surface 1", FALSE )
ga_view_center_set( -0.093631, -0.065866 )
ga_view_zoom_set( 0.378387 )
ga_view_center_set( -0.085332, -0.066758 )
ga_view_zoom_set( 0.425686 )
ga_view_center_set( -0.066658, -0.068766 )
ga_view_zoom_set( 0.532107 )
ga_view_center_set( -0.054986, -0.070021 )
ga_view_zoom_set( 0.598620 )
ga_view_center_set( -0.041856, -0.071433 )
ga_view_zoom_set( 0.673448 )
ga_view_center_set( -0.027085, -0.073339 )
ga_view_zoom_set( 0.757629 )
ga_view_aa_set( -73.914207, -0.682655, -1.143468 )
ga_view_center_set( -0.032644, -0.063491 )
ga_view_zoom_set( 0.673448 )
ga_view_center_set( -0.027720, -0.075245 )
ga_view_zoom_set( 0.757629 )
ga_view_center_set( -0.022181, -0.088468 )
ga_view_zoom_set( 0.852332 )
ga_view_center_set( -0.027720, -0.075245 )
ga_view_zoom_set( 0.757629 )
ga_view_center_set( -0.032644, -0.063492 )
ga_view_zoom_set( 0.673448 )
ga_view_center_set( -0.036738, -0.052480 )
ga_view_zoom_set( 0.598620 )
ga_view_aa_set( -29.512211, -10.256473, -7.089837 )
ga_view_aa_set( -32.024700, 3.396416, 1.283861 )
ga_view_center_set( -0.031342, -0.038675 )
ga_view_zoom_set( 0.532107 )
ga_view_center_set( -0.026545, -0.026181 )
ga_view_zoom_set( 0.472984 )
ga_view_center_set( -0.022678, -0.015075 )
ga_view_zoom_set( 0.420430 )
ga_view_center_set( -0.019064, -0.005380 )
ga_view_zoom_set( 0.373716 )
ga_view_aa_set( -46.959660, -0.633772, -1.664351 )
ga_view_aa_set( -57.096191, -3.042455, -7.231384 )
ga_view_center_set( -0.020739, -0.019482 )
ga_view_zoom_set( 0.420430 )
ga_view_center_set( -0.022623, -0.035347 )
ga_view_zoom_set( 0.472984 )
ga_view_center_set( -0.024743, -0.053196 )
ga_view_zoom_set( 0.532107 )
ga_view_center_set( -0.072632, 0.026620 )
ga_view_center_set( -0.089072, 0.021600 )
ga_view_zoom_set( 0.598620 )
ga_view_center_set( -0.107567, 0.015953 )
ga_view_zoom_set( 0.673448 )
ga_view_center_set( -0.089072, 0.021601 )
ga_view_zoom_set( 0.598620 )
ga_view_center_set( -0.072632, 0.026621 )
ga_view_zoom_set( 0.532107 )
ga_view_center_set( -0.058019, 0.031083 )
ga_view_zoom_set( 0.472984 )
ga_view_center_set( -0.034637, 0.038222 )
ga_view_zoom_set( 0.378387 )
ga_view_center_set( -0.024245, 0.041395 )
ga_view_zoom_set( 0.336344 )
ga_view_center_set( -0.015008, 0.044216 )
ga_view_zoom_set( 0.298973 )
ga_view_center_set( -0.006798, 0.046723 )
ga_view_zoom_set( 0.265753 )
ga_view_center_set( -0.012982, 0.049175 )
ga_view_zoom_set( 0.236225 )
ga_view_center_set( -0.018479, 0.051354 )
ga_view_zoom_set( 0.209978 )
ga_view_center_set( -0.023365, 0.053291 )
ga_view_zoom_set( 0.186647 )
ga_view_center_set( -0.026848, 0.055404 )
ga_view_zoom_set( 0.165909 )
ga_view_center_set( -0.032420, 0.058785 )
ga_view_zoom_set( 0.132727 )
ga_view_center_set( -0.034896, 0.060287 )
ga_view_zoom_set( 0.117979 )
ga_view_center_set( -0.036999, 0.061623 )
ga_view_zoom_set( 0.104871 )
ga_view_aa_set( -61.241997, -5.557125, -9.388932 )
ga_view_center_set( -0.035130, 0.062238 )
ga_view_zoom_set( 0.093218 )
ga_view_center_set( -0.033469, 0.062785 )
ga_view_zoom_set( 0.082861 )
ga_view_center_set( -0.031992, 0.063272 )
ga_view_zoom_set( 0.073654 )
ga_view_center_set( -0.033642, 0.063237 )
ga_view_zoom_set( 0.082861 )
ga_view_center_set( -0.037355, 0.063159 )
ga_view_zoom_set( 0.103576 )
ga_view_center_set( -0.039676, 0.063110 )
ga_view_zoom_set( 0.116523 )
ga_view_center_set( -0.042287, 0.063055 )
ga_view_zoom_set( 0.131088 )
ga_view_center_set( -0.045348, 0.063611 )
ga_view_zoom_set( 0.147474 )
ga_view_center_set( -0.052234, 0.064863 )
ga_view_zoom_set( 0.184343 )
ga_view_center_set( -0.056539, 0.065646 )
ga_view_zoom_set( 0.207386 )
ga_view_center_set( -0.061381, 0.066526 )
ga_view_zoom_set( 0.233309 )
ga_view_center_set( -0.066829, 0.067516 )
ga_view_zoom_set( 0.262473 )
ga_view_center_set( -0.072957, 0.068754 )
ga_view_zoom_set( 0.295282 )
ga_view_center_set( -0.079852, 0.070147 )
ga_view_zoom_set( 0.332192 )
ga_view_center_set( -0.087608, 0.071714 )
ga_view_zoom_set( 0.373716 )
ga_view_center_set( -0.096334, 0.073477 )
ga_view_zoom_set( 0.420430 )
ga_view_center_set( -0.106349, 0.075063 )
ga_view_zoom_set( 0.472984 )
ga_view_center_set( -0.117616, 0.076848 )
ga_view_zoom_set( 0.532107 )
ga_view_center_set( -0.130291, 0.078103 )
ga_view_zoom_set( 0.598620 )
ga_view_center_set( -0.273960, 0.000282 )
ga_view_aa_set( -84.428444, -2.147583, 19.390640 )
mesh_seed_display_mgr.erase(  )
verify_boundaries_display_mgr.initialize(  )
$# Acknowledgement requested from application FEM Verify
$#     At this time, the test for ASPECT and JACOBIAN values are not 
$# available for the MSC.Nastran preference.  Using the MSC.Patran tests.
$? NO 11111 
ga_view_aa_set( -50.402077, -1.565666, 20.204321 )
ga_view_aa_set( -43.769218, -2.542316, -13.208839 )
ga_view_aa_set( -78.582413, -6.928100, -22.086561 )
ga_view_aa_set( -58.316280, -1.732470, -6.978217 )
gm_visibility_widget( " Node 100:1800 Element 100:1699", FALSE )
gm_visibility_widget( " Point 1:4 Curve 1:2 Surface 1", TRUE )
gm_visibility_widget( " Node 100:1800 Element 100:1699", TRUE )
gm_visibility_widget( " Point 1:4 Curve 1:2 Surface 1", FALSE )
verify_boundaries_display_mgr.initialize(  )
verify_boundaries_display_mgr.plot( "Free_Edges" )
ga_view_aa_set( -53.692554, -8.360685, -20.557728 )
verify_boundaries_display_mgr.erase(  )
ga_view_center_set( 0.012743, 0.011394 )
ga_view_zoom_set( 0.715116 )
ga_view_center_set( 0.027079, 0.024212 )
ga_view_zoom_set( 0.804506 )
ga_view_center_set( 0.043208, 0.038632 )
ga_view_zoom_set( 0.905069 )
ga_view_center_set( 0.027079, 0.024212 )
ga_view_zoom_set( 0.804506 )
ga_view_center_set( 0.012743, 0.011394 )
ga_view_zoom_set( 0.715116 )
ga_view_center_set( 0.000000, -0.000000 )
ga_view_zoom_set( 0.635659 )
ga_view_center_set( -0.011327, -0.010128 )
ga_view_zoom_set( 0.565030 )
ga_view_center_set( -0.021396, -0.019131 )
ga_view_zoom_set( 0.502249 )
ga_view_center_set( -0.029714, -0.026712 )
ga_view_zoom_set( 0.446443 )
ga_view_center_set( -0.037108, -0.033450 )
ga_view_zoom_set( 0.396839 )
ga_view_center_set( -0.043680, -0.039440 )
ga_view_zoom_set( 0.352745 )
ga_view_center_set( -0.056409, -0.048259 )
ga_view_zoom_set( 0.396839 )
ga_view_center_set( -0.070729, -0.058180 )
ga_view_zoom_set( 0.446443 )
ga_view_center_set( -0.085996, -0.068288 )
ga_view_zoom_set( 0.502249 )
ga_view_center_set( -0.103172, -0.079660 )
ga_view_zoom_set( 0.565030 )
ga_view_center_set( -0.114473, 0.027696 )
ga_view_center_set( -0.091848, 0.034092 )
ga_view_zoom_set( 0.502249 )
ga_view_center_set( -0.115657, 0.021536 )
ga_view_zoom_set( 0.565030 )
REAL fem_equiv_all_x_equivtol_ab
INTEGER fem_equiv_all_x_segment
fem_equiv_all_group4( [" "], 0, "", 1, 1, 4.9999999E-06, FALSE,  @
fem_equiv_all_x_equivtol_ab, fem_equiv_all_x_segment )
$# Realigning database with new node numbers...
$# Database realignment completed.
$# Geometric equivalencing completed. 81 nodes deleted.
verify_boundaries_display_mgr.initialize(  )
verify_boundaries_display_mgr.plot( "Free_Edges" )
uil_primary_file.db_save(  )
verify_boundaries_display_mgr.erase(  )
verify_normals_display_mgr.initialize(  )
LOGICAL fem_verify_no_elems_color_coded
LOGICAL fem_verify_norm_vectors_plotted
verify_element_normals( FALSE, FALSE, "", fem_verify_no_elems_color_coded,  @
fem_verify_norm_vectors_plotted )
ga_view_aa_set( -47.854492, -3.075211, -29.902803 )
ga_view_aa_set( -46.091923, -7.089432, -16.740551 )
verify_normals_display_mgr.erase( FALSE, TRUE )
display_cleanup(  )
uil_toolbar.shaded_smooth(  )
gm_visibility_widget( " Point 1:4 Curve 1:2 Surface 1", TRUE )
gm_visibility_widget( " Point 1:4 Curve 1:2 Surface 1", FALSE )
ga_view_aa_set( -84.098663, -7.709435, 3.121540 )
ga_view_aa_set( -90., 0., 0. )
uil_primary_file.db_save(  )
ga_view_aa_set( -59.012005, -0.587600, -3.934061 )
mesh_seed_display_mgr.erase(  )
gm_visibility_widget( " Point 1:4 Curve 1:2 Surface 1", TRUE )
cf_rbe_spider.create_mpc_spider( 1, 11, "RBE2", ["0", "0"], "Node 100:119 ", [ @
"UX,UY,UZ,RX,RY,RZ", ""], 3, "[0.,0.,0.]", FALSE )
$# === 1 node created.  ID = 1.
$# MPC 11 created.
ga_view_aa_set( -56.721176, -2.652419, -19.553146 )
cf_rbe_spider.create_mpc_spider( 2, 12, "RBE2", ["0", "0"], "Node 1780:1799 ", @
 ["UX,UY,UZ,RX,RY,RZ", ""], 3, "[0.,0.,1.]", FALSE )
$# === 1 node created.  ID = 2.
$# MPC 12 created.
ga_view_aa_set( -16.709217, 1.968168, -12.704374 )
ga_view_center_set( 0.001202, 0.020838 )
ga_view_zoom_set( 0.566362 )
ga_view_center_set( 0.002271, 0.039360 )
ga_view_zoom_set( 0.503433 )
ga_view_center_set( 0.003221, 0.055825 )
ga_view_zoom_set( 0.447496 )
ga_view_center_set( 0.003877, 0.070084 )
ga_view_zoom_set( 0.397774 )
ga_view_center_set( 0.004294, 0.082426 )
ga_view_zoom_set( 0.353577 )
ga_view_center_set( 0.004962, 0.102173 )
ga_view_zoom_set( 0.282862 )
ga_view_center_set( 0.004902, 0.108577 )
ga_view_zoom_set( 0.251433 )
ga_view_center_set( 0.004618, 0.118255 )
ga_view_zoom_set( 0.201146 )
ga_view_center_set( 0.004491, 0.122556 )
ga_view_zoom_set( 0.178797 )
ga_view_aa_set( -64.739441, -4.842096, -15.598875 )
ga_view_center_set( -0.002045, 0.125086 )
ga_view_zoom_set( 0.201146 )
ga_view_center_set( -0.016752, 0.130779 )
ga_view_zoom_set( 0.251433 )
ga_view_center_set( -0.025943, 0.134337 )
ga_view_zoom_set( 0.282862 )
ga_view_center_set( -0.036284, 0.138340 )
ga_view_zoom_set( 0.318219 )
ga_view_center_set( -0.058949, 0.145545 )
ga_view_zoom_set( 0.397774 )
ga_view_center_set( -0.073115, 0.150048 )
ga_view_zoom_set( 0.447496 )
ga_view_center_set( -0.088841, 0.155114 )
ga_view_zoom_set( 0.503433 )
gm_visibility_widget( " Point 1:4 Curve 1:2 Surface 1", FALSE )
gm_visibility_widget( " Point 1:4 Curve 1:2 Surface 1", TRUE )
gm_visibility_widget( " Point 1:4 Curve 1:2 Surface 1", FALSE )
ga_view_center_set( -0.096559, 0.143240 )
ga_view_zoom_set( 0.566362 )
ga_view_center_set( -0.105241, 0.130417 )
ga_view_zoom_set( 0.637158 )
ga_view_center_set( -0.115009, 0.115991 )
ga_view_zoom_set( 0.716802 )
ga_view_center_set( -0.105241, 0.131318 )
ga_view_zoom_set( 0.637158 )
ga_view_center_set( -0.096559, 0.144943 )
ga_view_zoom_set( 0.566362 )
ga_view_center_set( -0.082667, 0.166743 )
ga_view_zoom_set( 0.453090 )
ga_view_center_set( -0.078962, 0.176051 )
ga_view_zoom_set( 0.402746 )
ga_view_center_set( -0.073035, 0.190945 )
ga_view_zoom_set( 0.322197 )
ga_view_center_set( -0.070401, 0.197565 )
ga_view_zoom_set( 0.286398 )
ga_view_center_set( -0.068179, 0.203689 )
ga_view_zoom_set( 0.254576 )
ga_view_center_set( -0.066204, 0.209133 )
ga_view_zoom_set( 0.226289 )
ga_view_center_set( -0.064449, 0.213971 )
ga_view_zoom_set( 0.201146 )
ga_view_center_set( -0.061641, 0.221713 )
ga_view_zoom_set( 0.160917 )
ga_view_center_set( -0.063045, 0.218753 )
ga_view_zoom_set( 0.181032 )
ga_view_center_set( -0.064625, 0.215423 )
ga_view_zoom_set( 0.203660 )
ga_view_center_set( -0.066402, 0.211676 )
ga_view_zoom_set( 0.229118 )
ga_view_center_set( -0.068617, 0.208974 )
ga_view_zoom_set( 0.257758 )
ga_view_center_set( -0.071110, 0.205934 )
ga_view_zoom_set( 0.289977 )
ga_view_center_set( -0.073914, 0.202104 )
ga_view_zoom_set( 0.326225 )
ga_view_center_set( -0.077068, 0.197796 )
ga_view_zoom_set( 0.367003 )
ga_view_center_set( -0.080617, 0.192948 )
ga_view_zoom_set( 0.412878 )
ga_view_center_set( -0.084415, 0.187495 )
ga_view_zoom_set( 0.464488 )
ga_view_center_set( -0.088687, 0.181360 )
ga_view_zoom_set( 0.522549 )
ga_view_aa_set( -90., 0., 0. )
ga_view_center_set( -0.068202, 0.189905 )
ga_view_zoom_set( 0.464488 )
ga_view_center_set( -0.049992, 0.197501 )
ga_view_zoom_set( 0.412878 )
ga_view_center_set( -0.033806, 0.204252 )
ga_view_zoom_set( 0.367003 )
ga_view_center_set( -0.049473, 0.198539 )
ga_view_zoom_set( 0.412878 )
ga_view_center_set( -0.067098, 0.191723 )
ga_view_zoom_set( 0.464488 )
ga_view_center_set( -0.086707, 0.182959 )
ga_view_zoom_set( 0.522549 )
ga_view_center_set( -0.106796, 0.179015 )
ga_view_zoom_set( 0.587867 )
ga_view_center_set( -0.129395, 0.174579 )
ga_view_zoom_set( 0.661351 )
ga_view_center_set( -0.154820, 0.169587 )
ga_view_zoom_set( 0.744020 )
ga_view_center_set( -0.183422, 0.163972 )
ga_view_zoom_set( 0.837022 )
ga_view_center_set( -0.215206, 0.188846 )
ga_view_zoom_set( 0.941650 )
ga_view_aa_set( -54.972115, -1.422312, 0.530943 )
ga_view_center_set( -0.187766, 0.165156 )
ga_view_zoom_set( 0.837022 )
ga_view_center_set( -0.163375, 0.143397 )
ga_view_zoom_set( 0.744020 )
ga_view_center_set( -0.141693, 0.124056 )
ga_view_zoom_set( 0.661351 )
ga_view_center_set( -0.122421, 0.106864 )
ga_view_zoom_set( 0.587867 )
ga_view_center_set( -0.104785, 0.018683 )
uil_primary_file.db_save(  )
mesh_seed_display_mgr.erase(  )
gm_hilight_clear(  )
gm_hilight_clear(  )
gm_hilight_clear(  )
gm_hilight_clear(  )
gm_hilight_clear(  )
gm_hilight_clear(  )
loadcase_create2( "LoadCase_buckling", "Static", "", 1., [""], [0], [0.], "",  @
0., TRUE )
$# Load Case "LoadCase_buckling" created.
gm_hilight_clear(  )
gm_hilight_clear(  )
gm_hilight_clear(  )
gm_hilight_clear(  )
gm_hilight_clear(  )
gm_hilight_clear(  )
gm_hilight_clear(  )
gm_hilight_clear(  )
gm_hilight_clear(  )
gm_hilight_clear(  )
gm_hilight_clear(  )
gm_hilight_clear(  )
gm_hilight_clear(  )
gm_hilight_clear(  )
gm_hilight_clear(  )
loadsbcs_create2( "SPC_1236", "Displacement", "Nodal", "", "Static", ["Node 1" @
], "FEM", "Coord 0", "1.", ["<0.,0.,0.     >", "<,,0.     >", "<     >",  @
"<     >"], ["", "", "", ""] )
$# Load/BC set "SPC_1236" created.
ga_view_aa_set( -108.194870, -1.124287, -7.341654 )
ga_view_center_set( -0.089380, -0.020754 )
ga_view_zoom_set( 0.522549 )
ga_view_center_set( -0.104785, 0.025339 )
ga_view_zoom_set( 0.587867 )
ga_view_center_set( -0.089380, -0.020754 )
ga_view_zoom_set( 0.522549 )
ga_view_center_set( -0.075686, -0.061725 )
ga_view_zoom_set( 0.464488 )
ga_view_center_set( -0.063514, -0.098144 )
ga_view_zoom_set( 0.412878 )
ga_view_center_set( -0.052694, -0.130517 )
ga_view_zoom_set( 0.367003 )
ga_view_center_set( -0.043077, -0.159292 )
ga_view_zoom_set( 0.326225 )
ga_view_center_set( -0.034528, -0.184870 )
ga_view_zoom_set( 0.289977 )
ga_view_center_set( -0.054826, -0.390754 )
ga_view_center_set( -0.047227, -0.395131 )
ga_view_zoom_set( 0.257758 )
ga_view_center_set( -0.040473, -0.399022 )
ga_view_zoom_set( 0.229118 )
ga_view_center_set( -0.034469, -0.402480 )
ga_view_zoom_set( 0.203660 )
ga_view_center_set( -0.029729, -0.405896 )
ga_view_zoom_set( 0.181032 )
ga_view_center_set( -0.025517, -0.408932 )
ga_view_zoom_set( 0.160917 )
ga_view_center_set( -0.021772, -0.411631 )
ga_view_zoom_set( 0.143037 )
ga_view_center_set( -0.026191, -0.405288 )
ga_view_zoom_set( 0.160917 )
ga_view_center_set( -0.031163, -0.398153 )
ga_view_zoom_set( 0.181032 )
ga_view_center_set( -0.036756, -0.390126 )
ga_view_zoom_set( 0.203660 )
ga_view_center_set( -0.049341, -0.372066 )
ga_view_zoom_set( 0.254576 )
ga_view_center_set( -0.057206, -0.361498 )
ga_view_zoom_set( 0.286398 )
ga_view_center_set( -0.070918, -0.367713 )
ga_view_zoom_set( 0.322197 )
ga_view_center_set( -0.086344, -0.374704 )
ga_view_zoom_set( 0.362472 )
ga_view_center_set( -0.103356, -0.387356 )
ga_view_zoom_set( 0.407781 )
ga_view_center_set( -0.122495, -0.401590 )
ga_view_zoom_set( 0.458753 )
ga_view_center_set( -0.104145, 0.075514 )
ga_view_aa_set( -10.195518, 2.215240, -5.363253 )
loadsbcs_create2( "SPC_12", "Displacement", "Nodal", "", "Static", ["Node 2"], @
 "FEM", "Coord 0", "1.", ["<0.,0.,     >", "<,,     >", "<     >", "<     >"], @
 ["", "", "", ""] )
$# Load/BC set "SPC_12" created.
ga_view_center_set( -0.113991, 0.071835 )
ga_view_zoom_set( 0.516098 )
ga_view_center_set( -0.125068, 0.067697 )
ga_view_zoom_set( 0.580610 )
ga_view_center_set( -0.112774, 0.073783 )
ga_view_zoom_set( 0.516098 )
ga_view_center_set( -0.101846, 0.079192 )
ga_view_zoom_set( 0.458753 )
ga_view_center_set( -0.092133, 0.084001 )
ga_view_zoom_set( 0.407781 )
ga_view_center_set( -0.083498, 0.088275 )
ga_view_zoom_set( 0.362472 )
ga_view_center_set( -0.075823, 0.092075 )
ga_view_zoom_set( 0.322197 )
ga_view_center_set( -0.069001, 0.095452 )
ga_view_zoom_set( 0.286398 )
ga_view_center_set( -0.062216, 0.097733 )
ga_view_zoom_set( 0.254576 )
ga_view_center_set( -0.072123, 0.109621 )
ga_view_zoom_set( 0.286398 )
ga_view_center_set( -0.083944, 0.132857 )
ga_view_zoom_set( 0.322197 )
ga_view_aa_set( -36.273300, -5.426770, -7.814129 )
ga_view_center_set( -0.073069, 0.112864 )
ga_view_zoom_set( 0.286398 )
ga_view_center_set( -0.063402, 0.094971 )
ga_view_zoom_set( 0.254576 )
ga_view_center_set( -0.054810, 0.079067 )
ga_view_zoom_set( 0.226289 )
ga_view_center_set( -0.062442, 0.096359 )
ga_view_zoom_set( 0.254576 )
ga_view_center_set( -0.070907, 0.115813 )
ga_view_zoom_set( 0.286398 )
ga_view_center_set( -0.080296, 0.137698 )
ga_view_zoom_set( 0.322197 )
ga_view_center_set( -0.090859, 0.162319 )
ga_view_zoom_set( 0.362472 )
ga_view_center_set( -0.102742, 0.190359 )
ga_view_zoom_set( 0.407781 )
ga_view_center_set( -0.116111, 0.221905 )
ga_view_zoom_set( 0.458753 )
ga_view_aa_set( -33.332355, -6.242886, -8.395033 )
ga_view_aa_set( -90., 0., 0. )
ga_view_center_set( -0.110117, -0.068884 )
ga_view_zoom_set( 0.516098 )
ga_view_center_set( -0.134339, -0.040402 )
ga_view_zoom_set( 0.580610 )
ga_view_center_set( -0.161589, -0.009454 )
ga_view_zoom_set( 0.653186 )
ga_view_center_set( -0.096271, -0.002922 )
uil_primary_file.db_save(  )
gm_hilight_clear(  )
gm_hilight_clear(  )
gm_hilight_clear(  )
gm_hilight_clear(  )
gm_hilight_clear(  )
gm_hilight_clear(  )
gm_hilight_clear(  )
gm_hilight_clear(  )
gm_hilight_clear(  )
gm_hilight_clear(  )
gm_hilight_clear(  )
gm_hilight_clear(  )
loadsbcs_create2( "Force_1N", "Force", "Nodal", "", "Static", ["Node 2"],  @
"FEM", "Coord 0", "1.", ["< 0.,0.,-1.    >", "<     >", "<     >", "<     >"], @
 ["", "", "", ""] )
$# Load/BC set "Force_1N" created.
ga_view_center_set( -0.177765, -0.029419 )
ga_view_zoom_set( 0.734834 )
ga_view_center_set( -0.214506, 0.044064 )
uil_primary_file.db_save(  )
uil_toolbar.labels_on(  )
uil_toolbar.labels_off(  )
point_size( 1 )
point_size( 9 )
gm_hilight_clear(  )
gm_hilight_clear(  )
gm_hilight_clear(  )
mscnastran_subcase.create( "105", "LoadCase_buckling",  @
"This is a default subcase." )
mscnastran_subcase.create_char_param( "LOAD CASE", "LoadCase_buckling" )
mscnastran_subcase.create_char_param( "SUBCASE TITLE",  @
"This is a default subcase." )
mscnastran_subcase.create_char_param( "SUBCASE SUBTITLE", "LoadCase_buckling" )
mscnastran_subcase.create_char_param( "SUBCASE LABEL", "" )
mscnastran_subcase.create_char_param( "SUBCASE TITLE FLAG", "OFF" )
mscnastran_subcase.create_char_param( "SUBCASE SUBTITLE FLAG", "ON" )
mscnastran_subcase.create_char_param( "SUBCASE LABEL FLAG", "OFF" )
mscnastran_subcase.create_char_param( "LoadCase_buckling", "STRUCTURAL" )
mscnastran_subcase.create_char_param( "CONSTRAINT FORCES", "1" )
mscnastran_subcase.create_char_param( "CONSTRAINT FORCES 1",  @
"SPCFORCES(SORT1,REAL)=0" )
mscnastran_subcase.create_char_param( "EIGENVECTORS", "1" )
mscnastran_subcase.create_char_param( "EIGENVECTORS 1",  @
"VECTOR(PLOT,SORT1,REAL)=0" )
mscnastran_subcase.create_char_param( "SUBCASE WRITE", "ON" )
mscnastran_subcase.create_char_param( "SUBCASE DIRECT TEXT POS", "OFF" )
mscnastran_subcase.create_int_param( "SUBCASE INPUT 0", 0 )
$#  Beginning analysis of  Buckling_cylinder
jobfile.open( "Buckling_cylinder", "ANALYZE NO JOBFILE" )
msc_delete_old_files( "Buckling_cylinder", ".bdf", ".op2" )
jobfile.write_spl( "/* Jobfile for PATNAS created %A% at %A% */", ["30-Mar-21" @
, "17:10:33"] )
jobfile.writec( "", "TRANSLATOR = pat3nas" )
jobfile.writec( "DATABASE", "C:\Users\diego\Dropbox\Academic\MEng Space Sy" // @
"stems\2. EUE - Estructuras de Uso Espacial\Patran files\3.Nastran.Bucklin" // @
"g\Buckling_cyl" )
jobfile.writec( "JOBNAME", "Buckling_cylinder" )
jobfile.writec( "ANALYSIS TITLE", "MSC.Nastran job created on 30-Mar-21 at" // @
" 17:06:47" )
jobfile.writec( "ANALYSIS SUBTITLE", "" )
jobfile.writec( "ANALYSIS LABEL", "" )
jobfile.writec( "", "" )
jobfile.writec( "OBJECT", "Entire Model" )
jobfile.writec( "METHOD", "Analysis Deck" )
jobfile.writec( "", "" )
jobfile.writec( "MODEL SUFFIX", ".bdf" )
jobfile.writec( "RESULTS SUFFIX", ".op2" )
jobfile.writec( "", "" )
jobfile.writec( "", "/*" )
jobfile.writec( "", " * File Search Path Declaration" )
jobfile.writec( "", " */" )
jobfile.writec( "", "" )
jobfile.writec( "File Search Path", "C:\Users\diego" )
jobfile.writec( "File Search Path", "C:\Program Files\MSC.Software\NaPa_SE" // @
"\2020\Patran" )
jobfile.writec( "File Search Path", "C:\Program Files\MSC.Software\NaPa_SE" // @
"\2020\Patran\helpfiles" )
jobfile.writec( "File Search Path", "C:\Program Files\MSC.Software\NaPa_SE" // @
"\2020\Patran\alters" )
jobfile.writec( "File Search Path", "C:\Program Files\MSC.Software\NaPa_SE" // @
"\2020\Patran\icons" )
jobfile.writec( "File Search Path", "C:\Program Files\MSC.Software\NaPa_SE" // @
"\2020\Patran\icons\RibbonIcons" )
jobfile.writec( "File Search Path", "C:\Program Files\MSC.Software\NaPa_SE" // @
"\2020\Patran\bin" )
jobfile.writec( "File Search Path", "C:\Program Files\MSC.Software\NaPa_SE" // @
"\2020\Patran\bin\exe" )
jobfile.writec( "File Search Path", "C:\Program Files\MSC.Software\NaPa_SE" // @
"\2020\Patran\mscexplore_files\" )
jobfile.writec( "File Search Path", "C:\Program Files\MSC.Software\NaPa_SE" // @
"\2020\Patran\mscprocor_files\dmap" )
jobfile.writec( "File Search Path", "C:\Program Files\MSC.Software\NaPa_SE" // @
"\2020\Patran\mscprocor_files\plb" )
jobfile.writec( "File Search Path", "C:\Program Files\MSC.Software\NaPa_SE" // @
"\2020\Patran\mscprocor_files\lib" )
jobfile.writec( "File Search Path", "C:\Program Files\MSC.Software\NaPa_SE" // @
"\2020\Patran\mscprocor_files\icons" )
jobfile.writec( "File Search Path", "C:\Program Files\MSC.Software\NaPa_SE" // @
"\2020\Patran\shareware\msc\unsupported\utilities\icons" )
jobfile.writec( "File Search Path", "C:\Program Files\MSC.Software\NaPa_SE" // @
"\2020\Patran\shareware\msc\unsupported\utilities\plb" )
jobfile.writec( "File Search Path", "C:\Program Files\MSC.Software\NaPa_SE" // @
"\2020\Patran\shareware\msc\unsupported\utilities\extra_files" )
jobfile.writec( "", "" )
jobfile.writec( "", "/*" )
jobfile.writec( "", " * Translation Parameters" )
jobfile.writec( "", " */" )
jobfile.writec( "", "" )
jobfile.writec( "DATA OUTPUT", "XDB+PRINT" )
jobfile.writec( "OUTPUT2 REQUESTS", "P3 Built In" )
jobfile.writec( "OUTPUT2 FORMAT", "Binary" )
jobfile.writec( "DIVISION TOLERANCE", "1.0e-08" )
jobfile.writec( "NUMERICAL TOLERANCE", "1.0e-04" )
jobfile.writec( "WRITING TOLERANCE", "1.0e-21" )
jobfile.writec( "GEOM CHECK", "INFORM" )
jobfile.writec( "SORTED BULK", "NO" )
jobfile.writec( "CARD FORMAT", "either" )
jobfile.writec( "NODE COORDINATES", "reference frame" )
jobfile.writec( "COORD COORDINATES", "global" )
jobfile.writec( "MSC.Nastran VERSION", "2020." )
jobfile.writec( "WRITE STORED PRECISION", "TRUE" )
jobfile.writec( "WRITE IN FREE FORMAT", "FALSE" )
jobfile.writec( "PROPS ON ELEM ENTRY", "FALSE" )
jobfile.writec( "CONTINUATION ENTRY", "FALSE" )
jobfile.writec( "PCOMPG ENTRY", "TRUE" )
jobfile.writec( "CONVERT CBAR CBEAM", "FALSE" )
jobfile.writec( "ITERATIVE SOLVER", "FALSE" )
jobfile.writei( "SUPER ELEMENT 0", 0 )
jobfile.writec( "SEALL WRITE", "FALSE" )
jobfile.writec( "PART SUPERELEMENT CREATE", "TRUE" )
jobfile.writec( "AUTOQSET", "FALSE" )
jobfile.writec( "FIXEDB", "FALSE" )
jobfile.writei( "SUPER TREE COUNT", 0 )
jobfile.writec( "MODEL TOLERANCE", "4.9999999E-06" )
jobfile.writec( "ELEMENT PROPERTY OFFSET", "0" )
jobfile.writec( "MATERIAL PROPERTY OFFSET", "0" )
jobfile.writec( "TABLE OFFSET", "0" )
jobfile.writec( "LOAD SET OFFSET", "0" )
jobfile.writec( "LOAD CASE OFFSET", "0" )
jobfile.writec( "CONTROL SET OFFSET", "0" )
jobfile.writec( "RIGID ELEMENT OFFSET", "0" )
jobfile.writec( "SCALAR POINT OFFSET", "0" )
jobfile.writec( "BEGINNING CONTINUATION MARKER", "+      A" )
jobfile.writec( "NUMBER ONLY", "ON" )
jobfile.writec( "BEGINNING NUMBER", "OFF" )
jobfile.writec( "TRAILING NUMBER", "OFF" )
jobfile.writec( "SYNTAX NUMBER", "ON" )
jobfile.writec( "SYNTAX MARKER", "." )
jobfile.writec( "EXTERNAL SUPERELEMENT METHOD", "NONE" )
jobfile.writec( "GRID COORDINATES ROUNDING", "15" )
jobfile.writec( "COORD DATA PRECISION ROUNDING", "15" )
jobfile.writec( "MPC DATA PRECISION ROUNDING", "15" )
jobfile.writec( "LBC DATA PRECISION ROUNDING", "7" )
jobfile.writec( "MAT DATA PRECISION ROUNDING", "15" )
jobfile.writec( "PROP DATA PRECISION ROUNDING", "7" )
jobfile.writec( "USE LEGACY PRECISION", "FALSE" )
jobfile.writec( "EXPONENTIAL WRITE", "As Needed" )
jobfile.writec( "EXPONENTIAL FORM", "Condensed" )
jobfile.writec( "", "" )
jobfile.writec( "", "/*" )
jobfile.writec( "", " * Solution Parameters" )
jobfile.writec( "", " */" )
jobfile.writec( "", "" )
jobfile.writec( "SOLUTION TYPE", "BUCKLING" )
jobfile.writei( "SOLUTION SEQUENCE", 105 )
jobfile.writec( "CONTACT CHECK", "OFF" )
jobfile.writec( "DATABASE RUN", "ON" )
jobfile.writec( "CYCLIC SYMMETRY", "OFF" )
jobfile.writec( "AUTOMATIC CONSTRAINTS", "ON" )
jobfile.writec( "SHELL NORMAL TOLERANCE", "" )
jobfile.writec( "MASS CALCULATION", "Lumped" )
jobfile.writec( "DATA DECK ECHO", "None" )
jobfile.writec( "PLATE RZ STIFFNESS FACTOR", "100.0" )
jobfile.writec( "MAXIMUM PRINTED LINES", "" )
jobfile.writec( "MAXIMUM RUN TIME", "" )
jobfile.writec( "WT-MASS CONVERSION", "1.0" )
jobfile.writec( "NODE ID FOR WT-GENER", "" )
jobfile.writec( "RIGID ELEMENT TYPE", "LINEAR" )
jobfile.writec( "USE SOL600", "OFF" )
jobfile.writec( "EXTRACTION METHOD", "Lanczos" )
jobfile.writec( "LOWER EIGENVALUE", "" )
jobfile.writec( "UPPER EIGENVALUE", "" )
jobfile.writec( "NUMBER OF DESIRED ROOTS", "1" )
jobfile.writec( "DIAGNOSTIC OUTPUT LEVEL", "0" )
jobfile.writec( "NORMALIZATION METHOD", "Maximum" )
jobfile.writec( "USE CONTACT TABLE", "OFF" )
jobfile.writec( "INITIAL CONTACTPAIR LOADCASE NAME", "" )
jobfile.writei( "MDOF DATA", 0 )
jobfile.writec( "CELL WRITE", "ON" )
jobfile.writei( "CELL INPUT 0", 0 )
jobfile.writec( "FMS WRITE", "ON" )
jobfile.writei( "FMS INPUT 0", 0 )
jobfile.writec( "EXEC WRITE", "ON" )
jobfile.writei( "EXEC INPUT 0", 0 )
jobfile.writec( "CASE WRITE", "ON" )
jobfile.writei( "CASE INPUT 0", 0 )
jobfile.writec( "BULK WRITE", "ON" )
jobfile.writei( "BULK INPUT 0", 0 )
jobfile.writec( "CELL DTI POSITION", "START" )
jobfile.writec( "FMS DTI POSITION", "START" )
jobfile.writec( "EXEC DTI POSITION", "START" )
jobfile.writec( "CASE DTI POSITION", "START" )
jobfile.writec( "BULK DTI POSITION", "START" )
jobfile.writec( "", "END" )
jobfile.close(  )
mscnastran_job.associate_subcases( "105", "Buckling_cylinder", 1, [ @
"LoadCase_buckling"] )
analysis_submit_2( "MSC.Nastran", "Buckling_cylinder" )
$# Patran 2020  (Student Edition) has obtained 0 concurrent license(s) from 
$# FLEXlm per a request to execute on Windows node KLKGNG(9cb6d021037d) (
$# Windows 6.2 (Build 9200: Service Pack 0)) at 30-Mar-21 17:10:33.
$# 
$# Reading model information from the specified database, 
$# C:\Users\diego\Dropbox\Academic\MEng\ Space\ Systems\2.\ EUE\ -\ 
$# Estructuras\ de\ Uso\ Espacial\Patran\ 
$# files\3.Nastran.Buckling\Buckling_cylinder.db.
$# Messages output from the Patran 2020  (Student Edition) input deck 
$# translator on March     30, 2021 at 17:10:33.
$# 
$# The NASTRAN input file, Buckling_cylinder.bdf, has been successfully opened.
$# 
$# Translating 1600 elements from the element property region 2D_shell_1mm.
$# 
$# 1 property regions translated.
$# 
$# Translating 1 referenced material records.
$# 
$# Translating 2 multipoint constraints from the entire model.
$# 
$# Translating 1622 nodes from the entire model.
$# 
$# Writing loads for Load Case : LoadCase_buckling.
$# 
$# Translating nodal constraints in load set : SPC_1236.
$# 
$# Translating nodal constraints in load set : SPC_12.
$# Writing interface element lbcs.
$# 
$# Translating nodal forces in load set : Force_1N.
$# Total execution time in real seconds: 0.01
$# Total execution time in CPU seconds: 0.234009
$# 
$# End of NASTRAN input file translation.
$# Student Edition Patran Nastran Preference Patran 2020  (Student Edition) 
$# has released 0 license(s) to FLEXlm at 30-Mar-21 17:10:33.
$# The translation has completed successfully.
$# No Analysis Requested
uil_primary_file.db_save(  )
uil_primary_file.db_save(  )
$# Flushing the User Data Manager
$# Journal file stopped recording at 30-Mar-21 17:24:25
$# Appending to existing journal file C:\Users\diego\Dropbox\Academic\MEng 
$# Space Systems\2. EUE\FEA\3.Buckling\Buckling_cylinder.db.jou at 30-Mar-21 
$# 17:34:13
$# Synchronizing the User Data Manager
set_current_dir( "C:\Users\diego\Dropbox\Academic\MEng Space Systems\2. EU" // @
"E\FEA\3.Buckling" )
$# The current working directory has been changed to the database location 
$# shown.                                                                     
$#                                                                            
$#                                   
ui_exec_function( "mesh_seed_display_mgr", "init" )
mesh_seed_display_mgr.erase(  )
msc_dra_init_stream(  )
msc_dra_add_param( "DATABASE", "C:\Users\diego\Dropbox\Academic\MEng Space" // @
" Systems\2. EUE\FEA\3.Buckling\Buckling_cylinder.db" )
msc_dra_add_param( "JOBNAME", "Buckling_cylinder" )
msc_dra_add_param( "RESULTS FILE", "C:\Users\diego\Dropbox\Academic\MEng S" // @
"pace Systems\2. EUE\FEA\3.Buckling\buckling_cylinder.xdb" )
msc_dra_add_param( "OBJECT", "Result Entities" )
msc_dra_add_param( "ANALYSIS TYPE", "Structural" )
msc_dra_add_param( "DIVISION TOLERANCE", "1.0E-8" )
msc_dra_add_param( "NUMERICAL TOLERANCE", "1.0E-4" )
msc_dra_add_param( "MODEL TOLERANCE", "4.9999999E-06" )
msc_dra_add_param( "ROTATIONAL NODAL RESULTS", "OFF" )
msc_dra_add_param( "STRESS/STRAIN INVARIANTS", "OFF" )
msc_dra_add_param( "PRINCIPAL DIRECTIONS", "OFF" )
msc_dra_add_param( "ELEMENT RESULTS POSITIONS", "Nodal       " )
msc_dra_add_param( "TITLE DESCRIPTION", "ON" )
msc_dra_finish_stream(  )
analysis_import( "MSC.Nastran", "Buckling_cylinder",  @
"Attach Results File No Job", "C:\Users\diego\Dropbox\Academic\MEng Space " // @
"Systems\2. EUE\FEA\3.Buckling\buckling_cylinder.xdb", TRUE )
$# Attaching Direct Results Access file: 
$# "C:\Users\diego\Dropbox\Academic\MEng Space Systems\2. 
$# EUE\FEA\3.Buckling\buckling_cylinder.xdb"
$# XDB file created by "MSC.NASTRAN V2020" on 3/30/2021 using "VENDOR:INTEL   
$#              MODEL:XEON/2874 (KLKGNG)   OPSYS:WINDOWS 10 HOME 6.2"
$# *** Begin: Attach Result File ***
$# Processing result load case: SC1:LOADCASE_BUCKLING
$# Processing result load case: SC2:LOADCASE_BUCKLING
$# Processing result sub-case: Static Subcase
$# Processing result sub-case: Mode 1 : Factor = 2.7139E+5
$# Total execution time in real seconds:        0.000
$# Total execution time in CPU  seconds:        0.016
$# *** End:   Attach Result File ***
res_data_load_dbresult( 0, "Nodal", "Scalar", "LoadCase_buckling",  @
"A1:Mode 1 : Factor = 2.7139E+5", "Eigenvectors", "Translational",  @
"(NON-LAYERED)", "MAG", "Default", "DeriveAverage", "All", "ShapeFunc" )
res_data_title( 0, "Nodal", "Scalar", 1, [ @
"$POFF@@@$PT: @@@$LCN, @@@$SCN, @@@$PRN, @@@$SRN, @@@$DRVL, @@@$LN "] )
res_display_fringe_create( "", "FreeFaces", 0, [""], 12, [ @
"Range:Fri_default_Fringe", "RangeOverwrite:ON", "FringeStyle:Discrete/Smooth" @
, "Shade:None", "ElemEdge:FreeEdge,Blue,Solid,1", "Shrink:0",  @
"TitleDisplay:ON", "MinMaxDisplay:ON", "ValueDisplay:OFF", "Filter:None",  @
"ScaleFactor:1.", "LabelStyle:Exponential, 12, White, 3"], TRUE )
res_display_fringe_post( "", 0, "Nodal", TRUE, TRUE )
res_data_load_dbresult( 0, "Nodal", "Vector", "LoadCase_buckling",  @
"A1:Mode 1 : Factor = 2.7139E+5", "Eigenvectors", "Translational",  @
"(NON-LAYERED)", "", "Global", "", "", "" )
res_data_title( 0, "Nodal", "Vector", 1, [ @
"$POFF@@@$PT: @@@$LCN, @@@$SCN, @@@$PRN, @@@$SRN, @@@$DRVL"] )
res_display_deformation_create( "", "Elements", 0, [""], 9, [ @
"DeformedStyle:White,Solid,1,Wireframe", "DeformedScale:Model=0.1",  @
"UndeformedStyle:ON,Blue,Solid,1,Wireframe", "TitleDisplay:ON",  @
"MinMaxDisplay:ON", "ScaleFactor:1.", "LabelStyle:Exponential, 12, White, 3",  @
"DeformDisplay:Resultant", "DeformComps:OFF,OFF,OFF"] )
res_display_deformation_post( "", 0 )
ga_view_aa_set( -71.187950, 2.573766, 14.650121 )
ga_view_aa_set( -92.831108, -8.198771, 7.354017 )
ga_view_aa_set( -72.369812, -5.339353, 33.234837 )
uil_primary_file.db_save(  )
ga_view_center_set( -0.204974, 0.025000 )
ga_view_zoom_set( 0.826689 )
ga_view_center_set( -0.194251, 0.002773 )
ga_view_zoom_set( 0.930025 )
ga_view_center_set( -0.182187, -0.023548 )
ga_view_zoom_set( 1.046278 )
ga_view_center_set( -0.155043, -0.085733 )
ga_view_zoom_set( 1.307847 )
ga_view_center_set( -0.168478, -0.047896 )
ga_view_zoom_set( 1.162531 )
ga_view_center_set( -0.197790, 0.034658 )
ga_view_zoom_set( 0.845477 )
ga_view_center_set( -0.206475, 0.059118 )
ga_view_zoom_set( 0.751535 )
ga_view_center_set( -0.214195, 0.080861 )
ga_view_zoom_set( 0.668031 )
ga_view_center_set( -0.231039, 0.128299 )
ga_view_zoom_set( 0.485841 )
ga_view_center_set( -0.235215, 0.142355 )
ga_view_zoom_set( 0.431859 )
ga_view_center_set( -0.241897, 0.164844 )
ga_view_zoom_set( 0.345487 )
ga_view_center_set( -0.247242, 0.182836 )
ga_view_zoom_set( 0.276390 )
ga_view_center_set( -0.235248, 0.186660 )
ga_view_zoom_set( 0.245680 )
ga_view_center_set( -0.224277, 0.190059 )
ga_view_zoom_set( 0.218382 )
ga_view_center_set( -0.214068, 0.193081 )
ga_view_zoom_set( 0.194117 )
ga_view_center_set( -0.197993, 0.197069 )
ga_view_zoom_set( 0.172549 )
ga_view_center_set( -0.183705, 0.200614 )
ga_view_zoom_set( 0.153377 )
ga_view_center_set( -0.171004, 0.203765 )
ga_view_zoom_set( 0.136335 )
ga_view_center_set( -0.159714, 0.206566 )
ga_view_zoom_set( 0.121186 )
ga_view_aa_set( -115.142059, 1.255753, 41.483700 )
ga_view_center_set( -0.170889, 0.205194 )
ga_view_zoom_set( 0.136335 )
ga_view_center_set( -0.183462, 0.203651 )
ga_view_zoom_set( 0.153377 )
ga_view_center_set( -0.197606, 0.201915 )
ga_view_zoom_set( 0.172549 )
ga_view_center_set( -0.213517, 0.200531 )
ga_view_zoom_set( 0.194117 )
ga_view_center_set( -0.231418, 0.198974 )
ga_view_zoom_set( 0.218382 )
ga_view_center_set( -0.271695, 0.195472 )
ga_view_zoom_set( 0.272977 )
ga_view_center_set( -0.296868, 0.193283 )
ga_view_zoom_set( 0.307099 )
ga_view_center_set( -0.325478, 0.194152 )
ga_view_zoom_set( 0.345487 )
ga_view_center_set( -0.357664, 0.195130 )
ga_view_zoom_set( 0.388673 )
ga_view_center_set( -0.393872, 0.196230 )
ga_view_zoom_set( 0.437257 )
ga_view_aa_set( -58.357277, 2.747212, 27.133532 )
ga_view_center_set( -0.434607, 0.219537 )
ga_view_zoom_set( 0.491914 )
ga_view_center_set( -0.480434, 0.245525 )
ga_view_zoom_set( 0.553403 )
ga_view_center_set( -0.531990, 0.274761 )
ga_view_zoom_set( 0.622579 )
ga_view_center_set( -0.589989, 0.307652 )
ga_view_zoom_set( 0.700401 )
ga_view_center_set( -0.449909, 0.076520 )
ga_view_aa_set( -86.221001, 0.128840, 19.691544 )
ga_view_center_set( -0.502935, 0.099646 )
ga_view_zoom_set( 0.787951 )
ga_view_center_set( -0.562588, 0.125664 )
ga_view_zoom_set( 0.886445 )
ga_view_center_set( -0.629699, 0.154933 )
ga_view_zoom_set( 0.997250 )
ga_view_center_set( -0.705198, 0.187861 )
ga_view_zoom_set( 1.121907 )
ga_view_center_set( -0.629699, 0.154933 )
ga_view_zoom_set( 0.997250 )
ga_view_center_set( -0.562589, 0.125664 )
ga_view_zoom_set( 0.886445 )
ga_view_center_set( -0.502935, 0.099646 )
ga_view_zoom_set( 0.787951 )
ga_view_center_set( -0.407488, 0.058019 )
ga_view_zoom_set( 0.630361 )
gm_visibility_widget( " Point 1:4 Curve 1:2 Surface 1", FALSE )
gm_visibility_widget( " Point 1:4 Curve 1:2 Surface 1", TRUE )
display_cleanup(  )
gm_visibility_widget( " Point 1:4 Curve 1:2 Surface 1", FALSE )
gm_visibility_widget( " Point 1:4 Curve 1:2 Surface 1", TRUE )
uil_toolbar.shaded_smooth(  )
ga_view_aa_set( -78.223824, 0.194725, 20.689371 )
uil_primary_file.db_save(  )
$# Warning reported from application Results
$#     Detaching from the selected Direct Results Access file(s). This 
$# operation cannot be undone. Please reattach file(s) if this was not the 
$# desired action!
$# Detach external results file:  C:\Users\diego\Dropbox\Academic\MEng Space 
$# System
$# s\2. EUE\FEA\3.Buckling\buckling_cylinder.xdb
res_dra_detach_file( 1, 130, 25 )
msc_dra_init_stream(  )
msc_dra_add_param( "DATABASE", "C:\Users\diego\Dropbox\Academic\MEng Space" // @
" Systems\2. EUE\FEA\3.Buckling\Buckling_cylinder.db" )
msc_dra_add_param( "JOBNAME", "Buckling_cylinder" )
msc_dra_add_param( "RESULTS FILE", "C:\Users\diego\Dropbox\Academic\MEng S" // @
"pace Systems\2. EUE\FEA\3.Buckling\Analysis_buckling1\buckling_cylinder.xdb" )
msc_dra_add_param( "OBJECT", "Result Entities" )
msc_dra_add_param( "ANALYSIS TYPE", "Structural" )
msc_dra_add_param( "DIVISION TOLERANCE", "1.0E-8" )
msc_dra_add_param( "NUMERICAL TOLERANCE", "1.0E-4" )
msc_dra_add_param( "MODEL TOLERANCE", "4.9999999E-06" )
msc_dra_add_param( "ROTATIONAL NODAL RESULTS", "OFF" )
msc_dra_add_param( "STRESS/STRAIN INVARIANTS", "OFF" )
msc_dra_add_param( "PRINCIPAL DIRECTIONS", "OFF" )
msc_dra_add_param( "ELEMENT RESULTS POSITIONS", "Nodal       " )
msc_dra_add_param( "TITLE DESCRIPTION", "ON" )
msc_dra_finish_stream(  )
analysis_import( "MSC.Nastran", "Buckling_cylinder",  @
"Attach Results File No Job", "C:\Users\diego\Dropbox\Academic\MEng Space " // @
"Systems\2. EUE\FEA\3.Buckling\Analysis_buckling1\buckling_cylinder.xdb", TRUE )
$# Attaching Direct Results Access file: 
$# "C:\Users\diego\Dropbox\Academic\MEng Space Systems\2. 
$# EUE\FEA\3.Buckling\Analysis_buckling1\buckling_cylinder.xdb"
$# XDB file created by "MSC.NASTRAN V2020" on 3/30/2021 using "VENDOR:INTEL   
$#              MODEL:XEON/2874 (KLKGNG)   OPSYS:WINDOWS 10 HOME 6.2"
$# *** Begin: Attach Result File ***
$# Processing result load case: SC1:LOADCASE_BUCKLING
$# Processing result load case: SC2:LOADCASE_BUCKLING
$# Processing result sub-case: Static Subcase
$# Processing result sub-case: Mode 1 : Factor = 2.7139E+5
$# Total execution time in real seconds:        0.000
$# Total execution time in CPU  seconds:        0.000
$# *** End:   Attach Result File ***
res_data_load_dbresult( 0, "Nodal", "Scalar", "LoadCase_buckling",  @
"A1:Mode 1 : Factor = 2.7139E+5", "Eigenvectors", "Translational",  @
"(NON-LAYERED)", "MAG", "Default", "DeriveAverage", "All", "ShapeFunc" )
res_data_title( 0, "Nodal", "Scalar", 1, [ @
"$POFF@@@$PT: @@@$LCN, @@@$SCN, @@@$PRN, @@@$SRN, @@@$DRVL, @@@$LN "] )
res_display_fringe_create( "", "FreeFaces", 0, [""], 12, [ @
"Range:Fri_default_Fringe", "RangeOverwrite:ON", "FringeStyle:Discrete/Smooth" @
, "Shade:None", "ElemEdge:FreeEdge,Blue,Solid,1", "Shrink:0",  @
"TitleDisplay:ON", "MinMaxDisplay:ON", "ValueDisplay:OFF", "Filter:None",  @
"ScaleFactor:1.", "LabelStyle:Exponential, 12, White, 3"], TRUE )
res_display_fringe_post( "", 0, "Nodal", TRUE, TRUE )
res_data_load_dbresult( 0, "Nodal", "Vector", "LoadCase_buckling",  @
"A1:Mode 1 : Factor = 2.7139E+5", "Eigenvectors", "Translational",  @
"(NON-LAYERED)", "", "Global", "", "", "" )
res_data_title( 0, "Nodal", "Vector", 1, [ @
"$POFF@@@$PT: @@@$LCN, @@@$SCN, @@@$PRN, @@@$SRN, @@@$DRVL"] )
res_display_deformation_create( "", "Elements", 0, [""], 9, [ @
"DeformedStyle:White,Solid,1,Wireframe", "DeformedScale:Model=0.1",  @
"UndeformedStyle:ON,Blue,Solid,1,Wireframe", "TitleDisplay:ON",  @
"MinMaxDisplay:ON", "ScaleFactor:1.", "LabelStyle:Exponential, 12, White, 3",  @
"DeformDisplay:Resultant", "DeformComps:OFF,OFF,OFF"] )
res_display_deformation_post( "", 0 )
uil_primary_file.db_save(  )
display_cleanup(  )
uil_toolbar.shaded_smooth(  )
ga_group_move_scale( 1, ["default_group"], "CoordinateFrame 0", "[0 0 0]", [ @
0.5, 0.5, 1.], 25 )
$# Question from application Group Applications
$#     Point 1 already exists. Do you wish to create a duplicate one?
$? NOFORALL 11012003 
$# 2 Points are created in Group ["default_group"].
$# 2 Points in Group ["default_group"] already exist and are not created.
$# 3 Curves are created in Group ["default_group"].
$# 1 Surface is created in Group ["default_group"].
$# 1 CoordFrame is created in Group ["default_group"].
$# 1622 Nodes in Group ["default_group"] are moved.
$# 1600 Elements in Group ["default_group"] are moved.
$# 2 MPCs in Group ["default_group"] are moved.
$# 1 ElementProperty is updated.
$# 3 Load/BCs in Group ["default_group"] are moved.
ga_view_center_set( 0.015175, -0.001564 )
ga_view_zoom_set( 0.746254 )
ga_view_center_set( 0.032248, -0.003324 )
ga_view_zoom_set( 0.839536 )
ga_view_center_set( 0.015527, -0.001564 )
ga_view_zoom_set( 0.746254 )
ga_view_center_set( 0.000665, 0.000000 )
ga_view_zoom_set( 0.663337 )
ga_view_center_set( -0.012546, 0.001391 )
ga_view_zoom_set( 0.589633 )
ga_view_center_set( -0.024289, 0.002627 )
ga_view_zoom_set( 0.524118 )
ga_view_center_set( -0.034728, 0.003726 )
ga_view_zoom_set( 0.465883 )
ga_view_center_set( -0.043811, 0.004702 )
ga_view_zoom_set( 0.414118 )
ga_view_center_set( -0.044592, 0.004355 )
ga_view_zoom_set( 0.368105 )
ga_view_center_set( -0.044361, 0.003892 )
ga_view_zoom_set( 0.327204 )
ga_view_center_set( -0.042783, 0.003206 )
ga_view_zoom_set( 0.290848 )
ga_view_center_set( -0.032478, 0.000767 )
ga_view_zoom_set( 0.258532 )
ga_view_center_set( -0.023319, -0.001401 )
ga_view_zoom_set( 0.229806 )
ga_view_center_set( -0.015177, -0.003328 )
ga_view_zoom_set( 0.204272 )
ga_view_center_set( -0.007340, -0.005726 )
ga_view_zoom_set( 0.181575 )
ga_view_center_set( -0.000374, -0.007858 )
ga_view_zoom_set( 0.161400 )
ga_view_center_set( 0.005818, -0.009753 )
ga_view_zoom_set( 0.143467 )
ga_view_center_set( 0.011322, -0.011437 )
ga_view_zoom_set( 0.127526 )
ga_view_center_set( 0.009127, -0.007888 )
ga_view_zoom_set( 0.143467 )
ga_view_center_set( 0.006657, -0.003895 )
ga_view_zoom_set( 0.161400 )
ga_view_center_set( 0.003878, 0.000597 )
ga_view_zoom_set( 0.181575 )
ga_view_center_set( 0.000752, 0.005650 )
ga_view_zoom_set( 0.204272 )
ga_view_center_set( -0.002765, 0.011335 )
ga_view_zoom_set( 0.229806 )
ga_view_center_set( -0.006722, 0.017730 )
ga_view_zoom_set( 0.258532 )
ga_view_center_set( -0.011173, 0.024925 )
ga_view_zoom_set( 0.290848 )
ga_view_center_set( -0.016180, 0.033020 )
ga_view_zoom_set( 0.327204 )
gm_visibility_widget( " Point 1:4 Curve 1:2 Surface 1", FALSE )
ga_view_center_set( -0.024438, 0.043515 )
ga_view_zoom_set( 0.368105 )
ga_view_center_set( -0.033901, 0.055496 )
ga_view_zoom_set( 0.414118 )
ga_view_center_set( -0.044547, 0.068974 )
ga_view_zoom_set( 0.465883 )
ga_view_center_set( -0.056524, 0.084137 )
ga_view_zoom_set( 0.524118 )
ga_view_center_set( -0.069997, 0.101196 )
ga_view_zoom_set( 0.589633 )
ga_view_center_set( -0.085155, 0.120387 )
ga_view_zoom_set( 0.663337 )
mesh_seed_display_mgr.erase(  )
mesh_seed_display_mgr.erase(  )
verify_boundaries_display_mgr.initialize(  )
$# Acknowledgement requested from application FEM Verify
$#     At this time, the test for ASPECT and JACOBIAN values are not 
$# available for the MSC.Nastran preference.  Using the MSC.Patran tests.
$? NO 11111 
uil_primary_file.db_save(  )
$#  Beginning analysis of  Buckling_cylinder2
jobfile.open( "Buckling_cylinder2", "ANALYZE NO JOBFILE" )
msc_delete_old_files( "Buckling_cylinder2", ".bdf", ".op2" )
jobfile.write_spl( "/* Jobfile for PATNAS created %A% at %A% */", ["30-Mar-21" @
, "17:41:58"] )
jobfile.writec( "", "TRANSLATOR = pat3nas" )
jobfile.writec( "DATABASE", "C:\Users\diego\Dropbox\Academic\MEng Space Sy" // @
"stems\2. EUE\FEA\3.Buckling\Buckling_cylinder.db" )
jobfile.writec( "JOBNAME", "Buckling_cylinder2" )
jobfile.writec( "ANALYSIS TITLE", "MSC.Nastran job created on 30-Mar-21 at" // @
" 17:06:47" )
jobfile.writec( "ANALYSIS SUBTITLE", "" )
jobfile.writec( "ANALYSIS LABEL", "" )
jobfile.writec( "", "" )
jobfile.writec( "OBJECT", "Entire Model" )
jobfile.writec( "METHOD", "Full Run" )
jobfile.writec( "", "" )
jobfile.writec( "MODEL SUFFIX", ".bdf" )
jobfile.writec( "RESULTS SUFFIX", ".op2" )
jobfile.writec( "", "" )
jobfile.writec( "", "/*" )
jobfile.writec( "", " * File Search Path Declaration" )
jobfile.writec( "", " */" )
jobfile.writec( "", "" )
jobfile.writec( "File Search Path", "C:\Users\diego" )
jobfile.writec( "File Search Path", "C:\Program Files\MSC.Software\NaPa_SE" // @
"\2020\Patran" )
jobfile.writec( "File Search Path", "C:\Program Files\MSC.Software\NaPa_SE" // @
"\2020\Patran\helpfiles" )
jobfile.writec( "File Search Path", "C:\Program Files\MSC.Software\NaPa_SE" // @
"\2020\Patran\alters" )
jobfile.writec( "File Search Path", "C:\Program Files\MSC.Software\NaPa_SE" // @
"\2020\Patran\icons" )
jobfile.writec( "File Search Path", "C:\Program Files\MSC.Software\NaPa_SE" // @
"\2020\Patran\icons\RibbonIcons" )
jobfile.writec( "File Search Path", "C:\Program Files\MSC.Software\NaPa_SE" // @
"\2020\Patran\bin" )
jobfile.writec( "File Search Path", "C:\Program Files\MSC.Software\NaPa_SE" // @
"\2020\Patran\bin\exe" )
jobfile.writec( "File Search Path", "C:\Program Files\MSC.Software\NaPa_SE" // @
"\2020\Patran\mscexplore_files\" )
jobfile.writec( "File Search Path", "C:\Program Files\MSC.Software\NaPa_SE" // @
"\2020\Patran\mscprocor_files\dmap" )
jobfile.writec( "File Search Path", "C:\Program Files\MSC.Software\NaPa_SE" // @
"\2020\Patran\mscprocor_files\plb" )
jobfile.writec( "File Search Path", "C:\Program Files\MSC.Software\NaPa_SE" // @
"\2020\Patran\mscprocor_files\lib" )
jobfile.writec( "File Search Path", "C:\Program Files\MSC.Software\NaPa_SE" // @
"\2020\Patran\mscprocor_files\icons" )
jobfile.writec( "File Search Path", "C:\Program Files\MSC.Software\NaPa_SE" // @
"\2020\Patran\shareware\msc\unsupported\utilities\icons" )
jobfile.writec( "File Search Path", "C:\Program Files\MSC.Software\NaPa_SE" // @
"\2020\Patran\shareware\msc\unsupported\utilities\plb" )
jobfile.writec( "File Search Path", "C:\Program Files\MSC.Software\NaPa_SE" // @
"\2020\Patran\shareware\msc\unsupported\utilities\extra_files" )
jobfile.writec( "", "" )
jobfile.writec( "", "/*" )
jobfile.writec( "", " * Translation Parameters" )
jobfile.writec( "", " */" )
jobfile.writec( "", "" )
jobfile.writec( "DATA OUTPUT", "XDB+PRINT" )
jobfile.writec( "OUTPUT2 REQUESTS", "P3 Built In" )
jobfile.writec( "OUTPUT2 FORMAT", "Binary" )
jobfile.writec( "DIVISION TOLERANCE", "1.0e-08" )
jobfile.writec( "NUMERICAL TOLERANCE", "1.0e-04" )
jobfile.writec( "WRITING TOLERANCE", "1.0e-21" )
jobfile.writec( "GEOM CHECK", "INFORM" )
jobfile.writec( "SORTED BULK", "NO" )
jobfile.writec( "CARD FORMAT", "either" )
jobfile.writec( "NODE COORDINATES", "reference frame" )
jobfile.writec( "COORD COORDINATES", "global" )
jobfile.writec( "MSC.Nastran VERSION", "2020." )
jobfile.writec( "WRITE STORED PRECISION", "TRUE" )
jobfile.writec( "WRITE IN FREE FORMAT", "FALSE" )
jobfile.writec( "PROPS ON ELEM ENTRY", "FALSE" )
jobfile.writec( "CONTINUATION ENTRY", "FALSE" )
jobfile.writec( "PCOMPG ENTRY", "TRUE" )
jobfile.writec( "CONVERT CBAR CBEAM", "FALSE" )
jobfile.writec( "ITERATIVE SOLVER", "FALSE" )
jobfile.writei( "SUPER ELEMENT 0", 0 )
jobfile.writec( "SEALL WRITE", "FALSE" )
jobfile.writec( "PART SUPERELEMENT CREATE", "TRUE" )
jobfile.writec( "AUTOQSET", "FALSE" )
jobfile.writec( "FIXEDB", "FALSE" )
jobfile.writei( "SUPER TREE COUNT", 0 )
jobfile.writec( "MODEL TOLERANCE", "4.9999999E-06" )
jobfile.writec( "ELEMENT PROPERTY OFFSET", "0" )
jobfile.writec( "MATERIAL PROPERTY OFFSET", "0" )
jobfile.writec( "TABLE OFFSET", "0" )
jobfile.writec( "LOAD SET OFFSET", "0" )
jobfile.writec( "LOAD CASE OFFSET", "0" )
jobfile.writec( "CONTROL SET OFFSET", "0" )
jobfile.writec( "RIGID ELEMENT OFFSET", "0" )
jobfile.writec( "SCALAR POINT OFFSET", "0" )
jobfile.writec( "BEGINNING CONTINUATION MARKER", "+      A" )
jobfile.writec( "NUMBER ONLY", "ON" )
jobfile.writec( "BEGINNING NUMBER", "OFF" )
jobfile.writec( "TRAILING NUMBER", "OFF" )
jobfile.writec( "SYNTAX NUMBER", "ON" )
jobfile.writec( "SYNTAX MARKER", "." )
jobfile.writec( "EXTERNAL SUPERELEMENT METHOD", "NONE" )
jobfile.writec( "GRID COORDINATES ROUNDING", "15" )
jobfile.writec( "COORD DATA PRECISION ROUNDING", "15" )
jobfile.writec( "MPC DATA PRECISION ROUNDING", "15" )
jobfile.writec( "LBC DATA PRECISION ROUNDING", "7" )
jobfile.writec( "MAT DATA PRECISION ROUNDING", "15" )
jobfile.writec( "PROP DATA PRECISION ROUNDING", "7" )
jobfile.writec( "USE LEGACY PRECISION", "FALSE" )
jobfile.writec( "EXPONENTIAL WRITE", "As Needed" )
jobfile.writec( "EXPONENTIAL FORM", "Condensed" )
jobfile.writec( "", "" )
jobfile.writec( "", "/*" )
jobfile.writec( "", " * Solution Parameters" )
jobfile.writec( "", " */" )
jobfile.writec( "", "" )
jobfile.writec( "SOLUTION TYPE", "BUCKLING" )
jobfile.writei( "SOLUTION SEQUENCE", 105 )
jobfile.writec( "CONTACT CHECK", "OFF" )
jobfile.writec( "DATABASE RUN", "ON" )
jobfile.writec( "CYCLIC SYMMETRY", "OFF" )
jobfile.writec( "AUTOMATIC CONSTRAINTS", "ON" )
jobfile.writec( "SHELL NORMAL TOLERANCE", "" )
jobfile.writec( "MASS CALCULATION", "Lumped" )
jobfile.writec( "DATA DECK ECHO", "None" )
jobfile.writec( "PLATE RZ STIFFNESS FACTOR", "100.0" )
jobfile.writec( "MAXIMUM PRINTED LINES", "" )
jobfile.writec( "MAXIMUM RUN TIME", "" )
jobfile.writec( "WT-MASS CONVERSION", "1.0" )
jobfile.writec( "NODE ID FOR WT-GENER", "" )
jobfile.writec( "RIGID ELEMENT TYPE", "LINEAR" )
jobfile.writec( "USE SOL600", "OFF" )
jobfile.writec( "EXTRACTION METHOD", "Lanczos" )
jobfile.writec( "LOWER EIGENVALUE", "" )
jobfile.writec( "UPPER EIGENVALUE", "" )
jobfile.writec( "NUMBER OF DESIRED ROOTS", "1" )
jobfile.writec( "DIAGNOSTIC OUTPUT LEVEL", "0" )
jobfile.writec( "NORMALIZATION METHOD", "Maximum" )
jobfile.writec( "USE CONTACT TABLE", "OFF" )
jobfile.writec( "INITIAL CONTACTPAIR LOADCASE NAME", "" )
jobfile.writei( "MDOF DATA", 0 )
jobfile.writec( "CELL WRITE", "ON" )
jobfile.writei( "CELL INPUT 0", 0 )
jobfile.writec( "FMS WRITE", "ON" )
jobfile.writei( "FMS INPUT 0", 0 )
jobfile.writec( "EXEC WRITE", "ON" )
jobfile.writei( "EXEC INPUT 0", 0 )
jobfile.writec( "CASE WRITE", "ON" )
jobfile.writei( "CASE INPUT 0", 0 )
jobfile.writec( "BULK WRITE", "ON" )
jobfile.writei( "BULK INPUT 0", 0 )
jobfile.writec( "CELL DTI POSITION", "START" )
jobfile.writec( "FMS DTI POSITION", "START" )
jobfile.writec( "EXEC DTI POSITION", "START" )
jobfile.writec( "CASE DTI POSITION", "START" )
jobfile.writec( "BULK DTI POSITION", "START" )
jobfile.writec( "", "END" )
jobfile.close(  )
mscnastran_job.associate_subcases( "105", "Buckling_cylinder2", 1, [ @
"LoadCase_buckling"] )
analysis_submit_2( "MSC.Nastran", "Buckling_cylinder2" )
$# Patran 2020  (Student Edition) has obtained 0 concurrent license(s) from 
$# FLEXlm per a request to execute on Windows node KLKGNG(9cb6d021037d) (
$# Windows 6.2 (Build 9200: Service Pack 0)) at 30-Mar-21 17:41:58.
$# 
$# Reading model information from the specified database, 
$# C:\Users\diego\Dropbox\Academic\MEng\ Space\ Systems\2.\ 
$# EUE\FEA\3.Buckling\Buckling_cylinder.db.
$# Messages output from the Patran 2020  (Student Edition) input deck 
$# translator on March     30, 2021 at 17:41:58.
$# 
$# The NASTRAN input file, Buckling_cylinder2.bdf, has been successfully opened.
$# 
$# Translating 1600 elements from the element property region 2D_shell_1mm.
$# 
$# 1 property regions translated.
$# 
$# Translating 1 referenced material records.
$# 
$# Translating 2 multipoint constraints from the entire model.
$# 
$# Translating 1622 nodes from the entire model.
$# 
$# Writing loads for Load Case : LoadCase_buckling.
$# 
$# Translating nodal constraints in load set : SPC_1236.
$# 
$# Translating nodal constraints in load set : SPC_12.
$# Writing interface element lbcs.
$# 
$# Translating nodal forces in load set : Force_1N.
$# 
$# Translating 1 referenced coordinate frames.
$# Total execution time in real seconds: 0.01
$# Total execution time in CPU seconds: 0.249001
$# 
$# End of NASTRAN input file translation.
$# Student Edition Patran Nastran Preference Patran 2020  (Student Edition) 
$# has released 0 license(s) to FLEXlm at 30-Mar-21 17:41:58.
$# The translation has completed successfully.
$# Executing /bin/sh -c C:\Program 
$# Files\MSC.Software\NaPa_SE\2020\Patran\bin\MscNa
$# stranExecute.exe -j Buckling_cylinder2 -m bdf -x 2020 -c 
$# %%prog=edu%auth=edu%arc
$# h=64% -v
msc_dra_init_stream(  )
msc_dra_add_param( "DATABASE", "C:\Users\diego\Dropbox\Academic\MEng Space" // @
" Systems\2. EUE\FEA\3.Buckling\Buckling_cylinder.db" )
msc_dra_add_param( "JOBNAME", "Buckling_cylinder2" )
msc_dra_add_param( "RESULTS FILE", "C:\Users\diego\Dropbox\Academic\MEng S" // @
"pace Systems\2. EUE\FEA\3.Buckling\Analysis_buckling2\buckling_cylinder2.xdb" )
msc_dra_add_param( "OBJECT", "Result Entities" )
msc_dra_add_param( "ANALYSIS TYPE", "Structural" )
msc_dra_add_param( "DIVISION TOLERANCE", "1.0E-8" )
msc_dra_add_param( "NUMERICAL TOLERANCE", "1.0E-4" )
msc_dra_add_param( "MODEL TOLERANCE", "4.9999999E-06" )
msc_dra_add_param( "ROTATIONAL NODAL RESULTS", "OFF" )
msc_dra_add_param( "STRESS/STRAIN INVARIANTS", "OFF" )
msc_dra_add_param( "PRINCIPAL DIRECTIONS", "OFF" )
msc_dra_add_param( "ELEMENT RESULTS POSITIONS", "Nodal       " )
msc_dra_add_param( "TITLE DESCRIPTION", "ON" )
msc_dra_finish_stream(  )
analysis_import( "MSC.Nastran", "Buckling_cylinder2",  @
"Attach Results File No Job", "C:\Users\diego\Dropbox\Academic\MEng Space " // @
"Systems\2. EUE\FEA\3.Buckling\Analysis_buckling2\buckling_cylinder2.xdb",  @
TRUE )
$# Attaching Direct Results Access file: 
$# "C:\Users\diego\Dropbox\Academic\MEng Space Systems\2. 
$# EUE\FEA\3.Buckling\Analysis_buckling2\buckling_cylinder2.xdb"
$# XDB file created by "MSC.NASTRAN V2020" on 3/30/2021 using "VENDOR:INTEL   
$#              MODEL:XEON/2900 (KLKGNG)   OPSYS:WINDOWS 10 HOME 6.2"
$# *** Begin: Attach Result File ***
$# Processing result load case: SC1:LOADCASE_BUCKLING
$# Processing result load case: SC2:LOADCASE_BUCKLING
$# Processing result sub-case: Static Subcase
$# Processing result sub-case: Mode 1 : Factor = 2.5082E+5
$# Total execution time in real seconds:        0.000
$# Total execution time in CPU  seconds:        0.000
$# *** End:   Attach Result File ***
res_data_load_dbresult( 0, "Nodal", "Scalar", "LoadCase_buckling",  @
"A2:Mode 1 : Factor = 2.5082E+5", "Eigenvectors", "Translational",  @
"(NON-LAYERED)", "MAG", "Default", "DeriveAverage", "All", "ShapeFunc" )
res_data_title( 0, "Nodal", "Scalar", 1, [ @
"$POFF@@@$PT: @@@$LCN, @@@$SCN, @@@$PRN, @@@$SRN, @@@$DRVL, @@@$LN "] )
res_display_fringe_create( "", "FreeFaces", 0, [""], 12, [ @
"Range:Fri_default_Fringe", "RangeOverwrite:ON", "FringeStyle:Discrete/Smooth" @
, "Shade:None", "ElemEdge:FreeEdge,Blue,Solid,1", "Shrink:0",  @
"TitleDisplay:ON", "MinMaxDisplay:ON", "ValueDisplay:OFF", "Filter:None",  @
"ScaleFactor:1.", "LabelStyle:Exponential, 12, White, 3"], TRUE )
res_display_fringe_post( "", 0, "Nodal", TRUE, TRUE )
res_data_load_dbresult( 0, "Nodal", "Vector", "LoadCase_buckling",  @
"A2:Mode 1 : Factor = 2.5082E+5", "Eigenvectors", "Translational",  @
"(NON-LAYERED)", "", "Global", "", "", "" )
res_data_title( 0, "Nodal", "Vector", 1, [ @
"$POFF@@@$PT: @@@$LCN, @@@$SCN, @@@$PRN, @@@$SRN, @@@$DRVL"] )
res_display_deformation_create( "", "Elements", 0, [""], 9, [ @
"DeformedStyle:White,Solid,1,Wireframe", "DeformedScale:Model=0.1",  @
"UndeformedStyle:ON,Blue,Solid,1,Wireframe", "TitleDisplay:ON",  @
"MinMaxDisplay:ON", "ScaleFactor:1.", "LabelStyle:Exponential, 12, White, 3",  @
"DeformDisplay:Resultant", "DeformComps:OFF,OFF,OFF"] )
res_display_deformation_post( "", 0 )
ga_view_aa_set( -69.873650, 19.311972, -80.002380 )
gm_visibility_widget( " Point 1:4 Curve 1:2 Surface 1", TRUE )
gm_visibility_widget( " Point 1:4 Curve 1:2 Surface 1", FALSE )
gm_visibility_widget( " Point 1:4 Curve 1:2 Surface 1", TRUE )
uil_toolbar.shaded_smooth(  )
gm_visibility_widget( " Point 1:4 Curve 1:2 Surface 1", FALSE )
uil_toolbar.hidden_line(  )
uil_toolbar.wireframe(  )
res_data_load_dbresult( 0, "Nodal", "Scalar", "LoadCase_buckling",  @
"A2:Mode 1 : Factor = 2.5082E+5", "Eigenvectors", "Translational",  @
"(NON-LAYERED)", "MAG", "Default", "DeriveAverage", "All", "ShapeFunc" )
res_data_title( 0, "Nodal", "Scalar", 1, [ @
"$POFF@@@$PT: @@@$LCN, @@@$SCN, @@@$PRN, @@@$SRN, @@@$DRVL, @@@$LN "] )
res_display_fringe_create( "", "FreeFaces", 0, [""], 12, [ @
"Range:Fri_default_Fringe", "RangeOverwrite:ON", "FringeStyle:Discrete/Smooth" @
, "Shade:None", "ElemEdge:FreeEdge,Blue,Solid,1", "Shrink:0",  @
"TitleDisplay:ON", "MinMaxDisplay:ON", "ValueDisplay:OFF", "Filter:None",  @
"ScaleFactor:1.", "LabelStyle:Exponential, 12, White, 3"], TRUE )
res_display_fringe_post( "", 0, "Nodal", TRUE, TRUE )
res_data_load_dbresult( 0, "Nodal", "Vector", "LoadCase_buckling",  @
"A2:Mode 1 : Factor = 2.5082E+5", "Eigenvectors", "Translational",  @
"(NON-LAYERED)", "", "Global", "", "", "" )
res_data_title( 0, "Nodal", "Vector", 1, [ @
"$POFF@@@$PT: @@@$LCN, @@@$SCN, @@@$PRN, @@@$SRN, @@@$DRVL"] )
res_display_deformation_create( "", "Elements", 0, [""], 9, [ @
"DeformedStyle:White,Solid,1,Wireframe", "DeformedScale:Model=0.1",  @
"UndeformedStyle:ON,Blue,Solid,1,Wireframe", "TitleDisplay:ON",  @
"MinMaxDisplay:ON", "ScaleFactor:1.", "LabelStyle:Exponential, 12, White, 3",  @
"DeformDisplay:Resultant", "DeformComps:OFF,OFF,OFF"] )
res_display_deformation_post( "", 0 )
gm_visibility_widget( " Point 1:4 Curve 1:2 Surface 1", TRUE )
res_data_load_dbresult( 0, "Nodal", "Scalar", "LoadCase_buckling",  @
"A2:Mode 1 : Factor = 2.5082E+5", "Eigenvectors", "Translational",  @
"(NON-LAYERED)", "MAG", "Default", "DeriveAverage", "All", "ShapeFunc" )
res_data_title( 0, "Nodal", "Scalar", 1, [ @
"$POFF@@@$PT: @@@$LCN, @@@$SCN, @@@$PRN, @@@$SRN, @@@$DRVL, @@@$LN "] )
res_display_fringe_create( "", "FreeFaces", 0, [""], 12, [ @
"Range:Fri_default_Fringe", "RangeOverwrite:ON", "FringeStyle:Discrete/Smooth" @
, "Shade:None", "ElemEdge:FreeEdge,Blue,Solid,1", "Shrink:0",  @
"TitleDisplay:ON", "MinMaxDisplay:ON", "ValueDisplay:OFF", "Filter:None",  @
"ScaleFactor:1.", "LabelStyle:Exponential, 12, White, 3"], TRUE )
res_display_fringe_post( "", 0, "Nodal", TRUE, TRUE )
res_data_load_dbresult( 0, "Nodal", "Vector", "LoadCase_buckling",  @
"A2:Mode 1 : Factor = 2.5082E+5", "Eigenvectors", "Translational",  @
"(NON-LAYERED)", "", "Global", "", "", "" )
res_data_title( 0, "Nodal", "Vector", 1, [ @
"$POFF@@@$PT: @@@$LCN, @@@$SCN, @@@$PRN, @@@$SRN, @@@$DRVL"] )
res_display_deformation_create( "", "Elements", 0, [""], 9, [ @
"DeformedStyle:White,Solid,1,Wireframe", "DeformedScale:Model=0.1",  @
"UndeformedStyle:ON,Blue,Solid,1,Wireframe", "TitleDisplay:ON",  @
"MinMaxDisplay:ON", "ScaleFactor:1.", "LabelStyle:Exponential, 12, White, 3",  @
"DeformDisplay:Resultant", "DeformComps:OFF,OFF,OFF"] )
res_display_deformation_post( "", 0 )
gm_visibility_widget( " Point 1:4 Curve 1:2 Surface 1", FALSE )
res_data_load_dbresult( 0, "Nodal", "Scalar", "LoadCase_buckling",  @
"A2:Mode 1 : Factor = 2.5082E+5", "Eigenvectors", "Translational",  @
"(NON-LAYERED)", "MAG", "Default", "DeriveAverage", "All", "ShapeFunc" )
res_data_title( 0, "Nodal", "Scalar", 1, [ @
"$POFF@@@$PT: @@@$LCN, @@@$SCN, @@@$PRN, @@@$SRN, @@@$DRVL, @@@$LN "] )
res_display_fringe_create( "", "FreeFaces", 0, [""], 12, [ @
"Range:Fri_default_Fringe", "RangeOverwrite:ON", "FringeStyle:Discrete/Smooth" @
, "Shade:None", "ElemEdge:FreeEdge,Blue,Solid,1", "Shrink:0",  @
"TitleDisplay:ON", "MinMaxDisplay:ON", "ValueDisplay:OFF", "Filter:None",  @
"ScaleFactor:1.", "LabelStyle:Exponential, 12, White, 3"], TRUE )
res_display_fringe_post( "", 0, "Nodal", TRUE, TRUE )
res_data_load_dbresult( 0, "Nodal", "Vector", "LoadCase_buckling",  @
"A2:Mode 1 : Factor = 2.5082E+5", "Eigenvectors", "Translational",  @
"(NON-LAYERED)", "", "Global", "", "", "" )
res_data_title( 0, "Nodal", "Vector", 1, [ @
"$POFF@@@$PT: @@@$LCN, @@@$SCN, @@@$PRN, @@@$SRN, @@@$DRVL"] )
res_display_deformation_create( "", "Elements", 0, [""], 9, [ @
"DeformedStyle:White,Solid,1,Wireframe", "DeformedScale:Model=0.1",  @
"UndeformedStyle:ON,Blue,Solid,1,Wireframe", "TitleDisplay:ON",  @
"MinMaxDisplay:ON", "ScaleFactor:1.", "LabelStyle:Exponential, 12, White, 3",  @
"DeformDisplay:Resultant", "DeformComps:OFF,OFF,OFF"] )
res_display_deformation_post( "", 0 )
uil_toolbar.wireframe(  )
res_data_load_dbresult( 0, "Nodal", "Scalar", "LoadCase_buckling",  @
"A2:Mode 1 : Factor = 2.5082E+5", "Eigenvectors", "Translational",  @
"(NON-LAYERED)", "MAG", "Default", "DeriveAverage", "All", "ShapeFunc" )
res_data_title( 0, "Nodal", "Scalar", 1, [ @
"$POFF@@@$PT: @@@$LCN, @@@$SCN, @@@$PRN, @@@$SRN, @@@$DRVL, @@@$LN "] )
res_display_fringe_create( "", "FreeFaces", 0, [""], 12, [ @
"Range:Fri_default_Fringe", "RangeOverwrite:ON", "FringeStyle:Discrete/Smooth" @
, "Shade:None", "ElemEdge:FreeEdge,Blue,Solid,1", "Shrink:0",  @
"TitleDisplay:ON", "MinMaxDisplay:ON", "ValueDisplay:OFF", "Filter:None",  @
"ScaleFactor:1.", "LabelStyle:Exponential, 12, White, 3"], TRUE )
res_display_fringe_post( "", 0, "Nodal", TRUE, TRUE )
res_data_load_dbresult( 0, "Nodal", "Vector", "LoadCase_buckling",  @
"A2:Mode 1 : Factor = 2.5082E+5", "Eigenvectors", "Translational",  @
"(NON-LAYERED)", "", "Global", "", "", "" )
res_data_title( 0, "Nodal", "Vector", 1, [ @
"$POFF@@@$PT: @@@$LCN, @@@$SCN, @@@$PRN, @@@$SRN, @@@$DRVL"] )
res_display_deformation_create( "", "Elements", 0, [""], 9, [ @
"DeformedStyle:White,Solid,1,Wireframe", "DeformedScale:Model=0.1",  @
"UndeformedStyle:ON,Blue,Solid,1,Wireframe", "TitleDisplay:ON",  @
"MinMaxDisplay:ON", "ScaleFactor:1.", "LabelStyle:Exponential, 12, White, 3",  @
"DeformDisplay:Resultant", "DeformComps:OFF,OFF,OFF"] )
res_display_deformation_post( "", 0 )
gm_visibility_widget( " Node 1:2 100:119 121:140 142:161 163:182 184:203 2" // @
"05:224 226:245 247:266 268:287 289:308 310:329 331:350 352:371 373:392 39" // @
"4:413 415:434 436:455 457:476 478:497 499:518 520:539 541:560 562:581 583" // @
":602 604:623 625:644 646:665 667:686 688:707 709:728 730:749 751:770 772:" // @
"791 793:812 814:833 835:854 856:875 877:896 898:917 919:938 940:959 961:9" // @
"80 982:1001 1003:1022 1024:1043 1045:1064 1066:1085 1087:1106 1108:1127 1" // @
"129:1148 1150:1169 1171:1190 1192:1211 1213:1232 1234:1253 1255:1274 1276" // @
":1295 1297:1316 1318:1337 1339:1358 1360:1379 1381:1400 1402:1421 1423:14" // @
"42 1444:1463 1465:1484 1486:1505 1507:1526 1528:1547 1549:1568 1570:1589 " // @
"1591:1610 1612:1631 1633:1652 1654:1673 1675:1694 1696:1715 1717:1736 173" // @
"8:1757 1759:1778 1780:1799 Element 100:1699 MPC 11:12", FALSE )
$# Warning reported from application Results
$#     The specified target nodes or elements already have associated results 
$# data or the specified target is empty or invalid.
res_data_load_dbresult( 0, "Nodal", "Scalar", "LoadCase_buckling",  @
"A2:Mode 1 : Factor = 2.5082E+5", "Eigenvectors", "Translational",  @
"(NON-LAYERED)", "MAG", "Default", "DeriveAverage", "All", "ShapeFunc" )
res_data_title( 0, "Nodal", "Scalar", 1, [ @
"$POFF@@@$PT: @@@$LCN, @@@$SCN, @@@$PRN, @@@$SRN, @@@$DRVL, @@@$LN "] )
res_display_fringe_create( "", "FreeFaces", 0, [""], 12, [ @
"Range:Fri_default_Fringe", "RangeOverwrite:ON", "FringeStyle:Discrete/Smooth" @
, "Shade:None", "ElemEdge:FreeEdge,Blue,Solid,1", "Shrink:0",  @
"TitleDisplay:ON", "MinMaxDisplay:ON", "ValueDisplay:OFF", "Filter:None",  @
"ScaleFactor:1.", "LabelStyle:Exponential, 12, White, 3"], TRUE )
res_display_fringe_post( "", 0, "Nodal", TRUE, TRUE )
res_data_load_dbresult( 0, "Nodal", "Vector", "LoadCase_buckling",  @
"A2:Mode 1 : Factor = 2.5082E+5", "Eigenvectors", "Translational",  @
"(NON-LAYERED)", "", "Global", "", "", "" )
res_data_title( 0, "Nodal", "Vector", 1, [ @
"$POFF@@@$PT: @@@$LCN, @@@$SCN, @@@$PRN, @@@$SRN, @@@$DRVL"] )
res_display_deformation_create( "", "Elements", 0, [""], 9, [ @
"DeformedStyle:White,Solid,1,Wireframe", "DeformedScale:Model=0.1",  @
"UndeformedStyle:ON,Blue,Solid,1,Wireframe", "TitleDisplay:ON",  @
"MinMaxDisplay:ON", "ScaleFactor:1.", "LabelStyle:Exponential, 12, White, 3",  @
"DeformDisplay:Resultant", "DeformComps:OFF,OFF,OFF"] )
res_display_deformation_post( "", 0 )
$# Warning reported from application Results
$#     The specified target nodes or elements already have associated results 
$# data or the specified target is empty or invalid.
gm_visibility_widget( " Node 1:2 100:119 121:140 142:161 163:182 184:203 2" // @
"05:224 226:245 247:266 268:287 289:308 310:329 331:350 352:371 373:392 39" // @
"4:413 415:434 436:455 457:476 478:497 499:518 520:539 541:560 562:581 583" // @
":602 604:623 625:644 646:665 667:686 688:707 709:728 730:749 751:770 772:" // @
"791 793:812 814:833 835:854 856:875 877:896 898:917 919:938 940:959 961:9" // @
"80 982:1001 1003:1022 1024:1043 1045:1064 1066:1085 1087:1106 1108:1127 1" // @
"129:1148 1150:1169 1171:1190 1192:1211 1213:1232 1234:1253 1255:1274 1276" // @
":1295 1297:1316 1318:1337 1339:1358 1360:1379 1381:1400 1402:1421 1423:14" // @
"42 1444:1463 1465:1484 1486:1505 1507:1526 1528:1547 1549:1568 1570:1589 " // @
"1591:1610 1612:1631 1633:1652 1654:1673 1675:1694 1696:1715 1717:1736 173" // @
"8:1757 1759:1778 1780:1799 Element 100:1699 MPC 11:12", TRUE )
res_data_load_dbresult( 0, "Nodal", "Scalar", "LoadCase_buckling",  @
"A2:Mode 1 : Factor = 2.5082E+5", "Eigenvectors", "Translational",  @
"(NON-LAYERED)", "MAG", "Default", "DeriveAverage", "All", "ShapeFunc" )
res_data_title( 0, "Nodal", "Scalar", 1, [ @
"$POFF@@@$PT: @@@$LCN, @@@$SCN, @@@$PRN, @@@$SRN, @@@$DRVL, @@@$LN "] )
res_display_fringe_create( "", "FreeFaces", 0, [""], 12, [ @
"Range:Fri_default_Fringe", "RangeOverwrite:ON", "FringeStyle:Discrete/Smooth" @
, "Shade:None", "ElemEdge:FreeEdge,Blue,Solid,1", "Shrink:0",  @
"TitleDisplay:ON", "MinMaxDisplay:ON", "ValueDisplay:OFF", "Filter:None",  @
"ScaleFactor:1.", "LabelStyle:Exponential, 12, White, 3"], TRUE )
res_display_fringe_post( "", 0, "Nodal", TRUE, TRUE )
res_data_load_dbresult( 0, "Nodal", "Vector", "LoadCase_buckling",  @
"A2:Mode 1 : Factor = 2.5082E+5", "Eigenvectors", "Translational",  @
"(NON-LAYERED)", "", "Global", "", "", "" )
res_data_title( 0, "Nodal", "Vector", 1, [ @
"$POFF@@@$PT: @@@$LCN, @@@$SCN, @@@$PRN, @@@$SRN, @@@$DRVL"] )
res_display_deformation_create( "", "Elements", 0, [""], 9, [ @
"DeformedStyle:White,Solid,1,Wireframe", "DeformedScale:Model=0.1",  @
"UndeformedStyle:ON,Blue,Solid,1,Wireframe", "TitleDisplay:ON",  @
"MinMaxDisplay:ON", "ScaleFactor:1.", "LabelStyle:Exponential, 12, White, 3",  @
"DeformDisplay:Resultant", "DeformComps:OFF,OFF,OFF"] )
res_display_deformation_post( "", 0 )
ga_view_aa_set( -63.893967, 30.678230, -55.656590 )
uil_primary_file.db_save(  )
ga_view_aa_set( -73.039360, 1.070977, -87.259094 )
ga_view_center_set( 0.003316, -0.030079 )
ga_view_zoom_set( 0.637063 )
ga_view_center_set( -0.001893, -0.018059 )
ga_view_zoom_set( 0.566278 )
ga_view_center_set( -0.006523, -0.007375 )
ga_view_zoom_set( 0.503358 )
ga_view_center_set( -0.011905, -0.000410 )
ga_view_zoom_set( 0.447430 )
ga_view_center_set( -0.016876, 0.005781 )
ga_view_zoom_set( 0.397715 )
ga_view_center_set( -0.024830, 0.015686 )
ga_view_zoom_set( 0.318172 )
ga_view_center_set( -0.028365, 0.019688 )
ga_view_zoom_set( 0.282820 )
ga_view_center_set( -0.031627, 0.023127 )
ga_view_zoom_set( 0.251395 )
ga_view_center_set( -0.034525, 0.026184 )
ga_view_zoom_set( 0.223463 )
ga_view_center_set( -0.037102, 0.028901 )
ga_view_zoom_set( 0.198633 )
ga_view_center_set( -0.034338, 0.026465 )
ga_view_zoom_set( 0.223463 )
ga_view_center_set( -0.031228, 0.023725 )
ga_view_zoom_set( 0.251395 )
ga_view_center_set( -0.027730, 0.020641 )
ga_view_zoom_set( 0.282820 )
ga_view_center_set( -0.023795, 0.017173 )
ga_view_zoom_set( 0.318172 )
ga_view_center_set( -0.019367, 0.013271 )
ga_view_zoom_set( 0.357944 )
ga_view_center_set( -0.014386, 0.008881 )
ga_view_zoom_set( 0.402687 )
ga_view_center_set( -0.008783, 0.003942 )
ga_view_zoom_set( 0.453023 )
ga_view_center_set( -0.002479, -0.001827 )
ga_view_zoom_set( 0.509650 )
ga_view_center_set( 0.004853, -0.009761 )
ga_view_zoom_set( 0.573357 )
ga_view_center_set( 0.013102, -0.018685 )
ga_view_zoom_set( 0.645026 )
ga_view_center_set( 0.022382, -0.028726 )
ga_view_zoom_set( 0.725655 )
ga_view_aa_set( -68.068916, -6.480644, -83.616371 )
ga_view_aa_set( -57.291546, -0.222411, -71.079185 )
ga_view_center_set( 0.023922, -0.057821 )
ga_view_zoom_set( 0.816361 )
ga_view_aa_set( -25.372244, -4.450040, -73.657806 )
ga_view_center_set( 0.024500, -0.089782 )
ga_view_zoom_set( 0.918407 )
ga_view_center_set( 0.023850, -0.128338 )
ga_view_zoom_set( 1.033207 )
ga_view_center_set( 0.022144, -0.173663 )
ga_view_zoom_set( 1.162358 )
ga_view_center_set( 0.024338, -0.127363 )
ga_view_zoom_set( 1.033207 )
ga_view_center_set( 0.026287, -0.086209 )
ga_view_zoom_set( 0.918407 )
ga_view_center_set( 0.028020, -0.049626 )
ga_view_zoom_set( 0.816361 )
ga_view_center_set( 0.029560, -0.018821 )
ga_view_zoom_set( 0.725655 )
ga_view_center_set( 0.030929, 0.008563 )
ga_view_zoom_set( 0.645026 )
ga_view_center_set( 0.032146, 0.032633 )
ga_view_zoom_set( 0.573357 )
ga_view_center_set( 0.033228, 0.054028 )
ga_view_zoom_set( 0.509650 )
ga_view_center_set( 0.033121, 0.071551 )
ga_view_zoom_set( 0.453023 )
ga_view_center_set( 0.033026, 0.087126 )
ga_view_zoom_set( 0.402687 )
ga_view_center_set( 0.032874, 0.112047 )
ga_view_zoom_set( 0.322149 )
ga_view_center_set( 0.032402, 0.122853 )
ga_view_zoom_set( 0.286355 )
ga_view_center_set( 0.031621, 0.132338 )
ga_view_zoom_set( 0.254538 )
ga_view_center_set( 0.030927, 0.140769 )
ga_view_zoom_set( 0.226256 )
ga_view_center_set( 0.030311, 0.148263 )
ga_view_zoom_set( 0.201116 )
ga_view_aa_set( -31.623407, 4.585042, -68.985619 )
ga_view_center_set( 0.035766, 0.144279 )
ga_view_zoom_set( 0.226256 )
ga_view_center_set( 0.041902, 0.139797 )
ga_view_zoom_set( 0.254538 )
ga_view_center_set( 0.048806, 0.134754 )
ga_view_zoom_set( 0.286355 )
ga_view_center_set( 0.056708, 0.129216 )
ga_view_zoom_set( 0.322149 )
ga_view_center_set( 0.065901, 0.124050 )
ga_view_zoom_set( 0.362418 )
ga_view_center_set( 0.076244, 0.118238 )
ga_view_zoom_set( 0.407720 )
ga_view_center_set( 0.087879, 0.111699 )
ga_view_zoom_set( 0.458685 )
ga_view_center_set( 0.100969, 0.104343 )
ga_view_zoom_set( 0.516021 )
ga_view_center_set( 0.117156, 0.101909 )
ga_view_zoom_set( 0.580524 )
ga_view_center_set( 0.135365, 0.099171 )
ga_view_zoom_set( 0.653089 )
ga_view_center_set( 0.155851, 0.096091 )
ga_view_zoom_set( 0.734725 )
ga_view_aa_set( -83.346672, 8.114638, -70.090797 )
ga_view_aa_set( -76.076302, 7.672412, -72.057121 )
ga_view_center_set( 0.119962, 0.086233 )
ga_view_zoom_set( 0.653089 )
ga_view_center_set( 0.088061, 0.077470 )
ga_view_zoom_set( 0.580524 )
ga_view_center_set( 0.059704, 0.069681 )
ga_view_zoom_set( 0.516021 )
ga_view_center_set( 0.034498, 0.062758 )
ga_view_zoom_set( 0.458685 )
ga_view_center_set( 0.012093, 0.056603 )
ga_view_zoom_set( 0.407720 )
ga_view_center_set( -0.007823, 0.051133 )
ga_view_zoom_set( 0.362418 )
ga_view_center_set( -0.025526, 0.046118 )
ga_view_zoom_set( 0.322149 )
ga_view_center_set( -0.041262, 0.041526 )
ga_view_zoom_set( 0.286355 )
ga_view_aa_set( -79.598366, 10.125240, -62.243397 )
ga_view_center_set( -0.055918, 0.039905 )
ga_view_zoom_set( 0.322149 )
ga_view_center_set( -0.072405, 0.038689 )
ga_view_zoom_set( 0.362418 )
ga_view_center_set( -0.090954, 0.037322 )
ga_view_zoom_set( 0.407720 )
ga_view_center_set( -0.114321, 0.037899 )
ga_view_zoom_set( 0.458685 )
ga_view_center_set( -0.140825, 0.038981 )
ga_view_zoom_set( 0.516021 )
ga_view_center_set( -0.170642, 0.040198 )
ga_view_zoom_set( 0.580524 )
ga_view_center_set( -0.204187, 0.042388 )
ga_view_zoom_set( 0.653089 )
ga_view_center_set( -0.241924, 0.045469 )
ga_view_zoom_set( 0.734725 )
ga_view_center_set( -0.284379, 0.049281 )
ga_view_zoom_set( 0.826566 )
ga_view_aa_set( -46.890781, 0.116206, -85.965607 )
ga_view_center_set( -0.327071, 0.013801 )
ga_view_zoom_set( 0.929887 )
ga_view_center_set( -0.375101, -0.026114 )
ga_view_zoom_set( 1.046123 )
ga_view_center_set( -0.429135, -0.071018 )
ga_view_zoom_set( 1.176888 )
ga_view_center_set( -0.489922, -0.121536 )
ga_view_zoom_set( 1.323999 )
ga_view_center_set( -0.429135, -0.071019 )
ga_view_zoom_set( 1.176888 )
ga_view_center_set( -0.375102, -0.026114 )
ga_view_zoom_set( 1.046123 )
ga_view_center_set( -0.327072, 0.013801 )
ga_view_zoom_set( 0.929887 )
ga_view_center_set( -0.284379, 0.049280 )
ga_view_zoom_set( 0.826566 )
ga_view_center_set( -0.246430, 0.080818 )
ga_view_zoom_set( 0.734725 )
ga_view_center_set( -0.185711, 0.131278 )
ga_view_zoom_set( 0.587780 )
ga_view_center_set( -0.158725, 0.153705 )
ga_view_zoom_set( 0.522471 )
ga_view_center_set( -0.115547, 0.189588 )
ga_view_zoom_set( 0.417977 )
ga_view_center_set( -0.081636, 0.217978 )
ga_view_zoom_set( 0.334382 )
ga_view_center_set( -0.066564, 0.230596 )
ga_view_zoom_set( 0.297228 )
ga_view_center_set( -0.053167, 0.241813 )
ga_view_zoom_set( 0.264203 )
ga_view_center_set( -0.041258, 0.251782 )
ga_view_zoom_set( 0.234847 )
ga_view_center_set( -0.031067, 0.260053 )
ga_view_zoom_set( 0.208753 )
ga_view_center_set( -0.022008, 0.267318 )
ga_view_zoom_set( 0.185558 )
ga_view_center_set( -0.007933, 0.278942 )
ga_view_zoom_set( 0.148447 )
ga_view_center_set( -0.015671, 0.271099 )
ga_view_zoom_set( 0.167002 )
ga_view_center_set( -0.024376, 0.262276 )
ga_view_zoom_set( 0.187878 )
ga_view_center_set( -0.034168, 0.252351 )
ga_view_zoom_set( 0.211362 )
ga_view_center_set( -0.044986, 0.243079 )
ga_view_zoom_set( 0.237783 )
ga_view_center_set( -0.057155, 0.232647 )
ga_view_zoom_set( 0.267505 )
ga_view_center_set( -0.070089, 0.223815 )
ga_view_zoom_set( 0.300944 )
msc_dra_init_stream(  )
msc_dra_add_param( "DATABASE", "C:\Users\diego\Dropbox\Academic\MEng Space" // @
" Systems\2. EUE\FEA\3.Buckling\Buckling_cylinder.db" )
msc_dra_add_param( "JOBNAME", "" )
msc_dra_add_param( "RESULTS FILE", "C:\Users\diego\Dropbox\Academic\MEng S" // @
"pace Systems\2. EUE\FEA\3.Buckling\Analysis_buckling2.2\buckling_cylinder" // @
"2.2.xdb" )
msc_dra_add_param( "OBJECT", "Result Entities" )
msc_dra_add_param( "ANALYSIS TYPE", "Structural" )
msc_dra_add_param( "DIVISION TOLERANCE", "1.0E-8" )
msc_dra_add_param( "NUMERICAL TOLERANCE", "1.0E-4" )
msc_dra_add_param( "MODEL TOLERANCE", "4.9999999E-06" )
msc_dra_add_param( "ROTATIONAL NODAL RESULTS", "OFF" )
msc_dra_add_param( "STRESS/STRAIN INVARIANTS", "OFF" )
msc_dra_add_param( "PRINCIPAL DIRECTIONS", "OFF" )
msc_dra_add_param( "ELEMENT RESULTS POSITIONS", "Nodal       " )
msc_dra_add_param( "TITLE DESCRIPTION", "ON" )
msc_dra_finish_stream(  )
analysis_import( "MSC.Nastran", "", "Attach Results File No Job",  @
"C:\Users\diego\Dropbox\Academic\MEng Space Systems\2. EUE\FEA\3.Buckling\" // @
"Analysis_buckling2.2\buckling_cylinder2.2.xdb", TRUE )
$# Attaching Direct Results Access file: 
$# "C:\Users\diego\Dropbox\Academic\MEng Space Systems\2. 
$# EUE\FEA\3.Buckling\Analysis_buckling2.2\buckling_cylinder2.2.xdb"
$# XDB file created by "MSC.NASTRAN V2020" on 3/30/2021 using "VENDOR:INTEL   
$#              MODEL:XEON/2874 (KLKGNG)   OPSYS:WINDOWS 10 HOME 6.2"
$# *** Begin: Attach Result File ***
$# Processing result load case: SC1:LOADCASE_BUCKLING
$# Processing result load case: SC2:LOADCASE_BUCKLING
$# Processing result sub-case: Static Subcase
$# Processing result sub-case: Mode 1 : Factor = 2.5094E+5
$# Total execution time in real seconds:        0.000
$# Total execution time in CPU  seconds:        0.000
$# *** End:   Attach Result File ***
res_data_load_dbresult( 0, "Nodal", "Scalar", "SC2:LOADCASE_BUCKLING",  @
"A3:Mode 1 : Factor = 2.5094E+5", "Eigenvectors", "Translational",  @
"(NON-LAYERED)", "MAG", "Default", "DeriveAverage", "All", "ShapeFunc" )
res_data_title( 0, "Nodal", "Scalar", 1, [ @
"$POFF@@@$PT: @@@$LCN, @@@$SCN, @@@$PRN, @@@$SRN, @@@$DRVL, @@@$LN "] )
res_display_fringe_create( "", "FreeFaces", 0, [""], 12, [ @
"Range:Fri_default_Fringe", "RangeOverwrite:ON", "FringeStyle:Discrete/Smooth" @
, "Shade:None", "ElemEdge:FreeEdge,Blue,Solid,1", "Shrink:0",  @
"TitleDisplay:ON", "MinMaxDisplay:ON", "ValueDisplay:OFF", "Filter:None",  @
"ScaleFactor:1.", "LabelStyle:Exponential, 12, White, 3"], TRUE )
res_display_fringe_post( "", 0, "Nodal", TRUE, TRUE )
res_data_load_dbresult( 0, "Nodal", "Vector", "SC2:LOADCASE_BUCKLING",  @
"A3:Mode 1 : Factor = 2.5094E+5", "Eigenvectors", "Translational",  @
"(NON-LAYERED)", "", "Global", "", "", "" )
res_data_title( 0, "Nodal", "Vector", 1, [ @
"$POFF@@@$PT: @@@$LCN, @@@$SCN, @@@$PRN, @@@$SRN, @@@$DRVL"] )
res_display_deformation_create( "", "Elements", 0, [""], 9, [ @
"DeformedStyle:White,Solid,1,Wireframe", "DeformedScale:Model=0.1",  @
"UndeformedStyle:ON,Blue,Solid,1,Wireframe", "TitleDisplay:ON",  @
"MinMaxDisplay:ON", "ScaleFactor:1.", "LabelStyle:Exponential, 12, White, 3",  @
"DeformDisplay:Resultant", "DeformComps:OFF,OFF,OFF"] )
res_display_deformation_post( "", 0 )
ga_view_center_set( -0.031666, 0.203121 )
ga_view_zoom_set( 0.267505 )
ga_view_center_set( 0.002375, 0.184726 )
ga_view_zoom_set( 0.237783 )
ga_view_center_set( -0.004860, 0.203569 )
ga_view_zoom_set( 0.267505 )
ga_view_center_set( -0.012241, 0.224894 )
ga_view_zoom_set( 0.300944 )
ga_view_center_set( -0.020120, 0.248884 )
ga_view_zoom_set( 0.338562 )
ga_view_center_set( -0.028983, 0.275873 )
ga_view_zoom_set( 0.380882 )
ga_view_center_set( -0.038954, 0.310008 )
ga_view_zoom_set( 0.428492 )
ga_view_center_set( -0.050172, 0.348411 )
ga_view_zoom_set( 0.482053 )
ga_view_aa_set( -115.884483, 20.223642, -31.425974 )
ga_view_center_set( -0.093557, 0.083282 )
ga_view_center_set( -0.104585, 0.106702 )
ga_view_zoom_set( 0.542310 )
ga_view_center_set( -0.116991, 0.133050 )
ga_view_zoom_set( 0.610099 )
ga_view_center_set( -0.130949, 0.162692 )
ga_view_zoom_set( 0.686361 )
ga_view_center_set( -0.146651, 0.196039 )
ga_view_zoom_set( 0.772156 )
ga_view_center_set( -0.164316, 0.233554 )
ga_view_zoom_set( 0.868676 )
ga_view_aa_set( -35.967865, 18.597975, -90.762360 )
uil_primary_file.db_save(  )
ga_view_aa_set( -82.942757, 8.864748, -113.913849 )
ga_view_aa_set( -81.894150, 5.690973, -146.013626 )
ga_view_aa_set( -85.564293, -3.231234, -55.880943 )
ga_view_center_set( -0.187467, 0.258139 )
ga_view_zoom_set( 0.977261 )
ga_view_center_set( -0.213512, 0.285798 )
ga_view_zoom_set( 1.099418 )
ga_view_center_set( -0.242812, 0.316914 )
ga_view_zoom_set( 1.236845 )
ga_view_center_set( -0.275776, 0.351919 )
ga_view_zoom_set( 1.391451 )
ga_view_center_set( -0.243979, 0.316330 )
ga_view_zoom_set( 1.236845 )
ga_view_center_set( -0.216753, 0.284178 )
ga_view_zoom_set( 1.099418 )
ga_view_center_set( -0.173191, 0.232733 )
ga_view_zoom_set( 0.879535 )
ga_view_center_set( -0.153830, 0.209869 )
ga_view_zoom_set( 0.781808 )
ga_view_center_set( -0.136621, 0.189545 )
ga_view_zoom_set( 0.694941 )
ga_view_center_set( -0.121906, 0.171480 )
ga_view_zoom_set( 0.617725 )
ga_view_center_set( -0.108827, 0.155422 )
ga_view_zoom_set( 0.549089 )
ga_view_center_set( -0.097301, 0.191423 )
ga_view_zoom_set( 0.617725 )
ga_view_center_set( -0.075593, 0.241249 )
ga_view_zoom_set( 0.694941 )
ga_view_center_set( -0.077196, 0.195503 )
ga_view_zoom_set( 0.617725 )
ga_view_center_set( -0.078621, 0.154839 )
ga_view_zoom_set( 0.549089 )
ga_view_center_set( -0.079887, 0.118694 )
ga_view_zoom_set( 0.488079 )
ga_view_center_set( -0.078621, 0.154839 )
ga_view_zoom_set( 0.549089 )
ga_view_center_set( -0.077196, 0.195503 )
ga_view_zoom_set( 0.617725 )
ga_view_center_set( -0.073991, 0.286996 )
ga_view_zoom_set( 0.772156 )
ga_view_center_set( -0.071988, 0.344179 )
ga_view_zoom_set( 0.868676 )
ga_view_center_set( -0.069734, 0.405233 )
ga_view_zoom_set( 0.977261 )
ga_view_center_set( -0.069965, 0.483598 )
ga_view_zoom_set( 1.099418 )
ga_view_center_set( -0.070224, 0.571759 )
ga_view_zoom_set( 1.236845 )
ga_view_center_set( 0.003987, -0.059033 )
ga_view_center_set( 0.024114, 0.004560 )
ga_view_zoom_set( 1.391451 )
ga_view_center_set( 0.046759, 0.076102 )
ga_view_zoom_set( 1.565382 )
ga_view_center_set( 0.024114, 0.006529 )
ga_view_zoom_set( 1.391451 )
ga_view_center_set( 0.003986, -0.055313 )
ga_view_zoom_set( 1.236845 )
ga_view_center_set( -0.013905, -0.110284 )
ga_view_zoom_set( 1.099418 )
ga_view_center_set( -0.029809, -0.159147 )
ga_view_zoom_set( 0.977261 )
ga_view_center_set( -0.043945, -0.202581 )
ga_view_zoom_set( 0.868676 )
ga_view_center_set( -0.009198, 0.023275 )
ga_view_center_set( -0.003188, -0.010234 )
ga_view_zoom_set( 0.772156 )
uil_file_new.go( "C:\Program Files\MSC.Software\NaPa_SE\2020\Patran/templa" // @
"te.db", "C:\Users\diego\Dropbox\Academic\MEng Space Systems\2. EUE\FEA\EU" // @
"E Assignment\Buckling\Buckl_v0\DMC_Buckling_ex5.db" )
$# Question from application FILE
$#     A database is already open.
$# Do you want to create a new database C:\Users\diego\Dropbox\Academic\MEng 
$# Space Systems\2. EUE\FEA\EUE 
$# Assignment\Buckling\Buckl_v0\DMC_Buckling_ex5.db anyway ?
$? YES 36000037 
$# Flushing the User Data Manager
$# Journal file stopped recording at 30-Mar-21 17:53:04
$# Appending to existing journal file C:\Users\diego\Dropbox\Academic\MEng 
$# Space Systems\2. EUE\FEA\3.Buckling\Buckling_cylinder.db.jou at 30-Mar-21 
$# 17:57:57
$# Synchronizing the User Data Manager
set_current_dir( "C:\Users\diego\Dropbox\Academic\MEng Space Systems\2. EU" // @
"E\FEA\3.Buckling" )
$# The current working directory has been changed to the database location 
$# shown.                                                                     
$#                                                                            
$#                                   
ga_view_aa_set( 0., 0., 0. )
display_cleanup(  )
uil_toolbar.shaded_smooth(  )
ga_view_aa_set( 72.975594, 21.920572, -40.241493 )
ga_view_aa_set( 0., 0., 0. )
ga_view_aa_set( 0., 180., 0. )
ga_view_aa_set( 90., 0., 0. )
ga_view_aa_set( 0., 180., 0. )
ga_view_aa_set( 0., 0., 0. )
ga_view_aa_set( 0., 180., 0. )
ga_view_aa_set( 103.777756, 6.276671, 164.578720 )
loadsbcs_plot_markers_v2( ["SPC_1236", "SPC_12", "Force_1N"], ["default_group" @
], TRUE, 0. )
ga_view_aa_set( -75.331329, -2.261557, 150.809769 )
ga_view_aa_set( -84.771385, -6.541964, 114.041862 )
ga_view_aa_set( -88.829155, -2.210111, -178.913864 )
ga_view_aa_set( 0., 180., 0. )
ga_view_aa_set( 23., -34., 0. )
ga_view_aa_set( 90., 0., 0. )
ga_view_aa_set( -90., 0., 0. )
ga_view_aa_set( -75.011444, -0.552972, -0.931860 )
$# Flushing the User Data Manager
$# Journal file stopped recording at 30-Mar-21 17:59:03
