$# Creating journal file C:\Users\diego\Dropbox\Academic\MEng Space 
$# Systems\2. EUE - Estructuras de Uso Espacial\Patran 
$# files\3.Nastran.Buckling\Buckling_cylinder.db.jou at 30-Mar-21 14:58:02
uil_file_rebuild.start("C:\Program Files\MSC.Software\NaPa_SE\2020\Patran/" // @
"template.db","C:\Users\diego\Dropbox\Academic\MEng Space Systems\2. EUE -" // @
" Estructuras de Uso Espacial\Patran files\3.Nastran.Buckling\Buckling_cyl" // @
"inder.db")
$# Synchronizing the User Data Manager
set_current_dir( "C:\Users\diego\Dropbox\Academic\MEng Space Systems\2. EU" // @
"E - Estructuras de Uso Espacial\Patran files\3.Nastran.Buckling" )
$# The current working directory has been changed to the database location 
$# shown.                                                                     
$#                                                                            
$#                                   
db_set_pref( 303, 3, 0, FALSE, 4.9999999E-06, "" )
STRING asm_create_grid_xyz_created_ids[VIRTUAL]
asm_const_grid_xyz( "1", "[0 0 0]", "Coord 0", asm_create_grid_xyz_created_ids )
$# 1 Point created: Point 1
$# UNDO:
ga_view_center_set( -0.004309, 0.131405 )
ga_view_zoom_set( 0.854297 )
ga_view_center_set( -0.004511, 0.093526 )
ga_view_zoom_set( 0.961084 )
ga_view_center_set( -0.004738, 0.050458 )
ga_view_zoom_set( 1.081220 )
ga_view_center_set( -0.004511, 0.093526 )
ga_view_zoom_set( 0.961084 )
ga_view_center_set( -0.004309, 0.131808 )
ga_view_zoom_set( 0.854297 )
ga_view_center_set( -0.003414, 0.168344 )
ga_view_zoom_set( 0.759375 )
ga_view_center_set( -0.002618, 0.200820 )
ga_view_zoom_set( 0.675000 )
ga_view_center_set( -0.000881, 0.271678 )
ga_view_zoom_set( 0.490909 )
ga_view_center_set( -0.000367, 0.292673 )
ga_view_zoom_set( 0.436364 )
ga_view_center_set( 0.000091, 0.311335 )
ga_view_zoom_set( 0.387879 )
ga_view_center_set( 0.000823, 0.341194 )
ga_view_zoom_set( 0.310303 )
ga_view_center_set( 0.001148, 0.354465 )
ga_view_zoom_set( 0.275825 )
ga_view_center_set( 0.001437, 0.366261 )
ga_view_zoom_set( 0.245178 )
ga_view_center_set( 0.002068, 0.391999 )
ga_view_zoom_set( 0.178311 )
ga_view_center_set( 0.000260, 0.405877 )
ga_view_zoom_set( 0.200600 )
ga_view_center_set( -0.005844, 0.452715 )
ga_view_zoom_set( 0.275825 )
ga_view_center_set( -0.008771, 0.473402 )
ga_view_zoom_set( 0.310303 )
ga_view_center_set( -0.015650, 0.519947 )
ga_view_zoom_set( 0.387879 )
ga_view_center_set( -0.028549, 0.607220 )
ga_view_zoom_set( 0.533333 )
ga_view_center_set( -0.039744, 0.656025 )
ga_view_zoom_set( 0.600000 )
ga_view_center_set( -0.093744, 0.062025 )
ga_view_center_set( -0.109735, 0.086365 )
ga_view_zoom_set( 0.675000 )
ga_view_center_set( -0.127724, 0.113747 )
ga_view_zoom_set( 0.759375 )
point_size( 1 )
$# Flushing the User Data Manager
$# Journal file stopped recording at 30-Mar-21 16:41:25
$# Appending to existing journal file C:\Users\diego\Dropbox\Academic\MEng 
$# Space Systems\2. EUE - Estructuras de Uso Espacial\Patran 
$# files\3.Nastran.Buckling\Buckling_cylinder.db.jou at 30-Mar-21 16:41:42
$# Synchronizing the User Data Manager
set_current_dir( "C:\Users\diego\Dropbox\Academic\MEng Space Systems\2. EU" // @
"E - Estructuras de Uso Espacial\Patran files\3.Nastran.Buckling" )
$# The current working directory has been changed to the database location 
$# shown.                                                                     
$#                                                                            
$#                                   
point_size( 9 )
ga_view_center_set( -0.109735, 0.155139 )
ga_view_zoom_set( 0.675000 )
ga_view_center_set( -0.093744, 0.191931 )
ga_view_zoom_set( 0.600000 )
ga_view_center_set( -0.109735, 0.155139 )
ga_view_zoom_set( 0.675000 )
ga_view_center_set( -0.127724, 0.113747 )
ga_view_zoom_set( 0.759375 )
ga_view_center_set( -0.147962, 0.067182 )
ga_view_zoom_set( 0.854297 )
ga_view_center_set( -0.170730, 0.014796 )
ga_view_zoom_set( 0.961084 )
ga_view_center_set( -0.196344, -0.044138 )
ga_view_zoom_set( 1.081219 )
ga_view_center_set( -0.225159, -0.110439 )
ga_view_zoom_set( 1.216372 )
ga_view_center_set( -0.289994, -0.259617 )
ga_view_zoom_set( 1.520465 )
ga_view_center_set( -0.330516, -0.352853 )
ga_view_zoom_set( 1.710523 )
ga_view_center_set( -0.376103, -0.457743 )
ga_view_zoom_set( 1.924338 )
ga_view_center_set( -0.330516, -0.353660 )
ga_view_zoom_set( 1.710523 )
ga_view_center_set( -0.289993, -0.261858 )
ga_view_zoom_set( 1.520465 )
ga_view_center_set( -0.253974, -0.181531 )
ga_view_zoom_set( 1.351524 )
ga_view_center_set( -0.221956, -0.110697 )
ga_view_zoom_set( 1.201355 )
ga_view_center_set( -0.192993, -0.048740 )
ga_view_zoom_set( 1.067871 )
ga_view_center_set( -0.167248, 0.006332 )
ga_view_zoom_set( 0.949219 )
ga_view_center_set( -0.144363, 0.055286 )
ga_view_zoom_set( 0.843750 )
ga_view_center_set( -0.124021, 0.098800 )
ga_view_zoom_set( 0.750000 )
ga_view_center_set( -0.105939, 0.137479 )
ga_view_zoom_set( 0.666667 )
ga_view_center_set( -0.089867, 0.171861 )
ga_view_zoom_set( 0.592593 )
ga_view_center_set( -0.075580, 0.202422 )
ga_view_zoom_set( 0.526749 )
ga_view_center_set( -0.062880, 0.229588 )
ga_view_zoom_set( 0.468221 )
ga_view_center_set( -0.051592, 0.253735 )
ga_view_zoom_set( 0.416197 )
ga_view_center_set( -0.041558, 0.275199 )
ga_view_zoom_set( 0.369953 )
ga_view_center_set( -0.035431, 0.298002 )
ga_view_zoom_set( 0.328847 )
ga_view_center_set( -0.030536, 0.318408 )
ga_view_zoom_set( 0.292308 )
ga_view_center_set( -0.026185, 0.336547 )
ga_view_zoom_set( 0.259830 )
ga_view_center_set( -0.022318, 0.352671 )
ga_view_zoom_set( 0.230960 )
ga_view_center_set( -0.018880, 0.367003 )
ga_view_zoom_set( 0.205297 )
ga_view_center_set( -0.016254, 0.380517 )
ga_view_zoom_set( 0.182487 )
ga_view_center_set( -0.013921, 0.392530 )
ga_view_zoom_set( 0.162210 )
ga_view_center_set( -0.011846, 0.403208 )
ga_view_zoom_set( 0.144187 )
ga_view_center_set( -0.010002, 0.412700 )
ga_view_zoom_set( 0.128166 )
ga_view_center_set( -0.008363, 0.421137 )
ga_view_zoom_set( 0.113925 )
ga_view_center_set( -0.006907, 0.428636 )
ga_view_zoom_set( 0.101267 )
ga_view_center_set( -0.004575, 0.440635 )
ga_view_zoom_set( 0.081014 )
ga_view_center_set( -0.003539, 0.445968 )
ga_view_zoom_set( 0.072012 )
ga_view_center_set( -0.002649, 0.450286 )
ga_view_zoom_set( 0.064011 )
ga_view_center_set( -0.001884, 0.454070 )
ga_view_zoom_set( 0.056898 )
ga_view_center_set( -0.000660, 0.459996 )
ga_view_zoom_set( 0.045519 )
ga_view_center_set( -0.000116, 0.462611 )
ga_view_zoom_set( 0.040461 )
ga_view_center_set( 0.000317, 0.464579 )
ga_view_zoom_set( 0.035965 )
ga_view_center_set( 0.000701, 0.466298 )
ga_view_zoom_set( 0.031969 )
ga_view_center_set( 0.001030, 0.467786 )
ga_view_zoom_set( 0.028417 )
ga_view_center_set( 0.001555, 0.470146 )
ga_view_zoom_set( 0.022734 )
ga_view_center_set( 0.001789, 0.471175 )
ga_view_zoom_set( 0.020208 )
ga_view_center_set( 0.001996, 0.472090 )
ga_view_zoom_set( 0.017962 )
ga_view_center_set( 0.002328, 0.473554 )
ga_view_zoom_set( 0.014370 )
ga_view_center_set( 0.002594, 0.474726 )
ga_view_zoom_set( 0.011496 )
ga_view_center_set( 0.002717, 0.475241 )
ga_view_zoom_set( 0.010219 )
ga_view_center_set( 0.002826, 0.475700 )
ga_view_zoom_set( 0.009083 )
ga_view_center_set( 0.002923, 0.476107 )
ga_view_zoom_set( 0.008074 )
ga_view_center_set( 0.003010, 0.476469 )
ga_view_zoom_set( 0.007177 )
ga_view_center_set( 0.002842, 0.476212 )
ga_view_zoom_set( 0.008074 )
ga_view_center_set( 0.002653, 0.475927 )
ga_view_zoom_set( 0.009083 )
ga_view_center_set( 0.002229, 0.475293 )
ga_view_zoom_set( 0.011354 )
ga_view_center_set( 0.001964, 0.474896 )
ga_view_zoom_set( 0.012773 )
ga_view_center_set( 0.001666, 0.474451 )
ga_view_zoom_set( 0.014370 )
ga_view_center_set( 0.001330, 0.473949 )
ga_view_zoom_set( 0.016166 )
ga_view_center_set( 0.000839, 0.473659 )
ga_view_zoom_set( 0.018187 )
ga_view_center_set( -0.000268, 0.473008 )
ga_view_zoom_set( 0.022734 )
ga_view_center_set( -0.000960, 0.472600 )
ga_view_zoom_set( 0.025575 )
ga_view_center_set( -0.001738, 0.472142 )
ga_view_zoom_set( 0.028772 )
ga_view_center_set( -0.003516, 0.471463 )
ga_view_zoom_set( 0.035965 )
ga_view_center_set( -0.005738, 0.470615 )
ga_view_zoom_set( 0.044957 )
ga_view_center_set( -0.007127, 0.470085 )
ga_view_zoom_set( 0.050576 )
ga_view_center_set( -0.008761, 0.469608 )
ga_view_zoom_set( 0.056898 )
ga_view_center_set( -0.010600, 0.469071 )
ga_view_zoom_set( 0.064011 )
ga_view_center_set( -0.014736, 0.467864 )
ga_view_zoom_set( 0.080014 )
ga_view_center_set( -0.017322, 0.467109 )
ga_view_zoom_set( 0.090015 )
ga_view_center_set( -0.024073, 0.466515 )
ga_view_zoom_set( 0.112519 )
ga_view_center_set( -0.028292, 0.466143 )
ga_view_zoom_set( 0.126584 )
ga_view_center_set( -0.033039, 0.465725 )
ga_view_zoom_set( 0.142407 )
ga_view_center_set( -0.038379, 0.465255 )
ga_view_zoom_set( 0.160208 )
ga_view_center_set( -0.044387, 0.464726 )
ga_view_zoom_set( 0.180234 )
ga_view_center_set( -0.054122, 0.466851 )
ga_view_zoom_set( 0.202763 )
ga_view_center_set( -0.065073, 0.469242 )
ga_view_zoom_set( 0.228108 )
ga_view_center_set( -0.089713, 0.474622 )
ga_view_zoom_set( 0.285135 )
ga_view_center_set( -0.105382, 0.477716 )
ga_view_zoom_set( 0.320777 )
ga_view_center_set( -0.149413, 0.490426 )
ga_view_zoom_set( 0.400972 )
ga_view_center_set( -0.176932, 0.498370 )
ga_view_zoom_set( 0.451093 )
ga_view_center_set( -0.207892, 0.507519 )
ga_view_zoom_set( 0.507480 )
ga_view_center_set( -0.277551, 0.528106 )
ga_view_zoom_set( 0.634349 )
ga_view_aa_set( 63.847046, 53.578556, 29.666693 )
uil_toolbar.model_center(  )
ga_view_aa_set( 23., -34., 0. )
ga_view_aa_set( 23., 56., 0. )
ga_view_aa_set( 90., 0., 0. )
ga_view_aa_set( -90., 0., 0. )
gu_fit_view(  )
ga_view_aa_set( -90.000000, 0.000000, 0.000000 )
ga_view_aa_set( -76.997330, 0.291549, -0.048795 )
STRING sgm_create_curve_2d_created_ids[VIRTUAL]
sgm_const_curve_2d_circle_v2( "1", 1, 0.1, "Coord 0.3", "", "Point 1 2",  @
FALSE, sgm_create_curve_2d_created_ids )
$# 2 Curves Created: Curves 1,2
STRING sgm_surface_2curve_created_ids[VIRTUAL]
sgm_const_surface_2curve( "1", "Curve 1", "Curve 2",  @
sgm_surface_2curve_created_ids )
$# 1 Surface Created: Surface 1
uil_toolbar.shaded_smooth(  )
ga_view_aa_set( -54.603840, -2.994191, 75.471016 )
uil_primary_file.db_save(  )
