$# Creating journal file C:\Users\diego\Dropbox\Academic\MEng Space 
$# Systems\2. EUE - Estructuras de Uso Espacial\Patran 
$# files\3.Nastran.Buckling\Buckling_cylinder.db.jou at 30-Mar-21 14:58:02
uil_file_rebuild.start("C:\Program Files\MSC.Software\NaPa_SE\2020\Patran/" // @
"template.db","C:\Users\diego\Dropbox\Academic\MEng Space Systems\2. EUE -" // @
" Estructuras de Uso Espacial\Patran files\3.Nastran.Buckling\Buckling_cyl" // @
"inder.db")
$# Synchronizing the User Data Manager
set_current_dir( "C:\Users\diego\Dropbox\Academic\MEng Space Systems\2. EU" // @
"E - Estructuras de Uso Espacial\Patran files\3.Nastran.Buckling" )
$# The current working directory has been changed to the database location 
$# shown.                                                                     
$#                                                                            
$#                                   
db_set_pref( 303, 3, 0, FALSE, 4.9999999E-06, "" )
STRING asm_create_grid_xyz_created_ids[VIRTUAL]
asm_const_grid_xyz( "1", "[0 0 0]", "Coord 0", asm_create_grid_xyz_created_ids )
$# 1 Point created: Point 1
$# UNDO:
ga_view_center_set( -0.004309, 0.131405 )
ga_view_zoom_set( 0.854297 )
ga_view_center_set( -0.004511, 0.093526 )
ga_view_zoom_set( 0.961084 )
ga_view_center_set( -0.004738, 0.050458 )
ga_view_zoom_set( 1.081220 )
ga_view_center_set( -0.004511, 0.093526 )
ga_view_zoom_set( 0.961084 )
ga_view_center_set( -0.004309, 0.131808 )
ga_view_zoom_set( 0.854297 )
ga_view_center_set( -0.003414, 0.168344 )
ga_view_zoom_set( 0.759375 )
ga_view_center_set( -0.002618, 0.200820 )
ga_view_zoom_set( 0.675000 )
ga_view_center_set( -0.000881, 0.271678 )
ga_view_zoom_set( 0.490909 )
ga_view_center_set( -0.000367, 0.292673 )
ga_view_zoom_set( 0.436364 )
ga_view_center_set( 0.000091, 0.311335 )
ga_view_zoom_set( 0.387879 )
ga_view_center_set( 0.000823, 0.341194 )
ga_view_zoom_set( 0.310303 )
ga_view_center_set( 0.001148, 0.354465 )
ga_view_zoom_set( 0.275825 )
ga_view_center_set( 0.001437, 0.366261 )
ga_view_zoom_set( 0.245178 )
ga_view_center_set( 0.002068, 0.391999 )
ga_view_zoom_set( 0.178311 )
ga_view_center_set( 0.000260, 0.405877 )
ga_view_zoom_set( 0.200600 )
ga_view_center_set( -0.005844, 0.452715 )
ga_view_zoom_set( 0.275825 )
ga_view_center_set( -0.008771, 0.473402 )
ga_view_zoom_set( 0.310303 )
ga_view_center_set( -0.015650, 0.519947 )
ga_view_zoom_set( 0.387879 )
ga_view_center_set( -0.028549, 0.607220 )
ga_view_zoom_set( 0.533333 )
ga_view_center_set( -0.039744, 0.656025 )
ga_view_zoom_set( 0.600000 )
ga_view_center_set( -0.093744, 0.062025 )
ga_view_center_set( -0.109735, 0.086365 )
ga_view_zoom_set( 0.675000 )
ga_view_center_set( -0.127724, 0.113747 )
ga_view_zoom_set( 0.759375 )
point_size( 1 )
$# Flushing the User Data Manager
$# Journal file stopped recording at 30-Mar-21 16:41:25
$# Appending to existing journal file C:\Users\diego\Dropbox\Academic\MEng 
$# Space Systems\2. EUE - Estructuras de Uso Espacial\Patran 
$# files\3.Nastran.Buckling\Buckling_cylinder.db.jou at 30-Mar-21 16:41:42
$# Synchronizing the User Data Manager
set_current_dir( "C:\Users\diego\Dropbox\Academic\MEng Space Systems\2. EU" // @
"E - Estructuras de Uso Espacial\Patran files\3.Nastran.Buckling" )
$# The current working directory has been changed to the database location 
$# shown.                                                                     
$#                                                                            
$#                                   
point_size( 9 )
ga_view_center_set( -0.109735, 0.155139 )
ga_view_zoom_set( 0.675000 )
ga_view_center_set( -0.093744, 0.191931 )
ga_view_zoom_set( 0.600000 )
ga_view_center_set( -0.109735, 0.155139 )
ga_view_zoom_set( 0.675000 )
ga_view_center_set( -0.127724, 0.113747 )
ga_view_zoom_set( 0.759375 )
ga_view_center_set( -0.147962, 0.067182 )
ga_view_zoom_set( 0.854297 )
ga_view_center_set( -0.170730, 0.014796 )
ga_view_zoom_set( 0.961084 )
ga_view_center_set( -0.196344, -0.044138 )
ga_view_zoom_set( 1.081219 )
ga_view_center_set( -0.225159, -0.110439 )
ga_view_zoom_set( 1.216372 )
ga_view_center_set( -0.289994, -0.259617 )
ga_view_zoom_set( 1.520465 )
ga_view_center_set( -0.330516, -0.352853 )
ga_view_zoom_set( 1.710523 )
ga_view_center_set( -0.376103, -0.457743 )
ga_view_zoom_set( 1.924338 )
ga_view_center_set( -0.330516, -0.353660 )
ga_view_zoom_set( 1.710523 )
ga_view_center_set( -0.289993, -0.261858 )
ga_view_zoom_set( 1.520465 )
ga_view_center_set( -0.253974, -0.181531 )
ga_view_zoom_set( 1.351524 )
ga_view_center_set( -0.221956, -0.110697 )
ga_view_zoom_set( 1.201355 )
ga_view_center_set( -0.192993, -0.048740 )
ga_view_zoom_set( 1.067871 )
ga_view_center_set( -0.167248, 0.006332 )
ga_view_zoom_set( 0.949219 )
ga_view_center_set( -0.144363, 0.055286 )
ga_view_zoom_set( 0.843750 )
ga_view_center_set( -0.124021, 0.098800 )
ga_view_zoom_set( 0.750000 )
ga_view_center_set( -0.105939, 0.137479 )
ga_view_zoom_set( 0.666667 )
ga_view_center_set( -0.089867, 0.171861 )
ga_view_zoom_set( 0.592593 )
ga_view_center_set( -0.075580, 0.202422 )
ga_view_zoom_set( 0.526749 )
ga_view_center_set( -0.062880, 0.229588 )
ga_view_zoom_set( 0.468221 )
ga_view_center_set( -0.051592, 0.253735 )
ga_view_zoom_set( 0.416197 )
ga_view_center_set( -0.041558, 0.275199 )
ga_view_zoom_set( 0.369953 )
ga_view_center_set( -0.035431, 0.298002 )
ga_view_zoom_set( 0.328847 )
ga_view_center_set( -0.030536, 0.318408 )
ga_view_zoom_set( 0.292308 )
ga_view_center_set( -0.026185, 0.336547 )
ga_view_zoom_set( 0.259830 )
ga_view_center_set( -0.022318, 0.352671 )
ga_view_zoom_set( 0.230960 )
ga_view_center_set( -0.018880, 0.367003 )
ga_view_zoom_set( 0.205297 )
ga_view_center_set( -0.016254, 0.380517 )
ga_view_zoom_set( 0.182487 )
ga_view_center_set( -0.013921, 0.392530 )
ga_view_zoom_set( 0.162210 )
ga_view_center_set( -0.011846, 0.403208 )
ga_view_zoom_set( 0.144187 )
ga_view_center_set( -0.010002, 0.412700 )
ga_view_zoom_set( 0.128166 )
ga_view_center_set( -0.008363, 0.421137 )
ga_view_zoom_set( 0.113925 )
ga_view_center_set( -0.006907, 0.428636 )
ga_view_zoom_set( 0.101267 )
ga_view_center_set( -0.004575, 0.440635 )
ga_view_zoom_set( 0.081014 )
ga_view_center_set( -0.003539, 0.445968 )
ga_view_zoom_set( 0.072012 )
ga_view_center_set( -0.002649, 0.450286 )
ga_view_zoom_set( 0.064011 )
ga_view_center_set( -0.001884, 0.454070 )
ga_view_zoom_set( 0.056898 )
ga_view_center_set( -0.000660, 0.459996 )
ga_view_zoom_set( 0.045519 )
ga_view_center_set( -0.000116, 0.462611 )
ga_view_zoom_set( 0.040461 )
ga_view_center_set( 0.000317, 0.464579 )
ga_view_zoom_set( 0.035965 )
ga_view_center_set( 0.000701, 0.466298 )
ga_view_zoom_set( 0.031969 )
ga_view_center_set( 0.001030, 0.467786 )
ga_view_zoom_set( 0.028417 )
ga_view_center_set( 0.001555, 0.470146 )
ga_view_zoom_set( 0.022734 )
ga_view_center_set( 0.001789, 0.471175 )
ga_view_zoom_set( 0.020208 )
ga_view_center_set( 0.001996, 0.472090 )
ga_view_zoom_set( 0.017962 )
ga_view_center_set( 0.002328, 0.473554 )
ga_view_zoom_set( 0.014370 )
ga_view_center_set( 0.002594, 0.474726 )
ga_view_zoom_set( 0.011496 )
ga_view_center_set( 0.002717, 0.475241 )
ga_view_zoom_set( 0.010219 )
ga_view_center_set( 0.002826, 0.475700 )
ga_view_zoom_set( 0.009083 )
ga_view_center_set( 0.002923, 0.476107 )
ga_view_zoom_set( 0.008074 )
ga_view_center_set( 0.003010, 0.476469 )
ga_view_zoom_set( 0.007177 )
ga_view_center_set( 0.002842, 0.476212 )
ga_view_zoom_set( 0.008074 )
ga_view_center_set( 0.002653, 0.475927 )
ga_view_zoom_set( 0.009083 )
ga_view_center_set( 0.002229, 0.475293 )
ga_view_zoom_set( 0.011354 )
ga_view_center_set( 0.001964, 0.474896 )
ga_view_zoom_set( 0.012773 )
ga_view_center_set( 0.001666, 0.474451 )
ga_view_zoom_set( 0.014370 )
ga_view_center_set( 0.001330, 0.473949 )
ga_view_zoom_set( 0.016166 )
ga_view_center_set( 0.000839, 0.473659 )
ga_view_zoom_set( 0.018187 )
ga_view_center_set( -0.000268, 0.473008 )
ga_view_zoom_set( 0.022734 )
ga_view_center_set( -0.000960, 0.472600 )
ga_view_zoom_set( 0.025575 )
ga_view_center_set( -0.001738, 0.472142 )
ga_view_zoom_set( 0.028772 )
ga_view_center_set( -0.003516, 0.471463 )
ga_view_zoom_set( 0.035965 )
ga_view_center_set( -0.005738, 0.470615 )
ga_view_zoom_set( 0.044957 )
ga_view_center_set( -0.007127, 0.470085 )
ga_view_zoom_set( 0.050576 )
ga_view_center_set( -0.008761, 0.469608 )
ga_view_zoom_set( 0.056898 )
ga_view_center_set( -0.010600, 0.469071 )
ga_view_zoom_set( 0.064011 )
ga_view_center_set( -0.014736, 0.467864 )
ga_view_zoom_set( 0.080014 )
ga_view_center_set( -0.017322, 0.467109 )
ga_view_zoom_set( 0.090015 )
ga_view_center_set( -0.024073, 0.466515 )
ga_view_zoom_set( 0.112519 )
ga_view_center_set( -0.028292, 0.466143 )
ga_view_zoom_set( 0.126584 )
ga_view_center_set( -0.033039, 0.465725 )
ga_view_zoom_set( 0.142407 )
ga_view_center_set( -0.038379, 0.465255 )
ga_view_zoom_set( 0.160208 )
ga_view_center_set( -0.044387, 0.464726 )
ga_view_zoom_set( 0.180234 )
ga_view_center_set( -0.054122, 0.466851 )
ga_view_zoom_set( 0.202763 )
ga_view_center_set( -0.065073, 0.469242 )
ga_view_zoom_set( 0.228108 )
ga_view_center_set( -0.089713, 0.474622 )
ga_view_zoom_set( 0.285135 )
ga_view_center_set( -0.105382, 0.477716 )
ga_view_zoom_set( 0.320777 )
ga_view_center_set( -0.149413, 0.490426 )
ga_view_zoom_set( 0.400972 )
ga_view_center_set( -0.176932, 0.498370 )
ga_view_zoom_set( 0.451093 )
ga_view_center_set( -0.207892, 0.507519 )
ga_view_zoom_set( 0.507480 )
ga_view_center_set( -0.277551, 0.528106 )
ga_view_zoom_set( 0.634349 )
ga_view_aa_set( 63.847046, 53.578556, 29.666693 )
uil_toolbar.model_center(  )
ga_view_aa_set( 23., -34., 0. )
ga_view_aa_set( 23., 56., 0. )
ga_view_aa_set( 90., 0., 0. )
ga_view_aa_set( -90., 0., 0. )
gu_fit_view(  )
ga_view_aa_set( -90.000000, 0.000000, 0.000000 )
ga_view_aa_set( -76.997330, 0.291549, -0.048795 )
STRING sgm_create_curve_2d_created_ids[VIRTUAL]
sgm_const_curve_2d_circle_v2( "1", 1, 0.1, "Coord 0.3", "", "Point 1 2",  @
FALSE, sgm_create_curve_2d_created_ids )
$# 2 Curves Created: Curves 1,2
STRING sgm_surface_2curve_created_ids[VIRTUAL]
sgm_const_surface_2curve( "1", "Curve 1", "Curve 2",  @
sgm_surface_2curve_created_ids )
$# 1 Surface Created: Surface 1
uil_toolbar.shaded_smooth(  )
ga_view_aa_set( -54.603840, -2.994191, 75.471016 )
uil_primary_file.db_save(  )
$# Warning reported from application MATERIALS
$#     The selected entity does not have an assigned material.
material.create( "Analysis code ID", 1, "Analysis type ID", 1, "Al7075", 0,  @
"Date: 30-Mar-21           Time: 16:47:38", "Isotropic", 1, "Directionality",  @
1, "Linearity", 1, "Homogeneous", 0, "Linear Elastic", 1,  @
"Model Options & IDs", ["", "", "", "", ""], [0, 0, 0, 0, 0], "Active Flag",  @
1, "Create", 10, "External Flag", FALSE, "Property IDs", ["Elastic Modulus",  @
"Poisson Ratio", "Density"], [2, 5, 16, 0], "Property Values", ["70E9", "0.33" @
, "2700", ""] )
elementprops_create( "2D_shell_1mm", 51, 25, 35, 1, 1, 20, [13, 20, 36, 4037,  @
4111, 4118, 4119, 8111, 4401, 4402, 4403, 4404, 4405, 4406, 4407, 4408, 4409], @
 [5, 9, 1, 1, 1, 1, 1, 4, 4, 1, 1, 1, 1, 1, 1, 4, 4], ["m:Al7075", "", "0.001" @
, "", "", "", "", "", "", "", "", "", "", "", "", "", ""], "" )
$# Property Set "2D_shell_1mm" created.
uil_primary_file.db_save(  )
ui_exec_function( "mesh_seed_display_mgr", "init" )
mesh_seed_create( "Curve 1", 1, 20, 0., 0., 0. )
mesh_seed_create( "Curve 2", 1, 20, 0., 0., 0. )
mesh_seed_create( "Surface 1.1", 1, 80, 0., 0., 0. )
ga_view_aa_set( -119.765923, -70.361221, -120.617188 )
ga_view_aa_set( -78.573273, -9.047308, 27.968981 )
ga_view_aa_set( -55.652004, -4.255874, -20.729410 )
INTEGER fem_create_mesh_surfa_num_nodes
INTEGER fem_create_mesh_surfa_num_elems
STRING fem_create_mesh_s_nodes_created[VIRTUAL]
STRING fem_create_mesh_s_elems_created[VIRTUAL]
fem_create_mesh_surf_4( "IsoMesh", 49152, "Surface 1", 1, ["0.154348"],  @
"Quad4", "100", "100", "Coord 0", "Coord 0", fem_create_mesh_surfa_num_nodes,  @
fem_create_mesh_surfa_num_elems, fem_create_mesh_s_nodes_created,  @
fem_create_mesh_s_elems_created )
$# 1701 nodes and 1600 elements created for Surface 1.
$# === 1701 nodes created.  IDs  = 100:1800.
$# === 1600 elements created.  IDs  = 100:1699.
fem_associate_elems_to_ep( "2D_shell_1mm", fem_create_mesh_s_elems_created,  @
fem_create_mesh_surfa_num_elems )
$# 1600 Element(s) associated to the Element Property 2D_shell_1mm.
ga_view_center_set( 0.026207, 0.016836 )
ga_view_zoom_set( 0.757629 )
ga_view_center_set( 0.055333, 0.035777 )
ga_view_zoom_set( 0.852332 )
ga_view_center_set( 0.088100, 0.057085 )
ga_view_zoom_set( 0.958874 )
ga_view_center_set( 0.055735, 0.036179 )
ga_view_zoom_set( 0.852332 )
ga_view_center_set( 0.026967, 0.017595 )
ga_view_zoom_set( 0.757629 )
ga_view_center_set( 0.001395, 0.001077 )
ga_view_zoom_set( 0.673448 )
ga_view_center_set( -0.039520, -0.025353 )
ga_view_zoom_set( 0.538758 )
ga_view_center_set( -0.057705, -0.037100 )
ga_view_zoom_set( 0.478896 )
ga_view_center_set( -0.073869, -0.047541 )
ga_view_zoom_set( 0.425686 )
ga_view_center_set( -0.088237, -0.056822 )
ga_view_zoom_set( 0.378387 )
ga_view_center_set( -0.101008, -0.065072 )
ga_view_zoom_set( 0.336344 )
ga_view_aa_set( -69.585693, -3.891294, -19.795879 )
gm_visibility_widget( " Point 1:4 Curve 1:2 Surface 1", FALSE )
ga_view_center_set( -0.093631, -0.065866 )
ga_view_zoom_set( 0.378387 )
ga_view_center_set( -0.085332, -0.066758 )
ga_view_zoom_set( 0.425686 )
ga_view_center_set( -0.066658, -0.068766 )
ga_view_zoom_set( 0.532107 )
ga_view_center_set( -0.054986, -0.070021 )
ga_view_zoom_set( 0.598620 )
ga_view_center_set( -0.041856, -0.071433 )
ga_view_zoom_set( 0.673448 )
ga_view_center_set( -0.027085, -0.073339 )
ga_view_zoom_set( 0.757629 )
ga_view_aa_set( -73.914207, -0.682655, -1.143468 )
ga_view_center_set( -0.032644, -0.063491 )
ga_view_zoom_set( 0.673448 )
ga_view_center_set( -0.027720, -0.075245 )
ga_view_zoom_set( 0.757629 )
ga_view_center_set( -0.022181, -0.088468 )
ga_view_zoom_set( 0.852332 )
ga_view_center_set( -0.027720, -0.075245 )
ga_view_zoom_set( 0.757629 )
ga_view_center_set( -0.032644, -0.063492 )
ga_view_zoom_set( 0.673448 )
ga_view_center_set( -0.036738, -0.052480 )
ga_view_zoom_set( 0.598620 )
ga_view_aa_set( -29.512211, -10.256473, -7.089837 )
ga_view_aa_set( -32.024700, 3.396416, 1.283861 )
ga_view_center_set( -0.031342, -0.038675 )
ga_view_zoom_set( 0.532107 )
ga_view_center_set( -0.026545, -0.026181 )
ga_view_zoom_set( 0.472984 )
ga_view_center_set( -0.022678, -0.015075 )
ga_view_zoom_set( 0.420430 )
ga_view_center_set( -0.019064, -0.005380 )
ga_view_zoom_set( 0.373716 )
ga_view_aa_set( -46.959660, -0.633772, -1.664351 )
ga_view_aa_set( -57.096191, -3.042455, -7.231384 )
ga_view_center_set( -0.020739, -0.019482 )
ga_view_zoom_set( 0.420430 )
ga_view_center_set( -0.022623, -0.035347 )
ga_view_zoom_set( 0.472984 )
ga_view_center_set( -0.024743, -0.053196 )
ga_view_zoom_set( 0.532107 )
ga_view_center_set( -0.072632, 0.026620 )
ga_view_center_set( -0.089072, 0.021600 )
ga_view_zoom_set( 0.598620 )
ga_view_center_set( -0.107567, 0.015953 )
ga_view_zoom_set( 0.673448 )
ga_view_center_set( -0.089072, 0.021601 )
ga_view_zoom_set( 0.598620 )
ga_view_center_set( -0.072632, 0.026621 )
ga_view_zoom_set( 0.532107 )
ga_view_center_set( -0.058019, 0.031083 )
ga_view_zoom_set( 0.472984 )
ga_view_center_set( -0.034637, 0.038222 )
ga_view_zoom_set( 0.378387 )
ga_view_center_set( -0.024245, 0.041395 )
ga_view_zoom_set( 0.336344 )
ga_view_center_set( -0.015008, 0.044216 )
ga_view_zoom_set( 0.298973 )
ga_view_center_set( -0.006798, 0.046723 )
ga_view_zoom_set( 0.265753 )
ga_view_center_set( -0.012982, 0.049175 )
ga_view_zoom_set( 0.236225 )
ga_view_center_set( -0.018479, 0.051354 )
ga_view_zoom_set( 0.209978 )
ga_view_center_set( -0.023365, 0.053291 )
ga_view_zoom_set( 0.186647 )
ga_view_center_set( -0.026848, 0.055404 )
ga_view_zoom_set( 0.165909 )
ga_view_center_set( -0.032420, 0.058785 )
ga_view_zoom_set( 0.132727 )
ga_view_center_set( -0.034896, 0.060287 )
ga_view_zoom_set( 0.117979 )
ga_view_center_set( -0.036999, 0.061623 )
ga_view_zoom_set( 0.104871 )
ga_view_aa_set( -61.241997, -5.557125, -9.388932 )
ga_view_center_set( -0.035130, 0.062238 )
ga_view_zoom_set( 0.093218 )
ga_view_center_set( -0.033469, 0.062785 )
ga_view_zoom_set( 0.082861 )
ga_view_center_set( -0.031992, 0.063272 )
ga_view_zoom_set( 0.073654 )
ga_view_center_set( -0.033642, 0.063237 )
ga_view_zoom_set( 0.082861 )
ga_view_center_set( -0.037355, 0.063159 )
ga_view_zoom_set( 0.103576 )
ga_view_center_set( -0.039676, 0.063110 )
ga_view_zoom_set( 0.116523 )
ga_view_center_set( -0.042287, 0.063055 )
ga_view_zoom_set( 0.131088 )
ga_view_center_set( -0.045348, 0.063611 )
ga_view_zoom_set( 0.147474 )
ga_view_center_set( -0.052234, 0.064863 )
ga_view_zoom_set( 0.184343 )
ga_view_center_set( -0.056539, 0.065646 )
ga_view_zoom_set( 0.207386 )
ga_view_center_set( -0.061381, 0.066526 )
ga_view_zoom_set( 0.233309 )
ga_view_center_set( -0.066829, 0.067516 )
ga_view_zoom_set( 0.262473 )
ga_view_center_set( -0.072957, 0.068754 )
ga_view_zoom_set( 0.295282 )
ga_view_center_set( -0.079852, 0.070147 )
ga_view_zoom_set( 0.332192 )
ga_view_center_set( -0.087608, 0.071714 )
ga_view_zoom_set( 0.373716 )
ga_view_center_set( -0.096334, 0.073477 )
ga_view_zoom_set( 0.420430 )
ga_view_center_set( -0.106349, 0.075063 )
ga_view_zoom_set( 0.472984 )
ga_view_center_set( -0.117616, 0.076848 )
ga_view_zoom_set( 0.532107 )
ga_view_center_set( -0.130291, 0.078103 )
ga_view_zoom_set( 0.598620 )
ga_view_center_set( -0.273960, 0.000282 )
ga_view_aa_set( -84.428444, -2.147583, 19.390640 )
mesh_seed_display_mgr.erase(  )
verify_boundaries_display_mgr.initialize(  )
$# Acknowledgement requested from application FEM Verify
$#     At this time, the test for ASPECT and JACOBIAN values are not 
$# available for the MSC.Nastran preference.  Using the MSC.Patran tests.
$? NO 11111 
ga_view_aa_set( -50.402077, -1.565666, 20.204321 )
ga_view_aa_set( -43.769218, -2.542316, -13.208839 )
ga_view_aa_set( -78.582413, -6.928100, -22.086561 )
ga_view_aa_set( -58.316280, -1.732470, -6.978217 )
gm_visibility_widget( " Node 100:1800 Element 100:1699", FALSE )
gm_visibility_widget( " Point 1:4 Curve 1:2 Surface 1", TRUE )
gm_visibility_widget( " Node 100:1800 Element 100:1699", TRUE )
gm_visibility_widget( " Point 1:4 Curve 1:2 Surface 1", FALSE )
verify_boundaries_display_mgr.initialize(  )
verify_boundaries_display_mgr.plot( "Free_Edges" )
ga_view_aa_set( -53.692554, -8.360685, -20.557728 )
verify_boundaries_display_mgr.erase(  )
ga_view_center_set( 0.012743, 0.011394 )
ga_view_zoom_set( 0.715116 )
ga_view_center_set( 0.027079, 0.024212 )
ga_view_zoom_set( 0.804506 )
ga_view_center_set( 0.043208, 0.038632 )
ga_view_zoom_set( 0.905069 )
ga_view_center_set( 0.027079, 0.024212 )
ga_view_zoom_set( 0.804506 )
ga_view_center_set( 0.012743, 0.011394 )
ga_view_zoom_set( 0.715116 )
ga_view_center_set( 0.000000, -0.000000 )
ga_view_zoom_set( 0.635659 )
ga_view_center_set( -0.011327, -0.010128 )
ga_view_zoom_set( 0.565030 )
ga_view_center_set( -0.021396, -0.019131 )
ga_view_zoom_set( 0.502249 )
ga_view_center_set( -0.029714, -0.026712 )
ga_view_zoom_set( 0.446443 )
ga_view_center_set( -0.037108, -0.033450 )
ga_view_zoom_set( 0.396839 )
ga_view_center_set( -0.043680, -0.039440 )
ga_view_zoom_set( 0.352745 )
ga_view_center_set( -0.056409, -0.048259 )
ga_view_zoom_set( 0.396839 )
ga_view_center_set( -0.070729, -0.058180 )
ga_view_zoom_set( 0.446443 )
ga_view_center_set( -0.085996, -0.068288 )
ga_view_zoom_set( 0.502249 )
ga_view_center_set( -0.103172, -0.079660 )
ga_view_zoom_set( 0.565030 )
ga_view_center_set( -0.114473, 0.027696 )
ga_view_center_set( -0.091848, 0.034092 )
ga_view_zoom_set( 0.502249 )
ga_view_center_set( -0.115657, 0.021536 )
ga_view_zoom_set( 0.565030 )
REAL fem_equiv_all_x_equivtol_ab
INTEGER fem_equiv_all_x_segment
fem_equiv_all_group4( [" "], 0, "", 1, 1, 4.9999999E-06, FALSE,  @
fem_equiv_all_x_equivtol_ab, fem_equiv_all_x_segment )
$# Realigning database with new node numbers...
$# Database realignment completed.
$# Geometric equivalencing completed. 81 nodes deleted.
verify_boundaries_display_mgr.initialize(  )
verify_boundaries_display_mgr.plot( "Free_Edges" )
uil_primary_file.db_save(  )
verify_boundaries_display_mgr.erase(  )
verify_normals_display_mgr.initialize(  )
LOGICAL fem_verify_no_elems_color_coded
LOGICAL fem_verify_norm_vectors_plotted
verify_element_normals( FALSE, FALSE, "", fem_verify_no_elems_color_coded,  @
fem_verify_norm_vectors_plotted )
ga_view_aa_set( -47.854492, -3.075211, -29.902803 )
ga_view_aa_set( -46.091923, -7.089432, -16.740551 )
verify_normals_display_mgr.erase( FALSE, TRUE )
display_cleanup(  )
uil_toolbar.shaded_smooth(  )
gm_visibility_widget( " Point 1:4 Curve 1:2 Surface 1", TRUE )
gm_visibility_widget( " Point 1:4 Curve 1:2 Surface 1", FALSE )
ga_view_aa_set( -84.098663, -7.709435, 3.121540 )
ga_view_aa_set( -90., 0., 0. )
uil_primary_file.db_save(  )
ga_view_aa_set( -59.012005, -0.587600, -3.934061 )
mesh_seed_display_mgr.erase(  )
gm_visibility_widget( " Point 1:4 Curve 1:2 Surface 1", TRUE )
cf_rbe_spider.create_mpc_spider( 1, 11, "RBE2", ["0", "0"], "Node 100:119 ", [ @
"UX,UY,UZ,RX,RY,RZ", ""], 3, "[0.,0.,0.]", FALSE )
$# === 1 node created.  ID = 1.
$# MPC 11 created.
ga_view_aa_set( -56.721176, -2.652419, -19.553146 )
cf_rbe_spider.create_mpc_spider( 2, 12, "RBE2", ["0", "0"], "Node 1780:1799 ", @
 ["UX,UY,UZ,RX,RY,RZ", ""], 3, "[0.,0.,1.]", FALSE )
$# === 1 node created.  ID = 2.
$# MPC 12 created.
ga_view_aa_set( -16.709217, 1.968168, -12.704374 )
ga_view_center_set( 0.001202, 0.020838 )
ga_view_zoom_set( 0.566362 )
ga_view_center_set( 0.002271, 0.039360 )
ga_view_zoom_set( 0.503433 )
ga_view_center_set( 0.003221, 0.055825 )
ga_view_zoom_set( 0.447496 )
ga_view_center_set( 0.003877, 0.070084 )
ga_view_zoom_set( 0.397774 )
ga_view_center_set( 0.004294, 0.082426 )
ga_view_zoom_set( 0.353577 )
ga_view_center_set( 0.004962, 0.102173 )
ga_view_zoom_set( 0.282862 )
ga_view_center_set( 0.004902, 0.108577 )
ga_view_zoom_set( 0.251433 )
ga_view_center_set( 0.004618, 0.118255 )
ga_view_zoom_set( 0.201146 )
ga_view_center_set( 0.004491, 0.122556 )
ga_view_zoom_set( 0.178797 )
ga_view_aa_set( -64.739441, -4.842096, -15.598875 )
ga_view_center_set( -0.002045, 0.125086 )
ga_view_zoom_set( 0.201146 )
ga_view_center_set( -0.016752, 0.130779 )
ga_view_zoom_set( 0.251433 )
ga_view_center_set( -0.025943, 0.134337 )
ga_view_zoom_set( 0.282862 )
ga_view_center_set( -0.036284, 0.138340 )
ga_view_zoom_set( 0.318219 )
ga_view_center_set( -0.058949, 0.145545 )
ga_view_zoom_set( 0.397774 )
ga_view_center_set( -0.073115, 0.150048 )
ga_view_zoom_set( 0.447496 )
ga_view_center_set( -0.088841, 0.155114 )
ga_view_zoom_set( 0.503433 )
gm_visibility_widget( " Point 1:4 Curve 1:2 Surface 1", FALSE )
gm_visibility_widget( " Point 1:4 Curve 1:2 Surface 1", TRUE )
gm_visibility_widget( " Point 1:4 Curve 1:2 Surface 1", FALSE )
ga_view_center_set( -0.096559, 0.143240 )
ga_view_zoom_set( 0.566362 )
ga_view_center_set( -0.105241, 0.130417 )
ga_view_zoom_set( 0.637158 )
ga_view_center_set( -0.115009, 0.115991 )
ga_view_zoom_set( 0.716802 )
ga_view_center_set( -0.105241, 0.131318 )
ga_view_zoom_set( 0.637158 )
ga_view_center_set( -0.096559, 0.144943 )
ga_view_zoom_set( 0.566362 )
ga_view_center_set( -0.082667, 0.166743 )
ga_view_zoom_set( 0.453090 )
ga_view_center_set( -0.078962, 0.176051 )
ga_view_zoom_set( 0.402746 )
ga_view_center_set( -0.073035, 0.190945 )
ga_view_zoom_set( 0.322197 )
ga_view_center_set( -0.070401, 0.197565 )
ga_view_zoom_set( 0.286398 )
ga_view_center_set( -0.068179, 0.203689 )
ga_view_zoom_set( 0.254576 )
ga_view_center_set( -0.066204, 0.209133 )
ga_view_zoom_set( 0.226289 )
ga_view_center_set( -0.064449, 0.213971 )
ga_view_zoom_set( 0.201146 )
ga_view_center_set( -0.061641, 0.221713 )
ga_view_zoom_set( 0.160917 )
ga_view_center_set( -0.063045, 0.218753 )
ga_view_zoom_set( 0.181032 )
ga_view_center_set( -0.064625, 0.215423 )
ga_view_zoom_set( 0.203660 )
ga_view_center_set( -0.066402, 0.211676 )
ga_view_zoom_set( 0.229118 )
ga_view_center_set( -0.068617, 0.208974 )
ga_view_zoom_set( 0.257758 )
ga_view_center_set( -0.071110, 0.205934 )
ga_view_zoom_set( 0.289977 )
ga_view_center_set( -0.073914, 0.202104 )
ga_view_zoom_set( 0.326225 )
ga_view_center_set( -0.077068, 0.197796 )
ga_view_zoom_set( 0.367003 )
ga_view_center_set( -0.080617, 0.192948 )
ga_view_zoom_set( 0.412878 )
ga_view_center_set( -0.084415, 0.187495 )
ga_view_zoom_set( 0.464488 )
ga_view_center_set( -0.088687, 0.181360 )
ga_view_zoom_set( 0.522549 )
ga_view_aa_set( -90., 0., 0. )
ga_view_center_set( -0.068202, 0.189905 )
ga_view_zoom_set( 0.464488 )
ga_view_center_set( -0.049992, 0.197501 )
ga_view_zoom_set( 0.412878 )
ga_view_center_set( -0.033806, 0.204252 )
ga_view_zoom_set( 0.367003 )
ga_view_center_set( -0.049473, 0.198539 )
ga_view_zoom_set( 0.412878 )
ga_view_center_set( -0.067098, 0.191723 )
ga_view_zoom_set( 0.464488 )
ga_view_center_set( -0.086707, 0.182959 )
ga_view_zoom_set( 0.522549 )
ga_view_center_set( -0.106796, 0.179015 )
ga_view_zoom_set( 0.587867 )
ga_view_center_set( -0.129395, 0.174579 )
ga_view_zoom_set( 0.661351 )
ga_view_center_set( -0.154820, 0.169587 )
ga_view_zoom_set( 0.744020 )
ga_view_center_set( -0.183422, 0.163972 )
ga_view_zoom_set( 0.837022 )
ga_view_center_set( -0.215206, 0.188846 )
ga_view_zoom_set( 0.941650 )
ga_view_aa_set( -54.972115, -1.422312, 0.530943 )
ga_view_center_set( -0.187766, 0.165156 )
ga_view_zoom_set( 0.837022 )
ga_view_center_set( -0.163375, 0.143397 )
ga_view_zoom_set( 0.744020 )
ga_view_center_set( -0.141693, 0.124056 )
ga_view_zoom_set( 0.661351 )
ga_view_center_set( -0.122421, 0.106864 )
ga_view_zoom_set( 0.587867 )
ga_view_center_set( -0.104785, 0.018683 )
uil_primary_file.db_save(  )
