$# Creating journal file C:\Users\diego\Dropbox\Academic\MEng Space 
$# Systems\2. EUE - Estructuras de Uso Espacial\Patran 
$# files\3.Nastran.Buckling\Buckling_cylinder.db.jou at 30-Mar-21 14:58:02
uil_file_rebuild.start("C:\Program Files\MSC.Software\NaPa_SE\2020\Patran/" // @
"template.db","C:\Users\diego\Dropbox\Academic\MEng Space Systems\2. EUE -" // @
" Estructuras de Uso Espacial\Patran files\3.Nastran.Buckling\Buckling_cyl" // @
"inder.db")
$# Synchronizing the User Data Manager
set_current_dir( "C:\Users\diego\Dropbox\Academic\MEng Space Systems\2. EU" // @
"E - Estructuras de Uso Espacial\Patran files\3.Nastran.Buckling" )
$# The current working directory has been changed to the database location 
$# shown.                                                                     
$#                                                                            
$#                                   
db_set_pref( 303, 3, 0, FALSE, 4.9999999E-06, "" )
STRING asm_create_grid_xyz_created_ids[VIRTUAL]
asm_const_grid_xyz( "1", "[0 0 0]", "Coord 0", asm_create_grid_xyz_created_ids )
$# 1 Point created: Point 1
asm_const_grid_xyz( "2", "[0 0 1]", "Coord 0", asm_create_grid_xyz_created_ids )
$# 1 Point created: Point 2
point_size( 9 )
ga_view_center_set( 0.000000, 0.000000 )
ga_view_zoom_set( 0.000019 )
ga_view_center_set( 0.000000, 0.000001 )
ga_view_zoom_set( 0.000022 )
ga_view_center_set( 0.000000, 0.000000 )
ga_view_zoom_set( 0.000019 )
ga_view_center_set( -0.000000, 0.000000 )
ga_view_zoom_set( 0.000017 )
ga_view_center_set( -0.000000, -0.000000 )
ga_view_zoom_set( 0.000015 )
ga_view_center_set( -0.000000, -0.000001 )
ga_view_zoom_set( 0.000013 )
ga_view_center_set( -0.000000, -0.000001 )
ga_view_zoom_set( 0.000012 )
ga_view_center_set( -0.000000, -0.000001 )
ga_view_zoom_set( 0.000011 )
ga_view_center_set( -0.000000, -0.000001 )
ga_view_zoom_set( 0.000009 )
ga_view_center_set( -0.000000, -0.000001 )
ga_view_zoom_set( 0.000008 )
ga_view_center_set( -0.000001, -0.000001 )
ga_view_zoom_set( 0.000007 )
ga_view_center_set( -0.000001, -0.000001 )
ga_view_zoom_set( 0.000007 )
ga_view_center_set( -0.000001, -0.000001 )
ga_view_zoom_set( 0.000007 )
ga_view_center_set( -0.000000, -0.000001 )
ga_view_zoom_set( 0.000008 )
ga_view_center_set( -0.000000, -0.000001 )
ga_view_zoom_set( 0.000009 )
ga_view_center_set( -0.000000, -0.000001 )
ga_view_zoom_set( 0.000011 )
ga_view_center_set( -0.000000, -0.000001 )
ga_view_zoom_set( 0.000012 )
ga_view_center_set( -0.000000, -0.000001 )
ga_view_zoom_set( 0.000011 )
ga_view_center_set( -0.000000, -0.000001 )
ga_view_zoom_set( 0.000009 )
ga_view_center_set( -0.000000, -0.000001 )
ga_view_zoom_set( 0.000008 )
ga_view_center_set( -0.000001, -0.000001 )
ga_view_zoom_set( 0.000007 )
ga_view_center_set( -0.000001, -0.000001 )
ga_view_zoom_set( 0.000007 )
ga_view_center_set( -0.000001, -0.000001 )
ga_view_zoom_set( 0.000006 )
ga_view_aa_set( -52.070671, 3.443258, 1.913571 )
ga_view_aa_set( -43.883057, -10.074265, -14.166118 )
uil_toolbar.model_center(  )
gu_fit_view(  )
ga_view_aa_set( 0., 0., 0. )
uil_toolbar.model_center(  )
gu_fit_view(  )
ga_view_aa_set( 180., -90., 180. )
ga_view_aa_set( 23., -34., 0. )
ga_view_aa_set( 0., 180., 0. )
ga_view_aa_set( 90., 0., 0. )
ga_view_aa_set( 23., 56., 0. )
ga_view_aa_set( -67., 0., -34. )
ga_view_aa_set( 157., 34, -180. )
ga_view_aa_set( 180., 90., 180. )
ga_view_aa_set( 0., 0., 0. )
ga_view_aa_set( 180., -90., 180. )
ga_view_aa_set( 23., -34., 0. )
ga_view_aa_set( 0., 180., 0. )
ga_view_aa_set( 90., 0., 0. )
ga_view_aa_set( 23., 56., 0. )
ga_view_aa_set( -67., 0., -34. )
ga_view_aa_set( -90., 0., 0. )
ga_view_center_set( -0.000001, 0.000001 )
ga_view_zoom_set( 0.000015 )
ga_view_center_set( -0.000002, 0.000001 )
ga_view_zoom_set( 0.000013 )
ga_view_center_set( -0.000002, 0.000002 )
ga_view_zoom_set( 0.000012 )
ga_view_center_set( -0.000003, 0.000002 )
ga_view_zoom_set( 0.000011 )
uil_toolbar.model_center(  )
gu_fit_view(  )
uil_primary_file.db_save(  )
